03-11 10:01:16.085 D/MARs:OngoingNotiPackageFilter( 1441): filter(NotiListener) : com.huawei.health(0)
03-11 10:01:16.085 D/MARs:OngoingNotiPackageFilter( 1441): filter(NotiListener) : com.samsung.android.game.gamehome(0)
03-11 10:01:16.086 I/ChimeraAggressivePolicyHandler( 1441): Start doKill, protected policy: NORMAL
03-11 10:01:16.088 I/ChimeraAggressivePolicyHandler( 1441): kill complete: killed 0 apps, freed 0 KB
03-11 10:01:16.088 I/ChimeraAggressivePolicyHandler( 1441): Start doKill, protected policy: HEAVY
03-11 10:01:16.089 I/ChimeraAggressivePolicyHandler( 1441): kill complete: killed 0 apps, freed 0 KB
03-11 10:01:16.089 I/ChimeraAggressivePolicyHandler( 1441): Skipped reason: LR, pids: 23729 26709 20604 
03-11 10:01:16.089 I/ChimeraAggressivePolicyHandler( 1441): Skipped reason: CA, pids: 3040 3758 
03-11 10:01:16.089 I/ChimeraAggressivePolicyHandler( 1441): Skipped reason: PE, pids: 31046 5832 31817 30220 2574 29904 2841 2844 2396 31072 2849 2852 17060 32100 5032 28265 2352 2417 32305 5106 31733 5110 31930 
03-11 10:01:16.089 I/ChimeraAggressivePolicyHandler( 1441): Skipped reason: CA, pids: 31511 
03-11 10:01:16.089 I/ChimeraAggressivePolicyHandler( 1441): Skipped reason: SE, pids: 27717 32455 13324 4109 561 32413 
03-11 10:01:16.089 I/ChimeraAggressivePolicyHandler( 1441): Skipped reason: AD, pids: 31941 29765 31625 1615 3601 31763 30037 31896 29788 29727 12834 31906 31722 29996 30126 32051 3641 4668 29695 
03-11 10:01:16.089 I/ChimeraAggressivePolicyHandler( 1441): Processing time(ms) 31
03-11 10:01:16.090 D/MediaRouter(20604): onRestoreRoute() : route=RouteInfo{ name=PFI200P, description=Bluetooth audio, status=null, category=RouteCategory{ name=System types=ROUTE_TYPE_LIVE_AUDIO ROUTE_TYPE_LIVE_VIDEO  groupable=false }, supportedTypes=ROUTE_TYPE_LIVE_AUDIO , presentationDisplay=null }
03-11 10:01:16.090 V/MediaRouter(20604): Selecting route: RouteInfo{ name=PFI200P, description=Bluetooth audio, status=null, category=RouteCategory{ name=System types=ROUTE_TYPE_LIVE_AUDIO ROUTE_TYPE_LIVE_VIDEO  groupable=false }, supportedTypes=ROUTE_TYPE_LIVE_AUDIO , presentationDisplay=null }
03-11 10:01:16.104 D/AS.SoundAliveUtils( 1441): notify dvfs state : 2, screen : true
03-11 10:01:16.115 D/CompatibilityChangeReporter( 1441): Compat change id reported: 135634846; UID 10111; state: DISABLED
03-11 10:01:16.115 D/CompatibilityChangeReporter( 1441): Compat change id reported: 177438394; UID 10111; state: DISABLED
03-11 10:01:16.116 D/CompatibilityChangeReporter( 1441): Compat change id reported: 135772972; UID 10111; state: DISABLED
03-11 10:01:16.116 D/CompatibilityChangeReporter( 1441): Compat change id reported: 135754954; UID 10111; state: ENABLED
03-11 10:01:16.117 D/CompatibilityChangeReporter( 1441): Compat change id reported: 143937733; UID 10111; state: ENABLED
03-11 10:01:16.127 D/Zygote  (  876): Forked child process 4454
03-11 10:01:16.128 V/APM_AudioPolicyManager( 1127): getOutputForAttrInt() attributes={ Content type: AUDIO_CONTENT_TYPE_MUSIC Usage: AUDIO_USAGE_MEDIA Source: AUDIO_SOURCE_INVALID Flags: 0xa00 Tags:  } stream=AUDIO_STREAM_MUSIC session 99617 selectedDeviceId 0
03-11 10:01:16.128 I/ActivityManager( 1441): Start proc 4454:com.sec.android.app.soundalive/u0a111 for content provider {com.sec.android.app.soundalive/com.sec.android.app.soundalive.compatibility.SAContentProvider}
03-11 10:01:16.143 I/APM_AudioPolicyManager( 1127): selectOutputFlags: remove ULL flag for dolby
03-11 10:01:16.145 V/APM_AudioPolicyManager( 1127): getOutputForAttrInt() device {AUDIO_DEVICE_OUT_BLUETOOTH_A2DP, @:SUPPRESSED}, sampling rate 44100, format 0x5, channel mask 0x3, flags 0x8 stream AUDIO_STREAM_MUSIC
03-11 10:01:16.147 V/APM_AudioPolicyManager( 1127): selectOutput new bestOutput 1013 criteria 0 100 0 0 0 0 2 0 
03-11 10:01:16.147 V/APM_AudioPolicyManager( 1127): getOutputForAttrInt returns output 1013 selectedDeviceId 12448
03-11 10:01:16.148 V/APM_AudioPolicyManager( 1127): getOutputForAttr() returns output 1013 requestedPortId 0 selectedDeviceId 12448 for port ID 12605
03-11 10:01:16.151 I/AudioFlinger( 1127): nonSecFlag 8, secFlag 0, outputFlags 0
03-11 10:01:16.151 W/AudioFlinger( 1127): createTrack_l(): mismatch between requested flags (00000008) and output flags (00000000)
03-11 10:01:16.161 D/AudioFlinger( 1127): Client defaulted notificationFrames to 14700 for frameCount 44100
03-11 10:01:16.169 D/AF::TrackHandle( 1127): OpPlayAudio: track:11947 usage:1 not muted
03-11 10:01:16.169 I/bauth_FPBAuthService( 1505): pcf : 0x1012, 0 ,2 ,0 ,0 ,0 ,2, 8.0.0.3
03-11 10:01:16.169 I/bauth_FPBAuthService( 1505): thread id : 2, preenroll_flag : 0, nd cnt : 1, cso : 2, et : 0
03-11 10:01:16.169 I/bauth_FPBAuthService( 1505): FPBAuthService, 11458
03-11 10:01:16.176 I/AF::Track( 1127): setMixerOutConfig return default condition, mixer key 2001, thread key 201
03-11 10:01:16.187 I/android.hardware.health@2.1-service-samsung(  979): updateLrpSysfs: write: 351
03-11 10:01:16.188 D/AudioTrack(20604): setVolume(1.000000, 1.000000) pid : 20604
03-11 10:01:16.194 I/.app.soundalive( 4454): Using CollectorTypeCC GC.
03-11 10:01:16.195 D/AudioFlinger( 1127): ro.audio.silent is ignored since no output device is set
03-11 10:01:16.195 D/AudioFlinger( 1127): ro.audio.silent is ignored since no output device is set
03-11 10:01:16.196 D/AudioFlinger( 1127): ro.audio.silent is ignored since no output device is set
03-11 10:01:16.198 D/AudioFlinger( 1127): ro.audio.silent is ignored since no output device is set
03-11 10:01:16.199 D/AudioPlayerStateMonitor( 1441): Found a new active media playback. AudioPlaybackConfiguration piid:104007 deviceId:0 type:android.media.AudioTrack u/pid:10423/20604 state:started attr:AudioAttributes: usage=USAGE_MEDIA content=CONTENT_TYPE_MUSIC flags=0xA00 tags= bundle=null sessionId:99617 mutedState:none  FormatInfo{isSpatialized=false, channelMask=0x0, sampleRate=0}
03-11 10:01:16.200 E/.app.soundalive( 4454): Not starting debugger since process cannot load the jdwp agent.
03-11 10:01:16.200 D/CompatibilityChangeReporter( 1441): Compat change id reported: 171306433; UID 1000; state: ENABLED
03-11 10:01:16.200 D/CompatibilityChangeReporter( 1441): Compat change id reported: 218533173; UID 1000; state: ENABLED
03-11 10:01:16.200 D/AudioFlinger( 1127): ro.audio.silent is ignored since no output device is set
03-11 10:01:16.200 D/AudioFlinger( 1127): ro.audio.silent is ignored since no output device is set
03-11 10:01:16.208 I/AF::Track( 1127): setMixerOutConfig return default condition, mixer key 2001, thread key 201
03-11 10:01:16.208 I/AudioPolicyEffectException( 1127): MySpaceHandler::checkDetachCondition media 1, ring 0, mp 0
03-11 10:01:16.208 I/AudioPolicyEffectException( 1127): MySpace detach value 1
03-11 10:01:16.208 V/APM_AudioPolicyManager( 1127): startOutput portId 12605
03-11 10:01:16.208 V/APM_AudioPolicyManager( 1127): startOutput() output 1013, stream 3, session 99617
03-11 10:01:16.209 V/APM_AudioPolicyManager( 1127): setBeaconMute(1) mBeaconMuteRefCount=38 mBeaconPlayingRefCount=0
03-11 10:01:16.209 D/MediaRouter(20604): onRestoreRoute() : route=RouteInfo{ name=PFI200P, description=Bluetooth audio, status=null, category=RouteCategory{ name=System types=ROUTE_TYPE_LIVE_AUDIO ROUTE_TYPE_LIVE_VIDEO  groupable=false }, supportedTypes=ROUTE_TYPE_LIVE_AUDIO , presentationDisplay=null }
03-11 10:01:16.209 D/ActivityThread( 4454): setConscryptValidator
03-11 10:01:16.210 V/MediaRouter(20604): Selecting route: RouteInfo{ name=PFI200P, description=Bluetooth audio, status=null, category=RouteCategory{ name=System types=ROUTE_TYPE_LIVE_AUDIO ROUTE_TYPE_LIVE_VIDEO  groupable=false }, supportedTypes=ROUTE_TYPE_LIVE_AUDIO , presentationDisplay=null }
03-11 10:01:16.210 D/ActivityThread( 4454): setConscryptValidator - put
03-11 10:01:16.210 D/APM_AudioPolicyManager( 1127): startSource appDevices 0x80
03-11 10:01:16.210 V/APM_AudioPolicyManager( 1127): selectOutputForMusicEffects activeOnly 1 output 1013 flags 0x00000000
03-11 10:01:16.210 V/APM_AudioPolicyManager( 1127): selectOutputForMusicEffects selected output 1013
03-11 10:01:16.210 V/APM_AudioPolicyManager( 1127): setOutputDevices device {AUDIO_DEVICE_OUT_BLUETOOTH_A2DP, @:SUPPRESSED} delayMs 0
03-11 10:01:16.210 V/APM_AudioPolicyManager( 1127): setOutputDevices() prevDevice {AUDIO_DEVICE_OUT_BLUETOOTH_A2DP, @:SUPPRESSED}
03-11 10:01:16.212 V/APM_AudioPolicyManager( 1127): setOutputDevices setting same device {AUDIO_DEVICE_OUT_BLUETOOTH_A2DP, @:SUPPRESSED} or null device, force=0, patch handle=12452
03-11 10:01:16.213 V/APM_AudioPolicyManager( 1127): checkAndSetVolume: output 1013, stream 3, index 15, devices 0x80, volume 1.000000
03-11 10:01:16.219 V/GraphicsEnvironment( 4435): Currently set values for:
03-11 10:01:16.220 V/GraphicsEnvironment( 4435):   angle_gl_driver_selection_pkgs=[]
03-11 10:01:16.220 V/GraphicsEnvironment( 4435):   angle_gl_driver_selection_values=[]
03-11 10:01:16.220 V/GraphicsEnvironment( 4435): ANGLE GameManagerService for com.google.android.gms: false
03-11 10:01:16.220 V/GraphicsEnvironment( 4435): com.google.android.gms is not listed in per-application setting
03-11 10:01:16.220 D/CompatibilityChangeReporter( 1441): Compat change id reported: 168419799; UID 10111; state: DISABLED
03-11 10:01:16.220 V/GraphicsEnvironment( 4435): Neither updatable production driver nor prerelease driver is supported.
03-11 10:01:16.221 D/CompatibilityChangeReporter( 1441): Compat change id reported: 273564678; UID 10111; state: DISABLED
03-11 10:01:16.224 I/AudioFlinger( 1127): updateStageIndex new -101302
03-11 10:01:16.224 D/audioserver( 1127): FGS Logger Transaction failed
03-11 10:01:16.224 D/audioserver( 1127): -129
03-11 10:01:16.229 I/ActivityManager( 1441): Changes in 10111 20 to 5, 0 to 56
03-11 10:01:16.232 D/CompatibilityChangeReporter( 1441): Compat change id reported: 265195908; UID 10111; state: ENABLED
03-11 10:01:16.237 D/HidDeviceService(22660): handleMessage(): msg.what=8
03-11 10:01:16.238 W/AS.AudioService( 1441): couldn't find receiver package for effect intent
03-11 10:01:16.238 I/BTAudioProviderSession_2_1(  950): UpdateTracksMetadata - SehSessionType=A2DP_SOFTWARE_ENCODING_DATAPATH, 2 track(s)
03-11 10:01:16.242 D/CompatibilityChangeReporter( 4454): Compat change id reported: 171979766; UID 10111; state: ENABLED
03-11 10:01:16.242 D/CompatibilityChangeReporter( 4454): Compat change id reported: 242716250; UID 10111; state: ENABLED
03-11 10:01:16.246 D/CompatibilityChangeReporter( 1441): Compat change id reported: 170503758; UID 10111; state: ENABLED
03-11 10:01:16.248 I/bt_stack(22660): [INFO:client_interface_hidl.cc(152)] sehUpdateMetadata: 2 track(s)
03-11 10:01:16.249 W/bt_stack(22660): [WARNING:client_interface_hidl.cc(857)] ReadAudioData: 1252/1764 no data 10 ms
03-11 10:01:16.249 W/bt_btif_a2dp_source(22660): packages/modules/Bluetooth/system/btif/src/btif_a2dp_source.cc:1325 btif_a2dp_source_read_callback: btif_a2dp_source_read_callback: UNDERFLOW: ONLY READ 512 BYTES OUT OF 1764
03-11 10:01:16.249 E/bt_stack(22660): [ERROR:repeating_timer.cc(172)] RunTask: Periodic task execution took 14388 microseconds, longer than interval 10000 microseconds
03-11 10:01:16.256 D/SemWifiUsabilityStatsMonitor( 1441): onWifiUsabilityStats - seqNum 77850, isSameBssidAndFreq true
03-11 10:01:16.257 I/SemWifiLinkQualityMonitor( 1441): Link stat: 2948 / 135 / 1.09 (493) / 325 / -59.0 || 100.0 : 325.00 / 0.5 : 0.92 / 0.55 : 0.05 / G (G) || 0.10 ms / 79.94 Mbps / N || 0 / N / 0 N / 0 Y
03-11 10:01:16.265 W/bt_stack(22660): [WARNING:client_interface_hidl.cc(857)] ReadAudioData: 1764/1764 no data 10 ms
03-11 10:01:16.265 W/bt_btif_a2dp_source(22660): packages/modules/Bluetooth/system/btif/src/btif_a2dp_source.cc:1325 btif_a2dp_source_read_callback: btif_a2dp_source_read_callback: UNDERFLOW: ONLY READ 0 BYTES OUT OF 1764
03-11 10:01:16.265 E/bt_stack(22660): [ERROR:repeating_timer.cc(172)] RunTask: Periodic task execution took 10874 microseconds, longer than interval 10000 microseconds
03-11 10:01:16.271 D/StatusBarIconController( 2417): ignoring old pipeline callbacks, because the new mobile icons are enabled
03-11 10:01:16.276 W/bt_stack(22660): [WARNING:client_interface_hidl.cc(857)] ReadAudioData: 4096/4096 no data 10 ms
03-11 10:01:16.276 W/bt_btif_a2dp_source(22660): packages/modules/Bluetooth/system/btif/src/btif_a2dp_source.cc:1325 btif_a2dp_source_read_callback: btif_a2dp_source_read_callback: UNDERFLOW: ONLY READ 0 BYTES OUT OF 4096
03-11 10:01:16.277 W/a2dp_aac_encoder(22660): packages/modules/Bluetooth/system/stack/a2dp/a2dp_aac_encoder.cc:837 a2dp_aac_encode_frames: a2dp_aac_encode_frames: underflow 1
03-11 10:01:16.277 E/bt_stack(22660): [ERROR:repeating_timer.cc(172)] RunTask: Periodic task execution took 11409 microseconds, longer than interval 10000 microseconds
03-11 10:01:16.278 I/BTAudioProviderSession_2_1(  950): UpdateTracksMetadata - SehSessionType=A2DP_SOFTWARE_ENCODING_DATAPATH, 2 track(s)
03-11 10:01:16.279 I/bt_stack(22660): [INFO:client_interface_hidl.cc(152)] sehUpdateMetadata: 2 track(s)
03-11 10:01:16.289 E/bt_stack(22660): [ERROR:repeating_timer.cc(172)] RunTask: Periodic task execution took 11886 microseconds, longer than interval 10000 microseconds
03-11 10:01:16.301 E/bt_stack(22660): [ERROR:repeating_timer.cc(172)] RunTask: Periodic task execution took 11549 microseconds, longer than interval 10000 microseconds
03-11 10:01:16.318 D/audioserver( 1127): FGS Logger Transaction failed
03-11 10:01:16.318 D/audioserver( 1127): -129
03-11 10:01:16.319 I/CapsuleProvider_1.0.23( 4454): onCreate
03-11 10:01:16.319 V/APM_AudioPolicyManager( 1127): stopOutput portId 12604
03-11 10:01:16.319 V/APM_AudioPolicyManager( 1127): stopOutput() output 1013, stream 3, session 99617
03-11 10:01:16.319 V/APM_AudioPolicyManager( 1127): setBeaconMute(1) mBeaconMuteRefCount=37 mBeaconPlayingRefCount=0
03-11 10:01:16.320 I/BTAudioProviderSession_2_1(  950): UpdateTracksMetadata - SehSessionType=A2DP_SOFTWARE_ENCODING_DATAPATH, 1 track(s)
03-11 10:01:16.320 V/APM_AudioPolicyManager( 1127): selectOutputForMusicEffects activeOnly 1 output 1013 flags 0x00000000
03-11 10:01:16.320 V/APM_AudioPolicyManager( 1127): selectOutputForMusicEffects selected output 1013
03-11 10:01:16.320 I/bt_stack(22660): [INFO:client_interface_hidl.cc(152)] sehUpdateMetadata: 1 track(s)
03-11 10:01:16.321 V/APM_AudioPolicyManager( 1127): releaseOutput portId 12604
03-11 10:01:16.321 V/APM_AudioPolicyManager( 1127): releaseOutput() 1013
03-11 10:01:16.325 I/RoutineActionProvider( 4454): onCreate() : application context is null, so use context of this
03-11 10:01:16.332 D/audioserver( 1127): FGS Logger Transaction failed
03-11 10:01:16.332 D/audioserver( 1127): -129
03-11 10:01:16.336 I/android.hardware.health@2.1-service-samsung(  979): updateLrpSysfs: write: 351
03-11 10:01:16.343 I/SoundAliveApplication( 4454): onCreate()
03-11 10:01:16.344 I/PreferencesManager( 4454): getInstance() : user unlocked is true
03-11 10:01:16.348 I/PreferencesManager( 4454): getInstance() : preferences is moved to decrypted storage
03-11 10:01:16.349 I/PreferencesManager( 4454): PreferencesManager() : user unlocked is true
03-11 10:01:16.349 I/PreferencesManager( 4454): create() : preferences manager has created successfully
03-11 10:01:16.349 I/SoundAliveApplication( 4454): onCreate() : creating preferences is done
03-11 10:01:16.350 I/SAContentProvider( 4454):  getType() : screen on is true
03-11 10:01:16.351 I/FeatureManager( 4454): FeatureManager() : soundalive features are eq_custom,uhq_onoff,adapt,karaoke,dvfs_30_percent
03-11 10:01:16.351 I/DVFSHelper( 4454): getHintIDFromDVFSType() : dvfs type is 30 percent
03-11 10:01:16.356 D/CompatibilityChangeReporter( 1441): Compat change id reported: 161145287; UID 10111; state: ENABLED
03-11 10:01:16.357 I/AudioManagerWrapper( 4454): registerAudioDeviceCallback() : AudioDeviceCallback has registered successfully
03-11 10:01:16.357 I/SoundAliveApplication( 4454): onCreate() : registering audio device callback is done
03-11 10:01:16.361 I/AudioPathManager( 4454): isAudioPathChanged() : saved path is bluetooth (2), current path is bluetooth (2)
03-11 10:01:16.361 W/AS.AudioExecutor( 1441): Slow 257 in com.android.server.audio.AudioServiceExt.notifyDVFSToSoundAlive:863
03-11 10:01:16.361 I/SoundAliveApplication( 4454): onCreate() : no need to update audio path
03-11 10:01:16.362 I/AudioPathManager( 4454): loadAudioPath() : loaded audio path is bluetooth (2)
03-11 10:01:16.362 I/SoundAssistantManager( 4454): updateVersionInformation() : sound assistant version is 6.1.00.9
03-11 10:01:16.362 I/SoundAssistantManager( 4454): updateVersionInformation() : this version supports concert hall
03-11 10:01:16.362 I/SoundAssistantManager( 4454): updateVersionInformation() : sound assistant version is 6.1.00.9
03-11 10:01:16.362 I/SoundAssistantManager( 4454): updateVersionInformation() : this version supports concert hall
03-11 10:01:16.362 I/SoundAliveApplication( 4454): onCreate() : resetting unsupported effects is done
03-11 10:01:16.362 I/CapsuleProvider_1.0.23( 4454): releasing initialize wait lock.
03-11 10:01:16.363 I/Bixby2Manager( 4454): Bixby2Manager() : bixby 2 manager is created successfully
03-11 10:01:16.363 I/SoundAliveApplication( 4454): onCreate() : creating bixby2 manager is done
03-11 10:01:16.373 D/SGM:GameManager( 1441): getVersion.
03-11 10:01:16.378 I/GameManager( 4454): isGameServiceBindingNeeded() : version of game manager is 130.016
03-11 10:01:16.378 I/SoundAliveApplication( 4454): onCreate() : no need to bind game service
03-11 10:01:16.378 I/SoundAliveApplication( 4454): onCreate() : subscription for game service is already canceled
03-11 10:01:16.378 I/SamsungAnalyticsManager( 4454): SamsungAnalyticsManager() : samsung analytics is initialized successfully
03-11 10:01:16.378 I/AudioPathManager( 4454): loadAudioPath() : loaded audio path is bluetooth (2)
03-11 10:01:16.378 I/PreferencesManager( 4454): getDolbyAtmosForGamingSwitch() : default value is 0
03-11 10:01:16.378 I/SamsungAnalyticsManager( 4454): initStatusLogging() : user unlocked is true
03-11 10:01:16.383 I/SoundAliveApplication( 4454): onCreate() : initializing SA status logging is done
03-11 10:01:16.384 I/ActivityManager( 1441): Flag disabled. Ignoring finishAttachApplication from uid: 10111. pid: 4454
03-11 10:01:16.386 I/AudioManagerWrapper( 4454): onAudioDevicesAdded() : device name is SM-A235M
03-11 10:01:16.431 D/HeadsetPhoneState(22660): onSignalStrengthsChanged : 2 to 1
03-11 10:01:16.431 D/HeadsetPhoneState(22660): sendDeviceStateChanged. mService=1 mSignal=1 mRoam=0 mBatteryCharge=4
03-11 10:01:16.434 I/bt_stack(22660): [INFO:rfc_port_fsm.cc(109)] rfc_port_sm_execute: BD_ADDR=xx:xx:xx:xx:77:be, PORT=20, STATE=4, EVENT=14
03-11 10:01:16.435 I/AppWidgetManager(20604): updateAppWidget() appWidgetIds = []
03-11 10:01:16.435 D/MobileSignalTransitionManager( 2417): updateSignalTransition
03-11 10:01:16.449 D/StatusBarIconController( 2417): ignoring old pipeline callbacks, because the new mobile icons are enabled
03-11 10:01:16.454 I/AppWidgetManager(20604): updateAppWidget() appWidgetIds = []
03-11 10:01:16.495 I/HAF_HandlerCenter(28265): 1600101320|R|I|remove TaskHandler{handlerKey=default, prefix=haf_hc_, idleTime=60000, HC=22772120, TH=2707897}, size=0
03-11 10:01:16.507 I/android.hardware.health@2.1-service-samsung(  979): updateLrpSysfs: write: 351
03-11 10:01:16.528 D/FaceWidgetSeekBarViewModel_1( 2417): onPlaybackStateChanged : 3
03-11 10:01:16.528 D/FaceWidgetSeekBarViewModel_1( 2417): [START TIMER] Progress(enabled=true, seekAvailable=true, isPlaying = true, isScrubbing = false, elapsedTime=139925, duration=195000)
03-11 10:01:16.530 V/MediaPlayerWrapper(22660): onMetadataChanged() title:Eu Aposto, duration: 179000
03-11 10:01:16.537 D/FaceWidgetSeekBarViewModel_1( 2417): onPlaybackStateChanged : 3
03-11 10:01:16.537 D/FaceWidgetSeekBarViewModel_1( 2417): [START TIMER] Progress(enabled=true, seekAvailable=true, isPlaying = true, isScrubbing = false, elapsedTime=139925, duration=195000)
03-11 10:01:16.541 D/FaceWidgetSeekBarViewModel_1( 2417): onPlaybackStateChanged : 3
03-11 10:01:16.541 D/FaceWidgetSeekBarViewModel_1( 2417): [START TIMER] Progress(enabled=true, seekAvailable=true, isPlaying = true, isScrubbing = false, elapsedTime=139925, duration=195000)
03-11 10:01:16.543 V/MediaPlayerWrapper(22660): sendMediaUpdate(): Metadata has been updated for com.spotify.music
03-11 10:01:16.544 D/AudioCastManager(22660): setPlaybackStateForHost : 3
03-11 10:01:16.544 D/MediaPlayerList(22660): sendMediaUpdate state=PlaybackState {state=PLAYING(3), position=264, buffered position=0, speed=1.0, updated=980345221, actions=3025843, custom actions=[Action:mName='Toggle shuffle, mIcon=2131233091, mExtras=Bundle[mParcelledData.dataSize=144], Action:mName='Remove from collection, mIcon=2131233047, mExtras=Bundle[mParcelledData.dataSize=144], Action:mName='Start radio, mIcon=2131233092, mExtras=Bundle[mParcelledData.dataSize=144], Action:mName='Start repeating all tracks, mIcon=2131233083, mExtras=Bundle[mParcelledData.dataSize=144]], active item id=37, error=null}
03-11 10:01:16.546 D/AvrcpTargetJni(22660): sendMediaUpdateNative
03-11 10:01:16.547 I/bt_stack(22660): [INFO:avrcp_service.cc(575)] virtual void bluetooth::avrcp::AvrcpService::SendMediaUpdate(bool, bool, bool) track_changed=1 :  play_state=1 :  queue=0
03-11 10:01:16.551 I/bt_stack(22660): [INFO:device.cc(2494)] xx:xx:xx:xx:77:be : SendMediaUpdate: Metadata=1 : play_status= 1 : queue=0 ; is_silence=0
03-11 10:01:16.551 I/bt_stack(22660): [INFO:device.cc(2729)] xx:xx:xx:xx:77:be : HandlePlayPosUpdate
03-11 10:01:16.551 I/bt_stack(22660): [INFO:device.cc(2537)] xx:xx:xx:xx:77:be : HandlePlayStatusUpdate
03-11 10:01:16.551 I/bt_stack(22660): [INFO:device.cc(2529)] xx:xx:xx:xx:77:be : HandleTrackUpdate
03-11 10:01:16.552 D/AvrcpTargetJni(22660): getCurrentPlayStatus
03-11 10:01:16.557 V/MediaPlayerWrapper(22660): state: 3, pos: 200, id: 37
03-11 10:01:16.558 V/MediaPlayerWrapper(22660): onPlaybackStateChanged(): com.spotify.music : PlaybackState {state=PLAYING(3), position=200, buffered position=0, speed=1.0, updated=980345200, actions=3025843, custom actions=[Action:mName='Toggle shuffle, mIcon=2131233091, mExtras=Bundle[mParcelledData.dataSize=144], Action:mName='Remove from collection, mIcon=2131233047, mExtras=Bundle[mParcelledData.dataSize=144], Action:mName='Start radio, mIcon=2131233092, mExtras=Bundle[mParcelledData.dataSize=144], Action:mName='Start repeating all tracks, mIcon=2131233083, mExtras=Bundle[mParcelledData.dataSize=144]], active item id=37, error=null}
03-11 10:01:16.560 V/MediaPlayerWrapper(22660): sendMediaUpdate(): Metadata has been updated for com.spotify.music
03-11 10:01:16.560 D/AudioCastManager(22660): setPlaybackStateForHost : 3
03-11 10:01:16.560 D/MediaPlayerList(22660): sendMediaUpdate state=PlaybackState {state=PLAYING(3), position=280, buffered position=0, speed=1.0, updated=980345237, actions=3025843, custom actions=[Action:mName='Toggle shuffle, mIcon=2131233091, mExtras=Bundle[mParcelledData.dataSize=144], Action:mName='Remove from collection, mIcon=2131233047, mExtras=Bundle[mParcelledData.dataSize=144], Action:mName='Start radio, mIcon=2131233092, mExtras=Bundle[mParcelledData.dataSize=144], Action:mName='Start repeating all tracks, mIcon=2131233083, mExtras=Bundle[mParcelledData.dataSize=144]], active item id=37, error=null}
03-11 10:01:16.561 V/MediaPlayerWrapper(22660): onMetadataChanged() title:Eu Aposto, duration: 179000
03-11 10:01:16.563 V/MediaPlayerWrapper(22660): sendMediaUpdate(): Metadata has been updated for com.spotify.music
03-11 10:01:16.563 D/AudioCastManager(22660): setPlaybackStateForHost : 3
03-11 10:01:16.563 D/MediaPlayerList(22660): sendMediaUpdate state=PlaybackState {state=PLAYING(3), position=283, buffered position=0, speed=1.0, updated=980345240, actions=3025843, custom actions=[Action:mName='Toggle shuffle, mIcon=2131233091, mExtras=Bundle[mParcelledData.dataSize=144], Action:mName='Remove from collection, mIcon=2131233047, mExtras=Bundle[mParcelledData.dataSize=144], Action:mName='Start radio, mIcon=2131233092, mExtras=Bundle[mParcelledData.dataSize=144], Action:mName='Start repeating all tracks, mIcon=2131233083, mExtras=Bundle[mParcelledData.dataSize=144]], active item id=37, error=null}
03-11 10:01:16.564 V/MediaPlayerWrapper(22660): state: 3, pos: 253, id: 37
03-11 10:01:16.564 V/MediaPlayerWrapper(22660): onPlaybackStateChanged(): com.spotify.music : PlaybackState {state=PLAYING(3), position=253, buffered position=0, speed=1.0, updated=980345208, actions=3025843, custom actions=[Action:mName='Toggle shuffle, mIcon=2131233091, mExtras=Bundle[mParcelledData.dataSize=144], Action:mName='Remove from collection, mIcon=2131233047, mExtras=Bundle[mParcelledData.dataSize=144], Action:mName='Start radio, mIcon=2131233092, mExtras=Bundle[mParcelledData.dataSize=144], Action:mName='Start repeating all tracks, mIcon=2131233083, mExtras=Bundle[mParcelledData.dataSize=144]], active item id=37, error=null}
03-11 10:01:16.566 V/MediaPlayerWrapper(22660): onMetadataChanged() title:Eu Aposto, duration: 179000
03-11 10:01:16.568 V/MediaPlayerWrapper(22660): sendMediaUpdate(): Metadata has been updated for com.spotify.music
03-11 10:01:16.568 D/AudioCastManager(22660): setPlaybackStateForHost : 3
03-11 10:01:16.569 D/MediaPlayerList(22660): sendMediaUpdate state=PlaybackState {state=PLAYING(3), position=289, buffered position=0, speed=1.0, updated=980345246, actions=3025843, custom actions=[Action:mName='Toggle shuffle, mIcon=2131233091, mExtras=Bundle[mParcelledData.dataSize=144], Action:mName='Remove from collection, mIcon=2131233047, mExtras=Bundle[mParcelledData.dataSize=144], Action:mName='Start radio, mIcon=2131233092, mExtras=Bundle[mParcelledData.dataSize=144], Action:mName='Start repeating all tracks, mIcon=2131233083, mExtras=Bundle[mParcelledData.dataSize=144]], active item id=37, error=null}
03-11 10:01:16.569 V/MediaPlayerWrapper(22660): state: 3, pos: 257, id: 37
03-11 10:01:16.570 V/MediaPlayerWrapper(22660): onPlaybackStateChanged(): com.spotify.music : PlaybackState {state=PLAYING(3), position=257, buffered position=0, speed=1.0, updated=980345214, actions=3025843, custom actions=[Action:mName='Toggle shuffle, mIcon=2131233091, mExtras=Bundle[mParcelledData.dataSize=144], Action:mName='Remove from collection, mIcon=2131233047, mExtras=Bundle[mParcelledData.dataSize=144], Action:mName='Start radio, mIcon=2131233092, mExtras=Bundle[mParcelledData.dataSize=144], Action:mName='Start repeating all tracks, mIcon=2131233083, mExtras=Bundle[mParcelledData.dataSize=144]], active item id=37, error=null}
03-11 10:01:16.573 D/AvrcpTargetJni(22660): getCurrentPlayStatus
03-11 10:01:16.573 W/bt_stack(22660): [WARNING:device.cc(1348)] xx:xx:xx:xx:77:be : PlaybackPosNotificationResponse: xx:xx:xx:xx:77:be: delta is 291
03-11 10:01:16.575 D/AvrcpTargetJni(22660): getCurrentSongInfo
03-11 10:01:16.575 I/bt_stack(22660): [INFO:device.cc(1274)] xx:xx:xx:xx:77:be : PlaybackStatusNotificationResponse
03-11 10:01:16.576 W/bt_stack(22660): [WARNING:device.cc(1312)] xx:xx:xx:xx:77:be : PlaybackStatusNotificationResponse: Not sending notification due to no state update xx:xx:xx:xx:77:be
03-11 10:01:16.577 I/bt_stack(22660): [INFO:device.cc(1231)] xx:xx:xx:xx:77:be : TrackChangedNotificationResponse : NowPlayingId0, uid: 0, br: 0, feaeture: 3
03-11 10:01:16.577 W/bt_stack(22660): [WARNING:device.cc(1261)] xx:xx:xx:xx:77:be : TrackChangedNotificationResponse: Device is not registered for track changed updates
03-11 10:01:16.584 D/io_stats(  635): !@   8,0 r 414194864 11484648184 w 32092711 522796040 d 8995628 597119680 f 0 0 iot 97180908 0 th 0 0 0 pt 0 inp 0 4 760134.049
03-11 10:01:16.588 I/HAF_HandlerCenter(29904): 1600101320|R|I|remove TaskHandler{handlerKey=DataDictionarySyncManager, prefix=haf_hc_, idleTime=60000, HC=72377018, TH=245858672}, size=1
03-11 10:01:16.613 I/NotificationManager(20604): com.spotify.music: notify(2131430478, null, Notification(channel=playback_channel shortcut=null contentView=null vibrate=null sound=null tick defaults=0x0 flags=0xa color=0xff121212 category=transport actions=4 vis=PUBLIC semFlags=0x0 semPriority=0 semMissedCount=0)) as user
03-11 10:01:16.615 D/SecFgsManagerController( 2417): onForegroundStateChanged: [dialog:false]:[isForeground:true]:[packageName:com.spotify.music]:[token:android.os.BinderProxy@8df2c6]:[userId:0]
03-11 10:01:16.642 I/Telecom:SamsungTelecomServiceImpl( 1441): isInManagedCall - callingPackage : android / callingUser : UserHandle{0} / hasCrossUserAccess : true
03-11 10:01:16.659 I/Telecom:SamsungTelecomServiceImpl( 1441): isInManagedCall - callingPackage : android / callingUser : UserHandle{0} / hasCrossUserAccess : true
03-11 10:01:16.679 I/HoneySpace.NotificationListener(29783): onNotificationPosted com.spotify.music: 0|com.spotify.music|2131430478|null|10423: 0
03-11 10:01:16.680 I/HoneySpace.NotificationListener(29783): invalid notification: com.spotify.music UserHandle{0}: canShowBadge is false
03-11 10:01:16.682 I/HoneySpace.PackageEventOperator(29783): [AbsFolderViewModel|213] badge count is updated. com.spotify.music/.MainActivity#UserHandle{0}|367 : 0
03-11 10:01:16.683 I/HoneySpace.PackageEventOperator(29783): [ApplistViewModel] badge count is updated. com.spotify.music/.MainActivity#UserHandle{0}|367 : 0
03-11 10:01:16.683 I/HoneySpace.BadgeDataSourceImpl(29783): Get notification count. PackageKey(packageName=com.huawei.health, user=UserHandle{0}) - forceBadgeCount: false, notification listener: 1, badge provider: 0
03-11 10:01:16.687 D/SecFgsManagerController( 2417): onForegroundStateChanged: [dialog:false]:[isForeground:true]:[packageName:com.spotify.music]:[token:android.os.BinderProxy@8df2c6]:[userId:0]
03-11 10:01:16.687 I/android.hardware.health@2.1-service-samsung(  979): updateLrpSysfs: write: 351
03-11 10:01:16.689 I/Telecom:SamsungTelecomServiceImpl( 1441): isInManagedCall - callingPackage : android / callingUser : UserHandle{0} / hasCrossUserAccess : true
03-11 10:01:16.700 I/HoneySpace.NotificationListener(29783): onNotificationPosted com.spotify.music: 0|com.spotify.music|2131430478|null|10423: 0
03-11 10:01:16.700 I/HoneySpace.NotificationListener(29783): invalid notification: com.spotify.music UserHandle{0}: canShowBadge is false
03-11 10:01:16.700 I/NotificationManager(20604): com.spotify.music: notify(2131430478, null, Notification(channel=playback_channel shortcut=null contentView=null vibrate=null sound=null tick defaults=0x0 flags=0xa color=0xff121212 category=transport actions=4 vis=PUBLIC semFlags=0x0 semPriority=0 semMissedCount=0)) as user
03-11 10:01:16.701 I/HoneySpace.PackageEventOperator(29783): [AbsFolderViewModel|213] badge count is updated. com.spotify.music/.MainActivity#UserHandle{0}|367 : 0
03-11 10:01:16.704 I/HoneySpace.NotificationListener(29783): onNotificationPosted com.spotify.music: 0|com.spotify.music|2131430478|null|10423: 0
03-11 10:01:16.704 I/HoneySpace.NotificationListener(29783): invalid notification: com.spotify.music UserHandle{0}: canShowBadge is false
03-11 10:01:16.704 I/HoneySpace.PackageEventOperator(29783): [ApplistViewModel] badge count is updated. com.spotify.music/.MainActivity#UserHandle{0}|367 : 0
03-11 10:01:16.705 I/HoneySpace.BadgeDataSourceImpl(29783): Get notification count. PackageKey(packageName=com.huawei.health, user=UserHandle{0}) - forceBadgeCount: false, notification listener: 1, badge provider: 0
03-11 10:01:16.706 I/HoneySpace.PackageEventOperator(29783): [ApplistViewModel] badge count is updated. com.spotify.music/.MainActivity#UserHandle{0}|367 : 0
03-11 10:01:16.708 I/HoneySpace.PackageEventOperator(29783): [AbsFolderViewModel|213] badge count is updated. com.spotify.music/.MainActivity#UserHandle{0}|367 : 0
03-11 10:01:16.708 I/HoneySpace.BadgeDataSourceImpl(29783): Get notification count. PackageKey(packageName=com.huawei.health, user=UserHandle{0}) - forceBadgeCount: false, notification listener: 1, badge provider: 0
03-11 10:01:16.720 I/Telecom:SamsungTelecomServiceImpl( 1441): isInManagedCall - callingPackage : android / callingUser : UserHandle{0} / hasCrossUserAccess : true
03-11 10:01:16.721 W/ProviderHelper( 4435): Unknown dynamite feature providerinstaller.dynamite
03-11 10:01:16.722 I/DynamiteModule( 4435): Considering local module com.google.android.gms.providerinstaller.dynamite:1 and remote module com.google.android.gms.providerinstaller.dynamite:0
03-11 10:01:16.722 I/DynamiteModule( 4435): Selected local version of com.google.android.gms.providerinstaller.dynamite
03-11 10:01:16.730 D/BubblesManager( 2417): onEntryUpdated : shouldBubbleUp=false ,key=0|com.spotify.music|2131430478|null|10423
03-11 10:01:16.732 I/HoneySpace.NotificationListener(29783): onNotificationPosted com.spotify.music: 0|com.spotify.music|2131430478|null|10423: 0
03-11 10:01:16.732 I/HoneySpace.NotificationListener(29783): invalid notification: com.spotify.music UserHandle{0}: canShowBadge is false
03-11 10:01:16.732 I/HoneySpace.PackageEventOperator(29783): [AbsFolderViewModel|213] badge count is updated. com.spotify.music/.MainActivity#UserHandle{0}|367 : 0
03-11 10:01:16.733 I/HoneySpace.PackageEventOperator(29783): [ApplistViewModel] badge count is updated. com.spotify.music/.MainActivity#UserHandle{0}|367 : 0
03-11 10:01:16.733 I/HoneySpace.BadgeDataSourceImpl(29783): Get notification count. PackageKey(packageName=com.huawei.health, user=UserHandle{0}) - forceBadgeCount: false, notification listener: 1, badge provider: 0
03-11 10:01:16.745 D/SecFgsManagerController( 2417): onForegroundStateChanged: [dialog:false]:[isForeground:true]:[packageName:com.spotify.music]:[token:android.os.BinderProxy@8df2c6]:[userId:0]
03-11 10:01:16.747 I/NotificationManager(20604): com.spotify.music: notify(2131430478, null, Notification(channel=playback_channel shortcut=null contentView=null vibrate=null sound=null tick defaults=0x0 flags=0xa color=0xff121212 category=transport actions=4 vis=PUBLIC semFlags=0x0 semPriority=0 semMissedCount=0)) as user
03-11 10:01:16.752 I/Telecom:SamsungTelecomServiceImpl( 1441): isInManagedCall - callingPackage : android / callingUser : UserHandle{0} / hasCrossUserAccess : true
03-11 10:01:16.755 D/BubblesManager( 2417): onEntryUpdated : shouldBubbleUp=false ,key=0|com.spotify.music|2131430478|null|10423
03-11 10:01:16.763 D/BubblesManager( 2417): onEntryUpdated : shouldBubbleUp=false ,key=0|com.spotify.music|2131430478|null|10423
03-11 10:01:16.765 V/NativeCrypto( 4435): Registering com/google/android/gms/org/conscrypt/NativeCrypto's 334 native methods...
03-11 10:01:16.768 I/Telecom:SamsungTelecomServiceImpl( 1441): isInManagedCall - callingPackage : android / callingUser : UserHandle{0} / hasCrossUserAccess : true
03-11 10:01:16.769 I/HoneySpace.NotificationListener(29783): onNotificationPosted com.spotify.music: 0|com.spotify.music|2131430478|null|10423: 0
03-11 10:01:16.769 I/HoneySpace.NotificationListener(29783): invalid notification: com.spotify.music UserHandle{0}: canShowBadge is false
03-11 10:01:16.769 I/HoneySpace.PackageEventOperator(29783): [AbsFolderViewModel|213] badge count is updated. com.spotify.music/.MainActivity#UserHandle{0}|367 : 0
03-11 10:01:16.770 I/HoneySpace.PackageEventOperator(29783): [ApplistViewModel] badge count is updated. com.spotify.music/.MainActivity#UserHandle{0}|367 : 0
03-11 10:01:16.770 I/HoneySpace.BadgeDataSourceImpl(29783): Get notification count. PackageKey(packageName=com.huawei.health, user=UserHandle{0}) - forceBadgeCount: false, notification listener: 1, badge provider: 0
03-11 10:01:16.777 D/SecFgsManagerController( 2417): onForegroundStateChanged: [dialog:false]:[isForeground:true]:[packageName:com.spotify.music]:[token:android.os.BinderProxy@8df2c6]:[userId:0]
03-11 10:01:16.777 D/BubblesManager( 2417): onEntryUpdated : shouldBubbleUp=false ,key=0|com.spotify.music|2131430478|null|10423
03-11 10:01:16.780 I/NotificationManager(20604): com.spotify.music: notify(2131430478, null, Notification(channel=playback_channel shortcut=null contentView=null vibrate=null sound=null tick defaults=0x0 flags=0xa color=0xff121212 category=transport actions=4 vis=PUBLIC semFlags=0x0 semPriority=0 semMissedCount=0)) as user
03-11 10:01:16.782 I/HoneySpace.NotificationListener(29783): onNotificationPosted com.spotify.music: 0|com.spotify.music|2131430478|null|10423: 0
03-11 10:01:16.783 I/HoneySpace.NotificationListener(29783): invalid notification: com.spotify.music UserHandle{0}: canShowBadge is false
03-11 10:01:16.783 I/HoneySpace.PackageEventOperator(29783): [AbsFolderViewModel|213] badge count is updated. com.spotify.music/.MainActivity#UserHandle{0}|367 : 0
03-11 10:01:16.783 I/HoneySpace.PackageEventOperator(29783): [ApplistViewModel] badge count is updated. com.spotify.music/.MainActivity#UserHandle{0}|367 : 0
03-11 10:01:16.783 I/HoneySpace.BadgeDataSourceImpl(29783): Get notification count. PackageKey(packageName=com.huawei.health, user=UserHandle{0}) - forceBadgeCount: false, notification listener: 1, badge provider: 0
03-11 10:01:16.786 I/Telecom:SamsungTelecomServiceImpl( 1441): isInManagedCall - callingPackage : android / callingUser : UserHandle{0} / hasCrossUserAccess : true
03-11 10:01:16.793 D/SecFgsManagerController( 2417): onForegroundStateChanged: [dialog:false]:[isForeground:true]:[packageName:com.spotify.music]:[token:android.os.BinderProxy@8df2c6]:[userId:0]
03-11 10:01:16.794 I/NotificationManager(20604): com.spotify.music: notify(2131430478, null, Notification(channel=playback_channel shortcut=null contentView=null vibrate=null sound=null tick defaults=0x0 flags=0xa color=0xff121212 category=transport actions=4 vis=PUBLIC semFlags=0x0 semPriority=0 semMissedCount=0)) as user
03-11 10:01:16.797 I/Notify_NotificPush(28265): 1600101320|R|I|Start onNotificationPosted: StatusBarNotification(pkg=com.spotify.music user=UserHandle{0} id=2131430478 tag=null key=0|com.spotify.music|2131430478|null|10423: Notification(channel=playback_channel shortcut=null contentView=null vibrate=null sound=null tick defaults=0x0 flags=0x6a color=0xff121212 category=transport actions=4 vis=PUBLIC semFlags=0x0 semPriority=0 semMissedCount=0)) ;actionButton1 name: Like ;actionButton2 name: Previous track ;actionButton3 name: Pause ;actionButton4 name: Next track
03-11 10:01:16.797 I/Notify_NotificPush(28265): 1600101320|R|I|Start onNotificationPosted: StatusBarNotification(pkg=com.spotify.music user=UserHandle{0} id=2131430478 tag=null key=0|com.spotify.music|2131430478|null|10423: Notification(channel=playback_channel shortcut=null contentView=null vibrate=null sound=null tick defaults=0x0 flags=0x6a color=0xff121212 category=transport actions=4 vis=PUBLIC semFlags=0x0 semPriority=0 semMissedCount=0)) ;actionButton1 name: Like ;actionButton2 name: Previous track ;actionButton3 name: Pause ;actionButton4 name: Next track
03-11 10:01:16.798 I/Notify_NotificPush(28265): 1600101320|R|I|Start onNotificationPosted: StatusBarNotification(pkg=com.spotify.music user=UserHandle{0} id=2131430478 tag=null key=0|com.spotify.music|2131430478|null|10423: Notification(channel=playback_channel shortcut=null contentView=null vibrate=null sound=null tick defaults=0x0 flags=0x6a color=0xff121212 category=transport actions=4 vis=PUBLIC semFlags=0x0 semPriority=0 semMissedCount=0)) ;actionButton1 name: Like ;actionButton2 name: Previous track ;actionButton3 name: Pause ;actionButton4 name: Next track
03-11 10:01:16.800 I/Notify_NotificPush(28265): 1600101320|R|I|Start onNotificationPosted: StatusBarNotification(pkg=com.spotify.music user=UserHandle{0} id=2131430478 tag=null key=0|com.spotify.music|2131430478|null|10423: Notification(channel=playback_channel shortcut=null contentView=null vibrate=null sound=null tick defaults=0x0 flags=0x6a color=0xff121212 category=transport actions=4 vis=PUBLIC semFlags=0x0 semPriority=0 semMissedCount=0)) ;actionButton1 name: Like ;actionButton2 name: Previous track ;actionButton3 name: Pause ;actionButton4 name: Next track
03-11 10:01:16.800 I/Notify_NotificPush(28265): 1600101320|R|I|Start onNotificationPosted: StatusBarNotification(pkg=com.spotify.music user=UserHandle{0} id=2131430478 tag=null key=0|com.spotify.music|2131430478|null|10423: Notification(channel=playback_channel shortcut=null contentView=null vibrate=null sound=null tick defaults=0x0 flags=0x6a color=0xff121212 category=transport actions=4 vis=PUBLIC semFlags=0x0 semPriority=0 semMissedCount=0)) ;actionButton1 name: Like ;actionButton2 name: Previous track ;actionButton3 name: Pause ;actionButton4 name: Next track
03-11 10:01:16.805 I/HoneySpace.NotificationListener(29783): onNotificationPosted com.spotify.music: 0|com.spotify.music|2131430478|null|10423: 0
03-11 10:01:16.805 I/HoneySpace.NotificationListener(29783): invalid notification: com.spotify.music UserHandle{0}: canShowBadge is false
03-11 10:01:16.806 I/HoneySpace.PackageEventOperator(29783): [AbsFolderViewModel|213] badge count is updated. com.spotify.music/.MainActivity#UserHandle{0}|367 : 0
03-11 10:01:16.806 I/HoneySpace.PackageEventOperator(29783): [ApplistViewModel] badge count is updated. com.spotify.music/.MainActivity#UserHandle{0}|367 : 0
03-11 10:01:16.806 I/HoneySpace.BadgeDataSourceImpl(29783): Get notification count. PackageKey(packageName=com.huawei.health, user=UserHandle{0}) - forceBadgeCount: false, notification listener: 1, badge provider: 0
03-11 10:01:16.811 I/Telecom:SamsungTelecomServiceImpl( 1441): isInManagedCall - callingPackage : android / callingUser : UserHandle{0} / hasCrossUserAccess : true
03-11 10:01:16.820 I/Telecom:SamsungTelecomServiceImpl( 1441): isInManagedCall - callingPackage : android / callingUser : UserHandle{0} / hasCrossUserAccess : true
03-11 10:01:16.840 D/SecFgsManagerController( 2417): onForegroundStateChanged: [dialog:false]:[isForeground:true]:[packageName:com.spotify.music]:[token:android.os.BinderProxy@8df2c6]:[userId:0]
03-11 10:01:16.842 I/NotificationManager(20604): com.spotify.music: notify(2131430478, null, Notification(channel=playback_channel shortcut=null contentView=null vibrate=null sound=null tick defaults=0x0 flags=0xa color=0xff121212 category=transport actions=4 vis=PUBLIC semFlags=0x0 semPriority=0 semMissedCount=0)) as user
03-11 10:01:16.842 I/Telecom:SamsungTelecomServiceImpl( 1441): isInManagedCall - callingPackage : android / callingUser : UserHandle{0} / hasCrossUserAccess : true
03-11 10:01:16.854 I/HoneySpace.NotificationListener(29783): onNotificationPosted com.spotify.music: 0|com.spotify.music|2131430478|null|10423: 0
03-11 10:01:16.854 I/HoneySpace.NotificationListener(29783): invalid notification: com.spotify.music UserHandle{0}: canShowBadge is false
03-11 10:01:16.855 I/HoneySpace.PackageEventOperator(29783): [AbsFolderViewModel|213] badge count is updated. com.spotify.music/.MainActivity#UserHandle{0}|367 : 0
03-11 10:01:16.855 I/HoneySpace.PackageEventOperator(29783): [ApplistViewModel] badge count is updated. com.spotify.music/.MainActivity#UserHandle{0}|367 : 0
03-11 10:01:16.855 I/HoneySpace.BadgeDataSourceImpl(29783): Get notification count. PackageKey(packageName=com.huawei.health, user=UserHandle{0}) - forceBadgeCount: false, notification listener: 1, badge provider: 0
03-11 10:01:16.857 I/AODNotificationManager( 2417): updateNotification() 
03-11 10:01:16.859 I/AudioPathManager( 4454): loadAudioPath() : loaded audio path is bluetooth (2)
03-11 10:01:16.859 I/AudioManager( 4454): getParameters keys = g_effect_active_sound_info=track
03-11 10:01:16.860 I/lmkd    (  581): cached 1, sandbox(not0) 1
03-11 10:01:16.861 I/SecAudioParamFlinger( 1127): getActiveSoundInfo 5, trackFormat 5, outputFormat 1
03-11 10:01:16.861 I/AudioManagerWrapper( 4454): getActiveSoundFormat() : active sound format is 5
03-11 10:01:16.861 I/RestrictModeUtil( 4454): isOwnerMode() : user id is 0
03-11 10:01:16.864 E/RestrictModeUtil( 4454): isDexMode() : desktop mode manager is null, so it can't be decided
03-11 10:01:16.865 I/lmkd    (  581): Reclaim 'com.google.android.googlequicksearchbox:search' (3040), uid 10210, oom_score_adj 915, state 19 to free 52148kB rss, 47220kB swap; reason: min2x watermark is breached and swap is low (1082576kB < 838860kB)
03-11 10:01:16.867 I/RestrictModeUtil( 4454): isEmergencyMode() : emergency mode is disabled
03-11 10:01:16.867 I/EffectManager( 4454): isSupportDolbyAtmosOnThisAudioPath() : path is bluetooth (2)
03-11 10:01:16.867 I/EffectManager( 4454): isSpatialAudioActive() : mode is off (0)
03-11 10:01:16.871 D/BubblesManager( 2417): onEntryUpdated : shouldBubbleUp=false ,key=0|com.spotify.music|2131430478|null|10423
03-11 10:01:16.873 D/BubblesManager( 2417): onEntryUpdated : shouldBubbleUp=false ,key=0|com.spotify.music|2131430478|null|10423
03-11 10:01:16.879 I/Notify_NotificPush(28265): 1600101320|R|I|com.spotify.music onNotificationPosted isMeetPushConditions?(false=filtered): true
03-11 10:01:16.880 I/Notify_NotificPush(28265): 1600101320|R|I|com.spotify.music onNotificationPosted isMeetPushConditions?(false=filtered): true
03-11 10:01:16.880 I/Notify_NotificPush(28265): 1600101320|R|I|com.spotify.music onNotificationPosted isMeetPushConditions?(false=filtered): true
03-11 10:01:16.880 I/Telecom:SamsungTelecomServiceImpl( 1441): isInManagedCall - callingPackage : android / callingUser : UserHandle{0} / hasCrossUserAccess : true
03-11 10:01:16.882 I/Notify_NotificPush(28265): 1600101320|R|I|com.spotify.music onNotificationPosted isMeetPushConditions?(false=filtered): true
03-11 10:01:16.885 V/MediaPlayerWrapper(22660): onQueueChanged(): com.spotify.music
03-11 10:01:16.885 E/MediaPlayerWrapper(22660): The callback queue isn't the current queue
03-11 10:01:16.885 I/HoneySpace.NotificationListener(29783): onNotificationPosted com.spotify.music: 0|com.spotify.music|2131430478|null|10423: 0
03-11 10:01:16.885 I/HoneySpace.NotificationListener(29783): invalid notification: com.spotify.music UserHandle{0}: canShowBadge is false
03-11 10:01:16.886 I/HoneySpace.PackageEventOperator(29783): [AbsFolderViewModel|213] badge count is updated. com.spotify.music/.MainActivity#UserHandle{0}|367 : 0
03-11 10:01:16.887 I/HoneySpace.PackageEventOperator(29783): [ApplistViewModel] badge count is updated. com.spotify.music/.MainActivity#UserHandle{0}|367 : 0
03-11 10:01:16.887 V/MediaPlayerWrapper(22660): sendMediaUpdate(): Metadata has been updated for com.spotify.music
03-11 10:01:16.887 I/MediaPlayerList(22660): sendMediaUpdate: Creating a one item queue for a player with no queue
03-11 10:01:16.887 D/AudioCastManager(22660): setPlaybackStateForHost : 3
03-11 10:01:16.887 I/HoneySpace.BadgeDataSourceImpl(29783): Get notification count. PackageKey(packageName=com.huawei.health, user=UserHandle{0}) - forceBadgeCount: false, notification listener: 1, badge provider: 0
03-11 10:01:16.887 D/MediaPlayerList(22660): sendMediaUpdate state=PlaybackState {state=PLAYING(3), position=406, buffered position=0, speed=1.0, updated=980345564, actions=3025843, custom actions=[Action:mName='Toggle shuffle, mIcon=2131233091, mExtras=Bundle[mParcelledData.dataSize=144], Action:mName='Remove from collection, mIcon=2131233047, mExtras=Bundle[mParcelledData.dataSize=144], Action:mName='Start radio, mIcon=2131233092, mExtras=Bundle[mParcelledData.dataSize=144], Action:mName='Start repeating all tracks, mIcon=2131233083, mExtras=Bundle[mParcelledData.dataSize=144]], active item id=38, error=null}
03-11 10:01:16.887 D/AvrcpTargetJni(22660): sendMediaUpdateNative
03-11 10:01:16.887 I/bt_stack(22660): [INFO:avrcp_service.cc(575)] virtual void bluetooth::avrcp::AvrcpService::SendMediaUpdate(bool, bool, bool) track_changed=0 :  play_state=1 :  queue=0
03-11 10:01:16.887 I/bt_stack(22660): [INFO:device.cc(2494)] xx:xx:xx:xx:77:be : SendMediaUpdate: Metadata=0 : play_status= 1 : queue=0 ; is_silence=0
03-11 10:01:16.887 I/bt_stack(22660): [INFO:device.cc(2729)] xx:xx:xx:xx:77:be : HandlePlayPosUpdate
03-11 10:01:16.888 I/bt_stack(22660): [INFO:device.cc(2537)] xx:xx:xx:xx:77:be : HandlePlayStatusUpdate
03-11 10:01:16.888 V/MediaPlayerWrapper(22660): onMetadataChanged() title:Eu Aposto, duration: 179000
03-11 10:01:16.889 D/BubblesManager( 2417): onEntryUpdated : shouldBubbleUp=false ,key=0|com.spotify.music|2131430478|null|10423
03-11 10:01:16.889 V/MediaPlayerWrapper(22660): sendMediaUpdate(): Metadata has been updated for com.spotify.music
03-11 10:01:16.889 D/AudioCastManager(22660): setPlaybackStateForHost : 3
03-11 10:01:16.889 D/MediaPlayerList(22660): sendMediaUpdate state=PlaybackState {state=PLAYING(3), position=409, buffered position=0, speed=1.0, updated=980345567, actions=3025843, custom actions=[Action:mName='Toggle shuffle, mIcon=2131233091, mExtras=Bundle[mParcelledData.dataSize=144], Action:mName='Remove from collection, mIcon=2131233047, mExtras=Bundle[mParcelledData.dataSize=144], Action:mName='Start radio, mIcon=2131233092, mExtras=Bundle[mParcelledData.dataSize=144], Action:mName='Start repeating all tracks, mIcon=2131233083, mExtras=Bundle[mParcelledData.dataSize=144]], active item id=38, error=null}
03-11 10:01:16.889 D/AvrcpTargetJni(22660): getCurrentPlayStatus
03-11 10:01:16.893 D/AvrcpTargetJni(22660): getCurrentPlayStatus
03-11 10:01:16.893 V/MediaPlayerWrapper(22660): state: 3, pos: 399, id: 38
03-11 10:01:16.893 W/bt_stack(22660): [WARNING:device.cc(1348)] xx:xx:xx:xx:77:be : PlaybackPosNotificationResponse: xx:xx:xx:xx:77:be: delta is 153
