03-11 10:00:53.663 D/PackageManager( 1441): setEnabledSetting : userId = 0 packageName = com.facebook.katana cmp = com.facebook.inspiration.fbshorts.shareintent.InpirationFbShortsShareAlias newState = 1 callingPackage = com.facebook.katana
03-11 10:00:53.664 D/ApplicationPolicy( 1441): getApplicationStateEnabled : pkg = com.facebook.katana userId : 0
03-11 10:00:53.665 D/ApplicationPolicy( 1441): getApplicationComponentState : pkg = com.facebook.katana userId : 0
03-11 10:00:53.666 D/PackageManager( 1441): setEnabledSetting : userId = 0 packageName = com.facebook.katana cmp = class com.facebook.inspiration.platformsharing.activity.InspirationBaseExternalShareActivity newState = 1 callingPackage = com.facebook.katana
03-11 10:00:53.667 D/PackageManager( 1441): setEnabledSetting : userId = 0 packageName = com.facebook.katana cmp = com.facebook.inspiration.fbshorts.shareintent.InpirationFbShortsSharePhotoAlias newState = 2 callingPackage = com.facebook.katana
03-11 10:00:53.667 D/ApplicationPolicy( 1441): getApplicationStateEnabled : pkg = com.facebook.katana userId : 0
03-11 10:00:53.668 D/ApplicationPolicy( 1441): getApplicationComponentState : pkg = com.facebook.katana userId : 0
03-11 10:00:53.673 D/PackageManager( 1441): setEnabledSetting : userId = 0 packageName = com.facebook.katana cmp = com.facebook.inspiration.fbshorts.shareintent.InpirationFbShortsShareMultipleAlias newState = 1 callingPackage = com.facebook.katana
03-11 10:00:53.674 D/ApplicationPolicy( 1441): getApplicationStateEnabled : pkg = com.facebook.katana userId : 0
03-11 10:00:53.674 W/fb4a.ReqContexts( 3758): fail() skipped
03-11 10:00:53.675 D/ApplicationPolicy( 1441): getApplicationComponentState : pkg = com.facebook.katana userId : 0
03-11 10:00:53.677 D/PackageManager( 1441): setEnabledSetting : userId = 0 packageName = com.facebook.katana cmp = com.facebook.inspiration.platformsharing.activity.InspirationCameraShareMultipleCollageAlias newState = 2 callingPackage = com.facebook.katana
03-11 10:00:53.702 D/CompatibilityChangeReporter( 3758): Compat change id reported: 150935354; UID 10271; state: ENABLED
03-11 10:00:53.744 I/android.hardware.health@2.1-service-samsung(  979): updateLrpSysfs: write: 348
03-11 10:00:53.756 E/DatabaseUtils( 3601): Writing exception to parcel
03-11 10:00:53.756 E/DatabaseUtils( 3601): java.lang.SecurityException: Permission Denial: writing com.sec.android.provider.badge.BadgeProvider uri content://com.sec.badge/apps from pid=3758, uid=10271 requires com.sec.android.provider.badge.permission.WRITE, or grantUriPermission()
03-11 10:00:53.756 E/DatabaseUtils( 3601): 	at android.content.ContentProvider.enforceWritePermissionInner(ContentProvider.java:1188)
03-11 10:00:53.756 E/DatabaseUtils( 3601): 	at android.content.ContentProvider.semEnforceWritePermission(ContentProvider.java:1114)
03-11 10:00:53.756 E/DatabaseUtils( 3601): 	at android.content.ContentProvider$Transport.enforceWritePermission(ContentProvider.java:857)
03-11 10:00:53.756 E/DatabaseUtils( 3601): 	at android.content.ContentProvider$Transport.update(ContentProvider.java:565)
03-11 10:00:53.756 E/DatabaseUtils( 3601): 	at android.content.ContentProviderNative.onTransact(ContentProviderNative.java:243)
03-11 10:00:53.756 E/DatabaseUtils( 3601): 	at android.os.Binder.execTransactInternal(Binder.java:1375)
03-11 10:00:53.756 E/DatabaseUtils( 3601): 	at android.os.Binder.execTransact(Binder.java:1311)
03-11 10:00:53.862 W/fb4a.InitStatus( 3758): Not blocking Provider (169670223)
03-11 10:00:53.863 W/fb4a.InitStatus( 3758): Not blocking Provider (169670223)
03-11 10:00:53.864 I/sensors-hal(  983): handle_sns_client_event:544, [0][179771] accel_sample [ 0.216, -0.099,  9.862] 980322435877310
03-11 10:00:53.867 I/BadgeCountReceiver( 3601): badge intent : Intent { act=android.intent.action.BADGE_COUNT_UPDATE flg=0x1000010 cmp=com.sec.android.provider.badge/.BadgeCountReceiver (has extras) }
03-11 10:00:53.868 I/BadgeCountReceiver( 3601): packageName: com.facebook.katana, className: com.facebook.katana.LoginActivity, count: 4
03-11 10:00:53.877 I/ActivityManager( 1441): Changes in 10043 11 to 5, 0 to 56
03-11 10:00:53.879 D/HidDeviceService(22660): handleMessage(): msg.what=8
03-11 10:00:53.880 I/BadgeProvider( 3601): sendNotify entered. [uri] : content://com.sec.badge/apps
03-11 10:00:53.881 I/BadgeProvider( 3601): sendNotify, [notify] : null
03-11 10:00:53.881 I/BadgeProvider( 3601): update, getCallingPackage() : com.sec.android.provider.badge
03-11 10:00:53.881 I/BadgeProvider( 3601): update, [uri] : content://com.sec.badge/apps
03-11 10:00:53.881 I/BadgeProvider( 3601): update, [uri.query] : null
03-11 10:00:53.882 I/BadgeProvider( 3601): update, [BadgeCount] : badgecount=4
03-11 10:00:53.882 I/BadgeProvider( 3601): update, [UpdateCount] : 1
03-11 10:00:53.884 I/BadgeProvider( 3601): query, [selection] : null
03-11 10:00:53.887 I/HoneySpace.BadgeDataSourceImpl(29783): Badge Provider update. PackageKey(packageName=br.com.bb.android, user=UserHandle{0}): 19 -> 23
03-11 10:00:53.888 I/HoneySpace.PackageEventOperator(29783): [AbsFolderViewModel|213] badge count is updated. br.com.bb.android/.ReactNativeActivityAliasNormal#UserHandle{0}|108 : 0
03-11 10:00:53.889 I/HoneySpace.BadgeDataSourceImpl(29783): Badge Provider update. PackageKey(packageName=com.linkedin.android, user=UserHandle{0}): 12 -> 24
03-11 10:00:53.889 I/HoneySpace.PackageEventOperator(29783): [AbsFolderViewModel|214] badge count is updated. com.linkedin.android/.authenticator.LaunchActivityDefault#UserHandle{0}|135 : 0
03-11 10:00:53.889 I/HoneySpace.PackageEventOperator(29783): [ApplistViewModel] badge count is updated. br.com.bb.android/.ReactNativeActivityAliasNormal#UserHandle{0}|108 : 0
03-11 10:00:53.889 I/HoneySpace.BadgeDataSourceImpl(29783): Get notification count. PackageKey(packageName=com.huawei.health, user=UserHandle{0}) - forceBadgeCount: false, notification listener: 1, badge provider: 0
03-11 10:00:53.889 I/HoneySpace.BadgeDataSourceImpl(29783): Badge Provider update. PackageKey(packageName=com.linkedin.android, user=UserHandle{0}): 24 -> 12
03-11 10:00:53.890 I/HoneySpace.PackageEventOperator(29783): [AbsFolderViewModel|214] badge count is updated. com.linkedin.android/.authenticator.LaunchActivityDefault#UserHandle{0}|135 : 0
03-11 10:00:53.890 I/HoneySpace.BadgeDataSourceImpl(29783): Get notification count. PackageKey(packageName=com.huawei.health, user=UserHandle{0}) - forceBadgeCount: false, notification listener: 1, badge provider: 0
03-11 10:00:53.890 I/HoneySpace.BadgeDataSourceImpl(29783): Badge Provider update. PackageKey(packageName=br.com.bb.android, user=UserHandle{0}): 23 -> 20
03-11 10:00:53.890 I/HoneySpace.PackageEventOperator(29783): [ApplistViewModel] badge count is updated. com.linkedin.android/.authenticator.LaunchActivityDefault#UserHandle{0}|135 : 0
03-11 10:00:53.891 I/HoneySpace.BadgeDataSourceImpl(29783): Get notification count. PackageKey(packageName=com.huawei.health, user=UserHandle{0}) - forceBadgeCount: false, notification listener: 1, badge provider: 0
03-11 10:00:53.891 I/HoneySpace.PackageEventOperator(29783): [ApplistViewModel] badge count is updated. com.linkedin.android/.authenticator.LaunchActivityDefault#UserHandle{0}|135 : 0
03-11 10:00:53.891 I/HoneySpace.PackageEventOperator(29783): [AbsFolderViewModel|213] badge count is updated. br.com.bb.android/.ReactNativeActivityAliasNormal#UserHandle{0}|108 : 0
03-11 10:00:53.891 I/HoneySpace.PackageEventOperator(29783): [ApplistViewModel] badge count is updated. br.com.bb.android/.ReactNativeActivityAliasNormal#UserHandle{0}|108 : 0
03-11 10:00:53.891 I/HoneySpace.BadgeDataSourceImpl(29783): Badge Provider update. PackageKey(packageName=br.com.bb.android, user=UserHandle{0}): 20 -> 19
03-11 10:00:53.891 I/HoneySpace.BadgeDataSourceImpl(29783): Get notification count. PackageKey(packageName=com.huawei.health, user=UserHandle{0}) - forceBadgeCount: false, notification listener: 1, badge provider: 0
03-11 10:00:53.891 I/HoneySpace.PackageEventOperator(29783): [ApplistViewModel] badge count is updated. br.com.bb.android/.ReactNativeActivityAliasNormal#UserHandle{0}|108 : 0
03-11 10:00:53.891 I/HoneySpace.BadgeDataSourceImpl(29783): Get notification count. PackageKey(packageName=com.huawei.health, user=UserHandle{0}) - forceBadgeCount: false, notification listener: 1, badge provider: 0
03-11 10:00:53.891 I/HoneySpace.PackageEventOperator(29783): [AbsFolderViewModel|213] badge count is updated. br.com.bb.android/.ReactNativeActivityAliasNormal#UserHandle{0}|108 : 0
03-11 10:00:53.892 I/HoneySpace.BadgeDataSourceImpl(29783): Badge Provider update. PackageKey(packageName=com.duolingo, user=UserHandle{0}): 1 -> 0
03-11 10:00:53.892 I/HoneySpace.PackageEventOperator(29783): [AbsFolderViewModel|40] badge count is updated. com.duolingo/.app.UnhingedSickLauncher#UserHandle{0}|181 : 0
03-11 10:00:53.893 I/HoneySpace.PackageEventOperator(29783): [ApplistViewModel] badge count is updated. com.duolingo/.app.UnhingedSickLauncher#UserHandle{0}|181 : 0
03-11 10:00:53.893 I/HoneySpace.BadgeDataSourceImpl(29783): Badge Provider update. PackageKey(packageName=com.duolingo, user=UserHandle{0}): 0 -> 1
03-11 10:00:53.893 I/HoneySpace.BadgeDataSourceImpl(29783): Get notification count. PackageKey(packageName=com.huawei.health, user=UserHandle{0}) - forceBadgeCount: false, notification listener: 1, badge provider: 0
03-11 10:00:53.893 I/HoneySpace.PackageEventOperator(29783): [AbsFolderViewModel|40] badge count is updated. com.duolingo/.app.UnhingedSickLauncher#UserHandle{0}|181 : 0
03-11 10:00:53.893 I/HoneySpace.PackageEventOperator(29783): [ApplistViewModel] badge count is updated. com.duolingo/.app.UnhingedSickLauncher#UserHandle{0}|181 : 0
03-11 10:00:53.894 I/HoneySpace.BadgeDataSourceImpl(29783): Get notification count. PackageKey(packageName=com.huawei.health, user=UserHandle{0}) - forceBadgeCount: false, notification listener: 1, badge provider: 0
03-11 10:00:53.901 I/ActivityManager( 1441): Changes in 15010043 19 to 5, 0 to 56
03-11 10:00:53.902 D/HidDeviceService(22660): handleMessage(): msg.what=8
03-11 10:00:53.904 I/android.hardware.health@2.1-service-samsung(  979): updateLrpSysfs: write: 348
03-11 10:00:53.915 I/BadgeProvider( 3641): query, [selection] : null
03-11 10:00:53.940 I/BadgeProvider( 3601): query, [selection] : null
03-11 10:00:53.942 I/HoneySpace.BadgeDataSourceImpl(29783): Badge Provider update. PackageKey(packageName=br.com.bb.android, user=UserHandle{0}): 19 -> 23
03-11 10:00:53.943 I/HoneySpace.BadgeDataSourceImpl(29783): Badge Provider update. PackageKey(packageName=com.linkedin.android, user=UserHandle{0}): 12 -> 24
03-11 10:00:53.943 D/PackageManager( 1441): setEnabledSetting : userId = 0 packageName = com.facebook.katana cmp = com.facebook.notifications.settings.InAppNotificationSettingsActivity newState = 1 callingPackage = com.facebook.katana
03-11 10:00:53.944 I/HoneySpace.BadgeDataSourceImpl(29783): Badge Provider update. PackageKey(packageName=com.linkedin.android, user=UserHandle{0}): 24 -> 12
03-11 10:00:53.944 I/HoneySpace.BadgeDataSourceImpl(29783): Badge Provider update. PackageKey(packageName=br.com.bb.android, user=UserHandle{0}): 23 -> 20
03-11 10:00:53.944 I/HoneySpace.PackageEventOperator(29783): [AbsFolderViewModel|214] badge count is updated. com.linkedin.android/.authenticator.LaunchActivityDefault#UserHandle{0}|135 : 0
03-11 10:00:53.944 I/HoneySpace.PackageEventOperator(29783): [AbsFolderViewModel|213] badge count is updated. br.com.bb.android/.ReactNativeActivityAliasNormal#UserHandle{0}|108 : 0
03-11 10:00:53.944 I/HoneySpace.PackageEventOperator(29783): [ApplistViewModel] badge count is updated. br.com.bb.android/.ReactNativeActivityAliasNormal#UserHandle{0}|108 : 0
03-11 10:00:53.944 I/HoneySpace.PackageEventOperator(29783): [AbsFolderViewModel|214] badge count is updated. com.linkedin.android/.authenticator.LaunchActivityDefault#UserHandle{0}|135 : 0
03-11 10:00:53.944 I/HoneySpace.PackageEventOperator(29783): [AbsFolderViewModel|213] badge count is updated. br.com.bb.android/.ReactNativeActivityAliasNormal#UserHandle{0}|108 : 0
03-11 10:00:53.944 I/HoneySpace.BadgeDataSourceImpl(29783): Get notification count. PackageKey(packageName=com.huawei.health, user=UserHandle{0}) - forceBadgeCount: false, notification listener: 1, badge provider: 0
03-11 10:00:53.944 I/HoneySpace.BadgeDataSourceImpl(29783): Badge Provider update. PackageKey(packageName=br.com.bb.android, user=UserHandle{0}): 20 -> 19
03-11 10:00:53.944 I/HoneySpace.BadgeDataSourceImpl(29783): Badge Provider update. PackageKey(packageName=com.duolingo, user=UserHandle{0}): 1 -> 0
03-11 10:00:53.944 I/HoneySpace.BadgeDataSourceImpl(29783): Badge Provider update. PackageKey(packageName=com.duolingo, user=UserHandle{0}): 0 -> 1
03-11 10:00:53.945 I/HoneySpace.PackageEventOperator(29783): [AbsFolderViewModel|213] badge count is updated. br.com.bb.android/.ReactNativeActivityAliasNormal#UserHandle{0}|108 : 0
03-11 10:00:53.945 I/HoneySpace.BadgeDataSourceImpl(29783): Get notification count. PackageKey(packageName=com.huawei.health, user=UserHandle{0}) - forceBadgeCount: false, notification listener: 1, badge provider: 0
03-11 10:00:53.945 I/HoneySpace.PackageEventOperator(29783): [AbsFolderViewModel|40] badge count is updated. com.duolingo/.app.UnhingedSickLauncher#UserHandle{0}|181 : 0
03-11 10:00:53.945 I/HoneySpace.PackageEventOperator(29783): [AbsFolderViewModel|40] badge count is updated. com.duolingo/.app.UnhingedSickLauncher#UserHandle{0}|181 : 0
03-11 10:00:53.945 I/HoneySpace.PackageEventOperator(29783): [ApplistViewModel] badge count is updated. com.linkedin.android/.authenticator.LaunchActivityDefault#UserHandle{0}|135 : 0
03-11 10:00:53.945 I/HoneySpace.BadgeDataSourceImpl(29783): Get notification count. PackageKey(packageName=com.huawei.health, user=UserHandle{0}) - forceBadgeCount: false, notification listener: 1, badge provider: 0
03-11 10:00:53.945 I/HoneySpace.PackageEventOperator(29783): [ApplistViewModel] badge count is updated. com.linkedin.android/.authenticator.LaunchActivityDefault#UserHandle{0}|135 : 0
03-11 10:00:53.946 I/HoneySpace.PackageEventOperator(29783): [ApplistViewModel] badge count is updated. br.com.bb.android/.ReactNativeActivityAliasNormal#UserHandle{0}|108 : 0
03-11 10:00:53.946 I/HoneySpace.BadgeDataSourceImpl(29783): Get notification count. PackageKey(packageName=com.huawei.health, user=UserHandle{0}) - forceBadgeCount: false, notification listener: 1, badge provider: 0
03-11 10:00:53.946 I/HoneySpace.PackageEventOperator(29783): [ApplistViewModel] badge count is updated. br.com.bb.android/.ReactNativeActivityAliasNormal#UserHandle{0}|108 : 0
03-11 10:00:53.946 I/HoneySpace.BadgeDataSourceImpl(29783): Get notification count. PackageKey(packageName=com.huawei.health, user=UserHandle{0}) - forceBadgeCount: false, notification listener: 1, badge provider: 0
03-11 10:00:53.946 I/HoneySpace.PackageEventOperator(29783): [ApplistViewModel] badge count is updated. com.duolingo/.app.UnhingedSickLauncher#UserHandle{0}|181 : 0
03-11 10:00:53.947 I/HoneySpace.BadgeDataSourceImpl(29783): Get notification count. PackageKey(packageName=com.huawei.health, user=UserHandle{0}) - forceBadgeCount: false, notification listener: 1, badge provider: 0
03-11 10:00:53.947 D/ApplicationPolicy( 1441): getApplicationStateEnabled : pkg = com.facebook.katana userId : 0
03-11 10:00:53.947 I/HoneySpace.PackageEventOperator(29783): [ApplistViewModel] badge count is updated. com.duolingo/.app.UnhingedSickLauncher#UserHandle{0}|181 : 0
03-11 10:00:53.947 I/HoneySpace.BadgeDataSourceImpl(29783): Get notification count. PackageKey(packageName=com.huawei.health, user=UserHandle{0}) - forceBadgeCount: false, notification listener: 1, badge provider: 0
03-11 10:00:53.948 D/ApplicationPolicy( 1441): getApplicationComponentState : pkg = com.facebook.katana userId : 0
03-11 10:00:53.950 I/BadgeProvider( 3641): query, [selection] : null
03-11 10:00:53.955 I/vendor.qti.bluetooth@1.0-ibs_handler(  954): ProcessIbsCmd: Received IBS_SLEEP_IND: 0xFE
03-11 10:00:53.963 I/vendor.qti.bluetooth@1.0-ibs_handler(  954): ProcessIbsCmd: Received IBS_WAKE_IND: 0xFD
03-11 10:00:53.963 I/vendor.qti.bluetooth@1.0-ibs_handler(  954): ProcessIbsCmd: Writing IBS_WAKE_ACK
03-11 10:00:53.990 W/fb4a.BloksPrivacySelectorFetchQpl( 3758): markerPoint is called unexpectedly with render location: BPS_COMPOSER
03-11 10:00:53.994 W/fb4a.BloksPrivacySelectorFetchQpl( 3758): markerPoint is called unexpectedly with render location: BPS_VIDEO_PRODUCTION_UNIFICATION
03-11 10:00:54.008 W/fb4a.BloksPrivacySelectorFetchQpl( 3758): markerPoint is called unexpectedly with render location: BPS_VIDEO_PRODUCTION_UNIFICATION
03-11 10:00:54.008 W/fb4a.BloksPrivacySelectorFetchQpl( 3758): success is called unexpectedly with render location: BPS_VIDEO_PRODUCTION_UNIFICATION
03-11 10:00:54.018 W/fb4a.BloksPrivacySelectorFetchQpl( 3758): markerPoint is called unexpectedly with render location: BPS_COMPOSER
03-11 10:00:54.018 W/fb4a.BloksPrivacySelectorFetchQpl( 3758): success is called unexpectedly with render location: BPS_COMPOSER
03-11 10:00:54.052 W/SecurityDistractHooks_LibraryLoaders( 3758): Invalid blocklist fetched from MC: . Default one will be used.
03-11 10:00:54.057 D/PackageManager( 1441): setEnabledSetting : userId = 0 packageName = com.facebook.katana cmp = com.facebook.rti.orca.FbnsLiteBroadcastReceiver newState = 2 callingPackage = com.facebook.katana
03-11 10:00:54.070 W/soloader.ApplicationInfoProvider( 3758): initialized: getApplicationInfo: yes; myUserId: yes
03-11 10:00:54.079 W/fb4a.SyncInitializer( 3758): Start regular sync initialization
03-11 10:00:54.086 I/android.hardware.health@2.1-service-samsung(  979): updateLrpSysfs: write: 348
03-11 10:00:54.091 D/PackageManager( 1441): setEnabledSetting : userId = 0 packageName = com.facebook.katana cmp = com.facebook.timeline.stagingground.Fb4aProfilePictureShareActivityAlias newState = 1 callingPackage = com.facebook.katana
03-11 10:00:54.092 D/ApplicationPolicy( 1441): getApplicationStateEnabled : pkg = com.facebook.katana userId : 0
03-11 10:00:54.093 D/ApplicationPolicy( 1441): getApplicationComponentState : pkg = com.facebook.katana userId : 0
03-11 10:00:54.094 D/PackageManager( 1441): setEnabledSetting : userId = 0 packageName = com.facebook.katana cmp = com.facebook.timeline.stagingground.WorkProfilePictureShareActivityAlias newState = 2 callingPackage = com.facebook.katana
03-11 10:00:54.132 W/DeviceStorageMonitorService( 1441): updateBroadcasts(/data) oldLevel:0, newLevel:0, seq:1
03-11 10:00:54.138 D/DlbDap2Process( 1127): process() called [916500] times with input format 0x22 and channel mask 0x3 (ProcessingMode=8), htEnable=0(0, 0, 0)
03-11 10:00:54.143 D/DeviceStorageMonitorService( 1441): Available File Node Number is [12743634]
03-11 10:00:54.144 W/DeviceStorageMonitorService( 1441): updateBroadcasts_filenode(/data) fn_oldLevel:0, fn_newLevel:0, seq:1
03-11 10:00:54.154 I/bauth_FPBAuthService( 1505): pcf : 0x1012, 0 ,2 ,0 ,0 ,0 ,2, 8.0.0.3
03-11 10:00:54.154 I/bauth_FPBAuthService( 1505): thread id : 2, preenroll_flag : 0, nd cnt : 1, cso : 2, et : 0
03-11 10:00:54.154 I/bauth_FPBAuthService( 1505): FPBAuthService, 11458
03-11 10:00:54.217 W/adbd    (31551): timed out while waiting for FUNCTIONFS_BIND, trying again
03-11 10:00:54.217 I/adbd    (31551): UsbFfs: connection terminated: monitor thread finished
03-11 10:00:54.218 I/adbd    (31551): UsbFfs: already offline
03-11 10:00:54.218 I/adbd    (31551): destroying transport UsbFfs
03-11 10:00:54.218 I/adbd    (31551): UsbFfsConnection being destroyed
03-11 10:00:54.235 I/android.hardware.health@2.1-service-samsung(  979): updateLrpSysfs: write: 348
03-11 10:00:54.243 I/adbd    (31551): opening control endpoint /dev/usb-ffs/adb/ep0
03-11 10:00:54.244 I/adbd    (31551): UsbFfsConnection constructed
03-11 10:00:54.245 I/adbd    (31551): UsbFfs-monitor thread spawned
03-11 10:00:54.246 E/monitorcontention( 3758): Couldn't find Runtime::Current
03-11 10:00:54.273 D/CompatibilityChangeReporter( 3758): Compat change id reported: 263076149; UID 10271; state: ENABLED
03-11 10:00:54.355 I/HoneySpace.PackageOperationTracker(29783): onShortcutsChanged com.facebook.katana - 1 UserHandle{0}
03-11 10:00:54.359 I/HoneySpace.ShortcutDataSourceImpl(29783): shortcut updated. ShortcutInfo {id=***, flags=0x2485 [DynIc-rStrRetsLiv], packageName=com.facebook.katana, activity=ComponentInfo{com.facebook.katana/com.facebook.katana.LoginActivity}, shortLabel=***, resId=0[null], longLabel=***, resId=0[null], disabledMessage=***, resId=0[null], disabledReason=[Not disabled], categories={android.shortcut.dynamic}, persons=null, icon=null, rank=0, timestamp=1773234054213, intents=null, extras=null}
03-11 10:00:54.360 I/HoneySpace.HoneySpaceManagerContainer(29783): packageUpdateEvent - com.honeyspace.sdk.source.entity.PackageOperation$ShortcutChanged@7b59d93
03-11 10:00:54.404 I/android.hardware.health@2.1-service-samsung(  979): updateLrpSysfs: write: 348
03-11 10:00:54.499 D/KNOX_MDM_SettingsProvider( 1441): isChangeAllowed() : name = enabled_notification_listeners
03-11 10:00:54.545 D/io_stats(  635): !@   8,0 r 414177497 11484201404 w 32092074 522784880 d 8995341 597024492 f 0 0 iot 97177104 0 th 0 0 0 pt 0 inp 0 2 760112.010
03-11 10:00:54.553 I/android.hardware.health@2.1-service-samsung(  979): updateLrpSysfs: write: 348
03-11 10:00:54.672 E/audit   (  853): type=1400 audit(1773234054.667:1744330): avc:  denied  { ioctl } for  pid=3758 comm="CombinedTP1" path="/data/data/com.facebook.katana/databases/prefs_db-journal" dev="dm-52" ino=865181 ioctlcmd=0xf522 scontext=u:r:untrusted_app:s0:c15,c257,c512,c768 tcontext=u:object_r:app_data_file:s0:c15,c257,c512,c768 tclass=file permissive=0 SEPF_SM-A235M_12_0001 audit_filtered
03-11 10:00:54.672 E/audit   (  853): type=1300 audit(1773234054.667:1744330): arch=c00000b7 syscall=29 success=no exit=-13 a0=d4 a1=f522 a2=1 a3=b595e18db0000000 items=0 ppid=876 pid=3758 auid=4294967295 uid=10271 gid=10271 euid=10271 suid=10271 fsuid=10271 egid=10271 sgid=10271 fsgid=10271 tty=(none) ses=4294967295 comm="CombinedTP1" exe="/system/bin/app_process64" subj=u:r:untrusted_app:s0:c15,c257,c512,c768 key=(null)
03-11 10:00:54.672 E/audit   (  853): type=1327 audit(1773234054.667:1744330): proctitle="com.facebook.katana"
03-11 10:00:54.725 I/android.hardware.health@2.1-service-samsung(  979): updateLrpSysfs: write: 348
03-11 10:00:54.892 I/android.hardware.health@2.1-service-samsung(  979): updateLrpSysfs: write: 348
03-11 10:00:55.034 E/Watchdog( 1441): !@Sync: 25315 heap: 145 / 160 FD: 1084 [2026-03-11 10:00:55.033]
03-11 10:00:55.081 D/SemWifiUsabilityStatsMonitor( 1441): onWifiUsabilityStats - seqNum 77843, isSameBssidAndFreq true
03-11 10:00:55.083 I/SemWifiLinkQualityMonitor( 1441): Link stat: 839 / 14 / 1.13 (44) / 390 / -57.0 || 100.0 : 390.00 / 0.5 : 0.89 / 0.55 : 0.02 / G (G) || 0.09 ms / 85.35 Mbps / N || 0 / N / 0 N / 0 Y
03-11 10:00:55.088 I/android.hardware.health@2.1-service-samsung(  979): updateLrpSysfs: write: 348
03-11 10:00:55.155 I/bauth_FPBAuthService( 1505): pcf : 0x1012, 0 ,2 ,0 ,0 ,0 ,2, 8.0.0.3
03-11 10:00:55.156 I/bauth_FPBAuthService( 1505): thread id : 2, preenroll_flag : 0, nd cnt : 1, cso : 2, et : 0
03-11 10:00:55.156 I/bauth_FPBAuthService( 1505): FPBAuthService, 11458
03-11 10:00:55.226 I/android.hardware.health@2.1-service-samsung(  979): updateLrpSysfs: write: 348
03-11 10:00:55.247 W/adbd    (31551): timed out while waiting for FUNCTIONFS_BIND, trying again
03-11 10:00:55.248 I/adbd    (31551): UsbFfs: connection terminated: monitor thread finished
03-11 10:00:55.249 I/adbd    (31551): UsbFfs: already offline
03-11 10:00:55.249 I/adbd    (31551): destroying transport UsbFfs
03-11 10:00:55.250 I/adbd    (31551): UsbFfsConnection being destroyed
03-11 10:00:55.264 I/adbd    (31551): opening control endpoint /dev/usb-ffs/adb/ep0
03-11 10:00:55.265 I/adbd    (31551): UsbFfsConnection constructed
03-11 10:00:55.268 I/adbd    (31551): UsbFfs-monitor thread spawned
03-11 10:00:55.394 I/android.hardware.health@2.1-service-samsung(  979): updateLrpSysfs: write: 348
03-11 10:00:55.564 I/android.hardware.health@2.1-service-samsung(  979): updateLrpSysfs: write: 348
03-11 10:00:55.726 I/android.hardware.health@2.1-service-samsung(  979): updateLrpSysfs: write: 348
03-11 10:00:55.882 I/sensors-hal(  983): handle_sns_client_event:544, [0][179781] accel_sample [ 0.234, -0.074,  9.852] 980324453121268
03-11 10:00:55.893 I/android.hardware.health@2.1-service-samsung(  979): updateLrpSysfs: write: 348
03-11 10:00:56.060 I/android.hardware.health@2.1-service-samsung(  979): updateLrpSysfs: write: 348
03-11 10:00:56.157 I/bauth_FPBAuthService( 1505): pcf : 0x1012, 0 ,2 ,0 ,0 ,0 ,2, 8.0.0.3
03-11 10:00:56.157 I/bauth_FPBAuthService( 1505): thread id : 2, preenroll_flag : 0, nd cnt : 1, cso : 2, et : 0
03-11 10:00:56.157 I/bauth_FPBAuthService( 1505): FPBAuthService, 11458
03-11 10:00:56.212 I/android.hardware.health@2.1-service-samsung(  979): updateLrpSysfs: write: 348
03-11 10:00:56.222 W/AMessage( 3758): failed to deliver message as target handler 1 is gone.
03-11 10:00:56.269 W/adbd    (31551): timed out while waiting for FUNCTIONFS_BIND, trying again
03-11 10:00:56.269 I/adbd    (31551): UsbFfs: connection terminated: monitor thread finished
03-11 10:00:56.270 I/adbd    (31551): UsbFfs: already offline
03-11 10:00:56.270 I/adbd    (31551): destroying transport UsbFfs
03-11 10:00:56.270 I/adbd    (31551): UsbFfsConnection being destroyed
03-11 10:00:56.283 I/adbd    (31551): opening control endpoint /dev/usb-ffs/adb/ep0
03-11 10:00:56.288 I/adbd    (31551): UsbFfsConnection constructed
03-11 10:00:56.294 I/adbd    (31551): UsbFfs-monitor thread spawned
03-11 10:00:56.394 I/android.hardware.health@2.1-service-samsung(  979): updateLrpSysfs: write: 348
03-11 10:00:56.549 D/io_stats(  635): !@   8,0 r 414177551 11484204164 w 32092074 522784880 d 8995341 597024492 f 0 0 iot 97177132 0 th 0 0 0 pt 0 inp 0 0 760114.014
03-11 10:00:56.565 I/android.hardware.health@2.1-service-samsung(  979): updateLrpSysfs: write: 348
03-11 10:00:56.703 I/android.hardware.health@2.1-service-samsung(  979): updateLrpSysfs: write: 348
03-11 10:00:56.887 I/android.hardware.health@2.1-service-samsung(  979): updateLrpSysfs: write: 348
03-11 10:00:57.033 D/PackageManager( 1441): setEnabledSetting : userId = 0 packageName = com.instagram.barcelona cmp = com.instagram.push.FbnsInitBroadcastReceiver newState = 1 callingPackage = com.instagram.barcelona
03-11 10:00:57.035 D/ApplicationPolicy( 1441): getApplicationStateEnabled : pkg = com.instagram.barcelona userId : 0
03-11 10:00:57.038 D/ApplicationPolicy( 1441): getApplicationComponentState : pkg = com.instagram.barcelona userId : 0
03-11 10:00:57.054 I/android.hardware.health@2.1-service-samsung(  979): updateLrpSysfs: write: 348
03-11 10:00:57.157 I/bauth_FPBAuthService( 1505): pcf : 0x1012, 0 ,2 ,0 ,0 ,0 ,2, 8.0.0.3
03-11 10:00:57.158 I/bauth_FPBAuthService( 1505): thread id : 2, preenroll_flag : 0, nd cnt : 1, cso : 2, et : 0
03-11 10:00:57.158 I/bauth_FPBAuthService( 1505): FPBAuthService, 11458
03-11 10:00:57.173 I/android.hardware.health@2.1-service-samsung(  979): updateLrpSysfs: write: 348
03-11 10:00:57.178 I/agram.barcelona( 3756): CollectorTransition concurrent copying GC freed 925654(22MB) AllocSpace objects, 157(7520KB) LOS objects, 70% free, 10106KB/33MB, paused 7.441ms,60us total 147.911ms
03-11 10:00:57.227 W/JavaBinder( 3756): BinderProxy is being destroyed but the application did not call unlinkToDeath to unlink all of its death recipients beforehand.  Releasing leaked death recipient: X.0xf
03-11 10:00:57.228 I/BpBinder( 3756): onLastStrongRef automatically unlinking death recipients: 
03-11 10:00:57.240 W/System  ( 3756): A resource failed to call close. 
03-11 10:00:57.296 W/adbd    (31551): timed out while waiting for FUNCTIONFS_BIND, trying again
03-11 10:00:57.296 I/adbd    (31551): UsbFfs: connection terminated: monitor thread finished
03-11 10:00:57.297 I/adbd    (31551): UsbFfs: already offline
03-11 10:00:57.297 I/adbd    (31551): destroying transport UsbFfs
03-11 10:00:57.297 I/adbd    (31551): UsbFfsConnection being destroyed
03-11 10:00:57.320 I/adbd    (31551): opening control endpoint /dev/usb-ffs/adb/ep0
03-11 10:00:57.321 I/adbd    (31551): UsbFfsConnection constructed
03-11 10:00:57.322 I/adbd    (31551): UsbFfs-monitor thread spawned
03-11 10:00:57.366 I/android.hardware.health@2.1-service-samsung(  979): updateLrpSysfs: write: 348
03-11 10:00:57.426 I/SDHMS:LOAD( 5106): type: LoadsFreqs, value: 0:1:1:1311360:2400000:1056000:1311360:2400000:1056000:353:600:320
03-11 10:00:57.516 I/android.hardware.health@2.1-service-samsung(  979): updateLrpSysfs: write: 348
03-11 10:00:57.694 I/android.hardware.health@2.1-service-samsung(  979): updateLrpSysfs: write: 348
03-11 10:00:57.695 I/VSyncReactor( 1161): Current= 60, Period= 60, hwcPeriod= 60
03-11 10:00:57.855 I/android.hardware.health@2.1-service-samsung(  979): updateLrpSysfs: write: 348
03-11 10:00:57.900 I/sensors-hal(  983): handle_sns_client_event:544, [0][179791] accel_sample [ 0.218, -0.094,  9.851] 980326470395748
03-11 10:00:58.031 I/android.hardware.health@2.1-service-samsung(  979): updateLrpSysfs: write: 348
03-11 10:00:58.110 D/SemWifiUsabilityStatsMonitor( 1441): onWifiUsabilityStats - seqNum 77844, isSameBssidAndFreq true
03-11 10:00:58.112 I/SemWifiLinkQualityMonitor( 1441): Link stat: 2952 / 62 / 1.21 (156) / 390 / -56.0 || 100.0 : 390.00 / 0.5 : 0.83 / 0.55 : 0.02 / G (G) || 0.09 ms / 85.05 Mbps / N || 0 / N / 0 N / 0 Y
03-11 10:00:58.120 D/TrafficStats(31906): tagSocket(106) with statsTag=0xffffffff, statsUid=-1
03-11 10:00:58.122 D/NetdEventListenerService( 1441): DNS Requested by 1424, 10355, 52
03-11 10:00:58.158 I/bauth_FPBAuthService( 1505): pcf : 0x1012, 0 ,2 ,0 ,0 ,0 ,2, 8.0.0.3
03-11 10:00:58.158 I/bauth_FPBAuthService( 1505): thread id : 2, preenroll_flag : 0, nd cnt : 1, cso : 2, et : 0
03-11 10:00:58.158 I/bauth_FPBAuthService( 1505): FPBAuthService, 11458
03-11 10:00:58.183 I/android.hardware.health@2.1-service-samsung(  979): updateLrpSysfs: write: 348
03-11 10:00:58.324 W/adbd    (31551): timed out while waiting for FUNCTIONFS_BIND, trying again
03-11 10:00:58.324 I/adbd    (31551): UsbFfs: connection terminated: monitor thread finished
03-11 10:00:58.324 I/adbd    (31551): UsbFfs: already offline
03-11 10:00:58.325 I/adbd    (31551): destroying transport UsbFfs
03-11 10:00:58.325 I/adbd    (31551): UsbFfsConnection being destroyed
03-11 10:00:58.343 I/adbd    (31551): opening control endpoint /dev/usb-ffs/adb/ep0
03-11 10:00:58.346 I/adbd    (31551): UsbFfsConnection constructed
03-11 10:00:58.348 I/adbd    (31551): UsbFfs-monitor thread spawned
03-11 10:00:58.362 I/android.hardware.health@2.1-service-samsung(  979): updateLrpSysfs: write: 348
03-11 10:00:58.520 I/android.hardware.health@2.1-service-samsung(  979): updateLrpSysfs: write: 348
03-11 10:00:58.553 D/io_stats(  635): !@   8,0 r 414177702 11484208308 w 32092081 522784908 d 8995341 597024492 f 0 0 iot 97177296 0 th 0 0 0 pt 0 inp 0 0 760116.018
03-11 10:00:58.686 I/android.hardware.health@2.1-service-samsung(  979): updateLrpSysfs: write: 348
03-11 10:00:58.705 D/WifiConnectivityMonitor.NetworkStatsAnalyzer( 1441): Backhaul result - RSSI:-56, CE:11, PE:11, TI:19, PTI:19, TW:8, PTW:8, Tx:246, Rx:162, TxS:222, RxS:145, RESULT:true, IC:0, ICT:5, WC:0, WCT:5, R:0, RC:0, IE:0, EC:0
03-11 10:00:58.834 I/android.hardware.health@2.1-service-samsung(  979): updateLrpSysfs: write: 348
03-11 10:00:58.935 I/vendor.qti.bluetooth@1.0-ibs_handler(  954): ProcessIbsCmd: Received IBS_SLEEP_IND: 0xFE
03-11 10:00:58.943 I/vendor.qti.bluetooth@1.0-ibs_handler(  954): ProcessIbsCmd: Received IBS_WAKE_IND: 0xFD
03-11 10:00:58.943 I/vendor.qti.bluetooth@1.0-ibs_handler(  954): ProcessIbsCmd: Writing IBS_WAKE_ACK
03-11 10:00:59.028 I/android.hardware.health@2.1-service-samsung(  979): updateLrpSysfs: write: 348
03-11 10:00:59.161 I/bauth_FPBAuthService( 1505): pcf : 0x1012, 0 ,2 ,0 ,0 ,0 ,2, 8.0.0.3
03-11 10:00:59.162 I/bauth_FPBAuthService( 1505): thread id : 2, preenroll_flag : 0, nd cnt : 1, cso : 2, et : 0
03-11 10:00:59.162 I/bauth_FPBAuthService( 1505): FPBAuthService, 11458
03-11 10:00:59.169 I/android.hardware.health@2.1-service-samsung(  979): updateLrpSysfs: write: 348
03-11 10:00:59.342 I/android.hardware.health@2.1-service-samsung(  979): updateLrpSysfs: write: 348
03-11 10:00:59.350 W/adbd    (31551): timed out while waiting for FUNCTIONFS_BIND, trying again
03-11 10:00:59.350 I/adbd    (31551): UsbFfs: connection terminated: monitor thread finished
03-11 10:00:59.351 I/adbd    (31551): UsbFfs: already offline
03-11 10:00:59.351 I/adbd    (31551): destroying transport UsbFfs
03-11 10:00:59.351 I/adbd    (31551): UsbFfsConnection being destroyed
03-11 10:00:59.363 I/adbd    (31551): opening control endpoint /dev/usb-ffs/adb/ep0
03-11 10:00:59.366 I/adbd    (31551): UsbFfsConnection constructed
03-11 10:00:59.368 I/adbd    (31551): UsbFfs-monitor thread spawned
03-11 10:00:59.469 I/android.hardware.health@2.1-service-samsung(  979): updateLrpSysfs: write: 348
03-11 10:00:59.634 I/android.hardware.health@2.1-service-samsung(  979): updateLrpSysfs: write: 348
03-11 10:00:59.805 I/android.hardware.health@2.1-service-samsung(  979): updateLrpSysfs: write: 348
03-11 10:00:59.916 I/sensors-hal(  983): handle_sns_client_event:544, [0][179801] accel_sample [ 0.218, -0.087,  9.853] 980328487639706
03-11 10:00:59.952 I/ActivityManager( 1441): Changes in 10043 5 to 15, 56 to 0
03-11 10:00:59.957 D/HidDeviceService(22660): handleMessage(): msg.what=8
03-11 10:00:59.962 I/ActivityManager( 1441): Changes in 15010043 5 to 15, 56 to 0
03-11 10:00:59.965 D/HidDeviceService(22660): handleMessage(): msg.what=8
03-11 10:00:59.971 D/TrafficStats( 1441): tagSocket(1009) with statsTag=0xffffffff, statsUid=-1
03-11 10:00:59.978 D/TrafficStats( 1441): tagSocket(1015) with statsTag=0xffffffff, statsUid=-1
03-11 10:00:59.982 D/TrafficStats( 1441): tagSocket(1025) with statsTag=0xffffffff, statsUid=-1
03-11 10:00:59.985 D/TrafficStats( 1441): tagSocket(1029) with statsTag=0xffffffff, statsUid=-1
03-11 10:01:00.016 I/android.hardware.health@2.1-service-samsung(  979): updateLrpSysfs: write: 348
03-11 10:01:00.021 I/DateTimeView( 2417): updateAll - getTimeFormat
03-11 10:01:00.033 D/QSClockBellTower( 2417): onReceive(android.intent.action.TIME_TICK) mTimeZoneString:America/Sao_Paulo
03-11 10:01:00.039 D/FaceWidgetPagesController( 2417): onTimeChanged()
03-11 10:01:00.048 D/QSClockBellTower( 2417): He is ready to ring the bell. (((QSClockBellSound - TimeText:10:01, TimeContentDescription:10:01, DateText:Wed, March 11, ShortDateText:Wed, Mar 11, Demo:false, QuickStar-Second(false|12:34:56), QuickStar-DateText:Wed, Mar 11)))
03-11 10:01:00.056 D/QSClock ( 2417): StatusBar clock=10:01 notifyTimeChanged(QSClockBellSound - TimeText:10:01, TimeContentDescription:10:01, DateText:Wed, March 11, ShortDateText:Wed, Mar 11, Demo:false, QuickStar-Second(false|12:34:56), QuickStar-DateText:Wed, Mar 11) clockVisibleByPolicy=true, clockVisibleByUser=true, visible=true, parent=android.widget.LinearLayout{bc15db3 V.E...... ......ID 0,0-75,58 #7f0a0591 app:id/left_clock_container}
03-11 10:01:00.060 D/QSClockBellTower( 2417): Everyone heard the bell. run(currentTime:1773234060045, getTime():Wed Mar 11 10:01:00 GMT-03:00 2026, getTimeZone():libcore.util.ZoneInfo[mDstSavings=0,mUseDst=false,mDelegate=[id="America/Sao_Paulo",mRawOffset=-10800000,mEarliestRawOffset=-11188000,transitions=91]])
03-11 10:01:00.090 I/HAF_MemoryUtils(28265): 1600101320|R|I|total-pss=53966, java-heap=14348, native-heap=6212, code=632, system=29938, threads=63, importance=(125, 0), dex-mmap=(18, 0, 0, 0), ver=16.1.1.320
03-11 10:01:00.093 I/HAF_MemoryUtils(29904): 1600101320|R|I|total-pss=68499, java-heap=7200, native-heap=3796, code=484, system=52567, threads=136, importance=(125, 0), dex-mmap=(46, 12, 0, 0), ver=16.1.1.320
03-11 10:01:00.105 I/HAF_HandlerCenter(29904): 1600101320|R|I|remove TaskHandler{handlerKey=HwExerciseAdviceManager, prefix=haf_hc_, idleTime=60000, HC=72377018, TH=260838100}, size=2
03-11 10:01:00.108 I/android.hardware.health@2.1-service-samsung(  979): updateLrpSysfs: write: 348
03-11 10:01:00.149 D/QsExpandAnimator( 2417): mIsDateButtonOverlapped = false >> false, (258.0 + 375) = 633.0 : 984
03-11 10:01:00.162 I/bauth_FPBAuthService( 1505): pcf : 0x1012, 0 ,2 ,0 ,0 ,0 ,2, 8.0.0.3
03-11 10:01:00.163 I/bauth_FPBAuthService( 1505): thread id : 2, preenroll_flag : 0, nd cnt : 1, cso : 2, et : 0
03-11 10:01:00.163 I/bauth_FPBAuthService( 1505): FPBAuthService, 11458
03-11 10:01:00.191 D/WifiConnectivityMonitor.DnsThread( 1441):  [|224] [] [] []
03-11 10:01:00.194 D/WifiConnectivityMonitor.NetworkStatsAnalyzer( 1441): DNS resultType : 0, responseTime : 224
03-11 10:01:00.196 D/OpenNetworkQos[4.00]( 1441): updateBssidLatestDnsResultType - result: 0
03-11 10:01:00.196 D/OpenNetworkQos[4.00]( 1441): updateBssidNoInternet: mBssidNoInternet = false
03-11 10:01:00.196 D/OpenNetworkQos[4.00]( 1441): getOpenNetworkQosNoInternetStatus: false[Private DNS is active. Result is ignored.]
03-11 10:01:00.196 D/OpenNetworkQos[4.00]( 1441): getOpenNetworkQosScores: 30 30 30 [Private DNS is active. Result is ignored.]
03-11 10:01:00.196 I/WifiProfileShare( 1441): network QoS data was changed (internet), updateQoSData networkType: true, qosData: false
03-11 10:01:00.199 D/WifiProfileShare( 1441): nearby scanning settings stop
03-11 10:01:00.199 V/WifiProfileShare.Caster( 1441): checkAndGetShareData - nearby scanning
03-11 10:01:00.208 W/View    ( 2417): requestLayout() improperly called by android.widget.FrameLayout{d912693 V.E...... ......ID 0,107-1080,2408 #7f0a0846 app:id/qs_frame} during layout: running second layout pass
03-11 10:01:00.283 I/android.hardware.health@2.1-service-samsung(  979): updateLrpSysfs: write: 348
03-11 10:01:00.371 W/adbd    (31551): timed out while waiting for FUNCTIONFS_BIND, trying again
03-11 10:01:00.371 I/adbd    (31551): UsbFfs: connection terminated: monitor thread finished
03-11 10:01:00.372 I/adbd    (31551): UsbFfs: already offline
03-11 10:01:00.372 I/adbd    (31551): destroying transport UsbFfs
03-11 10:01:00.373 I/adbd    (31551): UsbFfsConnection being destroyed
03-11 10:01:00.388 I/adbd    (31551): opening control endpoint /dev/usb-ffs/adb/ep0
03-11 10:01:00.392 I/adbd    (31551): UsbFfsConnection constructed
03-11 10:01:00.394 I/adbd    (31551): UsbFfs-monitor thread spawned
03-11 10:01:00.475 I/android.hardware.health@2.1-service-samsung(  979): updateLrpSysfs: write: 348
03-11 10:01:00.558 D/io_stats(  635): !@   8,0 r 414178318 11484232644 w 32092199 522788724 d 8995341 597024492 f 0 0 iot 97177644 0 th 0 0 0 pt 0 inp 0 0 760118.023
03-11 10:01:00.654 I/android.hardware.health@2.1-service-samsung(  979): updateLrpSysfs: write: 348
03-11 10:01:00.798 I/android.hardware.health@2.1-service-samsung(  979): updateLrpSysfs: write: 348
03-11 10:01:00.946 E/KernelCpuUidFullTimeReader( 1441): Negative delta from freq time for uid: 90000, delta: -23243
03-11 10:01:00.948 E/KernelCpuUidFullTimeReader( 1441): Negative delta from freq time for uid: 90001, delta: -67710
03-11 10:01:00.948 E/KernelCpuUidFullTimeReader( 1441): Negative delta from freq time for uid: 90002, delta: -86737
03-11 10:01:00.948 E/KernelCpuUidFullTimeReader( 1441): Negative delta from freq time for uid: 90003, delta: -33605
03-11 10:01:00.948 E/KernelCpuUidFullTimeReader( 1441): Negative delta from freq time for uid: 90004, delta: -19285
03-11 10:01:00.948 E/KernelCpuUidFullTimeReader( 1441): Negative delta from freq time for uid: 90005, delta: -7880
03-11 10:01:00.948 E/KernelCpuUidFullTimeReader( 1441): Negative delta from freq time for uid: 90006, delta: -1477
03-11 10:01:00.948 E/KernelCpuUidFullTimeReader( 1441): Negative delta from freq time for uid: 90007, delta: -4153
03-11 10:01:00.948 E/KernelCpuUidFullTimeReader( 1441): Negative delta from freq time for uid: 90008, delta: -867
03-11 10:01:00.948 E/KernelCpuUidFullTimeReader( 1441): Negative delta from freq time for uid: 90009, delta: -250
03-11 10:01:00.948 E/KernelCpuUidFullTimeReader( 1441): Negative delta from freq time for uid: 90010, delta: -531
03-11 10:01:00.948 E/KernelCpuUidFullTimeReader( 1441): Negative delta from freq time for uid: 90011, delta: -573
03-11 10:01:00.948 E/KernelCpuUidFullTimeReader( 1441): Negative delta from freq time for uid: 90012, delta: -959
03-11 10:01:00.948 E/KernelCpuUidFullTimeReader( 1441): Negative delta from freq time for uid: 90013, delta: -864
03-11 10:01:00.948 E/KernelCpuUidFullTimeReader( 1441): Negative delta from freq time for uid: 90014, delta: -644
03-11 10:01:00.948 E/KernelCpuUidFullTimeReader( 1441): Negative delta from freq time for uid: 90015, delta: -384
03-11 10:01:00.948 E/KernelCpuUidFullTimeReader( 1441): Negative delta from freq time for uid: 90016, delta: -561
03-11 10:01:00.948 E/KernelCpuUidFullTimeReader( 1441): Negative delta from freq time for uid: 90017, delta: -436
03-11 10:01:00.948 E/KernelCpuUidFullTimeReader( 1441): Negative delta from freq time for uid: 90018, delta: -104
03-11 10:01:00.948 E/KernelCpuUidFullTimeReader( 1441): Negative delta from freq time for uid: 90019, delta: -445
03-11 10:01:00.948 E/KernelCpuUidFullTimeReader( 1441): Negative delta from freq time for uid: 90020, delta: -711
03-11 10:01:00.948 E/KernelCpuUidFullTimeReader( 1441): Negative delta from freq time for uid: 90021, delta: -746
03-11 10:01:00.948 E/KernelCpuUidFullTimeReader( 1441): Negative delta from freq time for uid: 90022, delta: -576
03-11 10:01:00.948 E/KernelCpuUidFullTimeReader( 1441): Negative delta from freq time for uid: 90023, delta: -485
03-11 10:01:00.948 E/KernelCpuUidFullTimeReader( 1441): Negative delta from freq time for uid: 90024, delta: -579
03-11 10:01:00.948 E/KernelCpuUidFullTimeReader( 1441): Negative delta from freq time for uid: 90025, delta: -166
03-11 10:01:00.948 E/KernelCpuUidFullTimeReader( 1441): Negative delta from freq time for uid: 90026, delta: -486
03-11 10:01:00.948 E/KernelCpuUidFullTimeReader( 1441): Negative delta from freq time for uid: 90027, delta: -443
03-11 10:01:00.948 E/KernelCpuUidFullTimeReader( 1441): Negative delta from freq time for uid: 90028, delta: -594
03-11 10:01:00.948 E/KernelCpuUidFullTimeReader( 1441): Negative delta from freq time for uid: 90029, delta: -1087
03-11 10:01:00.948 E/KernelCpuUidFullTimeReader( 1441): Negative delta from freq time for uid: 90031, delta: -39
03-11 10:01:00.948 E/KernelCpuUidFullTimeReader( 1441): Negative delta from freq time for uid: 90032, delta: -154
03-11 10:01:00.948 E/KernelCpuUidFullTimeReader( 1441): Negative delta from freq time for uid: 90100, delta: -3394
03-11 10:01:00.948 E/KernelCpuUidFullTimeReader( 1441): Negative delta from freq time for uid: 90101, delta: -4259
03-11 10:01:00.948 E/KernelCpuUidFullTimeReader( 1441): Negative delta from freq time for uid: 90102, delta: -41873
03-11 10:01:00.948 E/KernelCpuUidFullTimeReader( 1441): Negative delta from freq time for uid: 90103, delta: -41698
03-11 10:01:00.948 E/KernelCpuUidFullTimeReader( 1441): Negative delta from freq time for uid: 90104, delta: -16091
03-11 10:01:00.948 E/KernelCpuUidFullTimeReader( 1441): Negative delta from freq time for uid: 90105, delta: -2410
03-11 10:01:00.948 E/KernelCpuUidFullTimeReader( 1441): Negative delta from freq time for uid: 90106, delta: -2477
03-11 10:01:00.948 E/KernelCpuUidFullTimeReader( 1441): Negative delta from freq time for uid: 90107, delta: -3275
03-11 10:01:00.948 E/KernelCpuUidFullTimeReader( 1441): Negative delta from freq time for uid: 90108, delta: -870
03-11 10:01:00.948 E/KernelCpuUidFullTimeReader( 1441): Negative delta from freq time for uid: 90109, delta: -12691
03-11 10:01:00.948 E/KernelCpuUidFullTimeReader( 1441): Negative delta from freq time for uid: 90110, delta: -20799
03-11 10:01:00.948 E/KernelCpuUidFullTimeReader( 1441): Negative delta from freq time for uid: 90112, delta: -482
03-11 10:01:00.948 E/KernelCpuUidFullTimeReader( 1441): Negative delta from freq time for uid: 90113, delta: -40267
03-11 10:01:00.948 E/KernelCpuUidFullTimeReader( 1441): Negative delta from freq time for uid: 90114, delta: -420
03-11 10:01:00.948 E/KernelCpuUidFullTimeReader( 1441): Negative delta from freq time for uid: 90115, delta: -4644
03-11 10:01:00.948 E/KernelCpuUidFullTimeReader( 1441): Negative delta from freq time for uid: 90116, delta: -75670
03-11 10:01:00.948 E/KernelCpuUidFullTimeReader( 1441): Negative delta from freq time for uid: 90119, delta: -507
03-11 10:01:00.948 I/android.hardware.health@2.1-service-samsung(  979): updateLrpSysfs: write: 348
03-11 10:01:00.949 D/CustomizedBinderCallsStatsInternal( 1441): reportCpuUsage() : 3%
03-11 10:01:00.950 I/BinderCallsStats( 1441): Collected cpu time : 696us, collected call count : 3180 for 45450358 ms
03-11 10:01:01.033 E/KernelCpuUidFullTimeReader( 1441): Negative delta from freq time for uid: 90000, delta: -23243
03-11 10:01:01.033 E/KernelCpuUidFullTimeReader( 1441): Negative delta from freq time for uid: 90001, delta: -67710
03-11 10:01:01.033 E/KernelCpuUidFullTimeReader( 1441): Negative delta from freq time for uid: 90002, delta: -86737
03-11 10:01:01.033 E/KernelCpuUidFullTimeReader( 1441): Negative delta from freq time for uid: 90003, delta: -33605
03-11 10:01:01.033 E/KernelCpuUidFullTimeReader( 1441): Negative delta from freq time for uid: 90004, delta: -19285
03-11 10:01:01.033 E/KernelCpuUidFullTimeReader( 1441): Negative delta from freq time for uid: 90005, delta: -7880
03-11 10:01:01.033 E/KernelCpuUidFullTimeReader( 1441): Negative delta from freq time for uid: 90006, delta: -1477
03-11 10:01:01.033 E/KernelCpuUidFullTimeReader( 1441): Negative delta from freq time for uid: 90007, delta: -4153
03-11 10:01:01.033 E/KernelCpuUidFullTimeReader( 1441): Negative delta from freq time for uid: 90008, delta: -867
03-11 10:01:01.033 E/KernelCpuUidFullTimeReader( 1441): Negative delta from freq time for uid: 90009, delta: -250
03-11 10:01:01.033 E/KernelCpuUidFullTimeReader( 1441): Negative delta from freq time for uid: 90010, delta: -531
03-11 10:01:01.033 E/KernelCpuUidFullTimeReader( 1441): Negative delta from freq time for uid: 90011, delta: -573
03-11 10:01:01.033 E/KernelCpuUidFullTimeReader( 1441): Negative delta from freq time for uid: 90012, delta: -959
03-11 10:01:01.033 E/KernelCpuUidFullTimeReader( 1441): Negative delta from freq time for uid: 90013, delta: -864
03-11 10:01:01.033 E/KernelCpuUidFullTimeReader( 1441): Negative delta from freq time for uid: 90014, delta: -644
03-11 10:01:01.033 E/KernelCpuUidFullTimeReader( 1441): Negative delta from freq time for uid: 90015, delta: -384
03-11 10:01:01.033 E/KernelCpuUidFullTimeReader( 1441): Negative delta from freq time for uid: 90016, delta: -561
03-11 10:01:01.033 E/KernelCpuUidFullTimeReader( 1441): Negative delta from freq time for uid: 90017, delta: -436
03-11 10:01:01.033 E/KernelCpuUidFullTimeReader( 1441): Negative delta from freq time for uid: 90018, delta: -104
03-11 10:01:01.033 E/KernelCpuUidFullTimeReader( 1441): Negative delta from freq time for uid: 90019, delta: -445
03-11 10:01:01.033 E/KernelCpuUidFullTimeReader( 1441): Negative delta from freq time for uid: 90020, delta: -711
03-11 10:01:01.033 E/KernelCpuUidFullTimeReader( 1441): Negative delta from freq time for uid: 90021, delta: -746
03-11 10:01:01.033 E/KernelCpuUidFullTimeReader( 1441): Negative delta from freq time for uid: 90022, delta: -576
03-11 10:01:01.033 E/KernelCpuUidFullTimeReader( 1441): Negative delta from freq time for uid: 90023, delta: -485
03-11 10:01:01.033 E/KernelCpuUidFullTimeReader( 1441): Negative delta from freq time for uid: 90024, delta: -579
03-11 10:01:01.033 E/KernelCpuUidFullTimeReader( 1441): Negative delta from freq time for uid: 90025, delta: -166
03-11 10:01:01.033 E/KernelCpuUidFullTimeReader( 1441): Negative delta from freq time for uid: 90026, delta: -486
03-11 10:01:01.033 E/KernelCpuUidFullTimeReader( 1441): Negative delta from freq time for uid: 90027, delta: -443
03-11 10:01:01.033 E/KernelCpuUidFullTimeReader( 1441): Negative delta from freq time for uid: 90028, delta: -594
03-11 10:01:01.033 E/KernelCpuUidFullTimeReader( 1441): Negative delta from freq time for uid: 90029, delta: -1087
03-11 10:01:01.033 E/KernelCpuUidFullTimeReader( 1441): Negative delta from freq time for uid: 90031, delta: -39
03-11 10:01:01.033 E/KernelCpuUidFullTimeReader( 1441): Negative delta from freq time for uid: 90032, delta: -154
03-11 10:01:01.033 E/KernelCpuUidFullTimeReader( 1441): Negative delta from freq time for uid: 90100, delta: -3394
03-11 10:01:01.034 E/KernelCpuUidFullTimeReader( 1441): Negative delta from freq time for uid: 90101, delta: -4259
03-11 10:01:01.034 E/KernelCpuUidFullTimeReader( 1441): Negative delta from freq time for uid: 90102, delta: -41873
03-11 10:01:01.034 E/KernelCpuUidFullTimeReader( 1441): Negative delta from freq time for uid: 90103, delta: -41698
03-11 10:01:01.034 E/KernelCpuUidFullTimeReader( 1441): Negative delta from freq time for uid: 90104, delta: -16091
03-11 10:01:01.034 E/KernelCpuUidFullTimeReader( 1441): Negative delta from freq time for uid: 90105, delta: -2410
03-11 10:01:01.034 E/KernelCpuUidFullTimeReader( 1441): Negative delta from freq time for uid: 90106, delta: -2309
03-11 10:01:01.034 E/KernelCpuUidFullTimeReader( 1441): Negative delta from freq time for uid: 90107, delta: -3275
03-11 10:01:01.034 E/KernelCpuUidFullTimeReader( 1441): Negative delta from freq time for uid: 90108, delta: -870
03-11 10:01:01.034 E/KernelCpuUidFullTimeReader( 1441): Negative delta from freq time for uid: 90109, delta: -12691
03-11 10:01:01.034 E/KernelCpuUidFullTimeReader( 1441): Negative delta from freq time for uid: 90110, delta: -20799
