03-11 10:01:17.079 D/ConnectivityService( 1441): releasing NetworkRequest [ REQUEST id=88767, [ Capabilities: INTERNET&NOT_RESTRICTED&TRUSTED&NOT_VCN_MANAGED Uid: 10210 RequestorUid: 10210 RequestorPkg: com.google.android.googlequicksearchbox UnderlyingNetworks: Null] ] (release request)
03-11 10:01:17.080 I/SoundAliveWrapper( 4454): setStrength() : type is concert hall (3), strength is 0
03-11 10:01:17.080 I/EffectManager( 4454): isSupportDolbyAtmosOnThisAudioPath() : path is bluetooth (2)
03-11 10:01:17.080 I/PreferencesManager( 4454): getDolbyAtmosForGamingSwitch() : default value is 0
03-11 10:01:17.080 I/Zygote  (  876): Process 3040 exited due to signal 9 (Killed)
03-11 10:01:17.080 I/AudioPathManager( 4454): loadAudioPath() : loaded audio path is bluetooth (2)
03-11 10:01:17.080 I/EffectManager( 4454): isSupportDolbyAtmosOnThisAudioPath() : path is bluetooth (2)
03-11 10:01:17.081 I/AudioManager( 4454): setParameters keyValuePairs = g_effect_game_dolby_enable=0
03-11 10:01:17.081 V/APM_AudioPolicyManager( 1127): setAudioPolicyConfig: g_effect_game_dolby_enable=0
03-11 10:01:17.082 D/ConnectivityService( 1441):  Removing from current network [1424 WIFI], leaving 171 requests.
03-11 10:01:17.083 I/libprocessgroup( 1441): Successfully killed process cgroup uid 10210 pid 3040 in 4ms
03-11 10:01:17.087 D/DlbEffectContext( 1127): setParam() received parameter EFFECT_PARAM_ENABLE
03-11 10:01:17.088 D/DlbEffectContext( 1127): setParam() received parameter EFFECT_PARAM_ENABLE
03-11 10:01:17.088 I/DolbyAtmosWrapper( 4454): setProfileEnabled() : for dolby atmos for gaming, false
03-11 10:01:17.088 D/DlbEffectContext( 1127): setParam() received parameter EFFECT_PARAM_PROFILE
03-11 10:01:17.088 D/DlbEffectContext( 1127): setProfile(profile=5) stageIdx:-29003
03-11 10:01:17.088 D/DlbEffectContext( 1127): setParam() received parameter EFFECT_PARAM_PROFILE
03-11 10:01:17.088 D/DlbEffectContext( 1127): setProfile(profile=5) stageIdx:-29004
03-11 10:01:17.088 I/DolbyAtmosWrapper( 4454): setProfile() : for dolby atmos for gaming, 5
03-11 10:01:17.088 I/AudioPathManager( 4454): loadAudioPath() : loaded audio path is bluetooth (2)
03-11 10:01:17.088 I/RestrictModeUtil( 4454): isOwnerMode() : user id is 0
03-11 10:01:17.088 E/RestrictModeUtil( 4454): isDexMode() : desktop mode manager is null, so it can't be decided
03-11 10:01:17.088 I/RestrictModeUtil( 4454): isEmergencyMode() : emergency mode is disabled
03-11 10:01:17.089 D/AudioSAEffectOffload(  950): update offload effect: SA,0,0,3,4,1,-2,0,0,1,0,-1,0,0,0,0,0,0,4,4,1,1,0,0,0,0,0
03-11 10:01:17.089 I/SoundAlive_Interface_a64( 1127): [ 1 ][ 192000 ]Set_USER_EQ() : 3, 4, 1, -2, 0, 0, 1, 0, -1
03-11 10:01:17.089 I/SoundAlive_Interface_a64( 1127): [ 3 ][ 48000 ]Set_USER_EQ() : 3, 4, 1, -2, 0, 0, 1, 0, -1
03-11 10:01:17.089 I/SoundAlive_Interface_a64( 1127): [ 5 ][ 48000 ]Set_USER_EQ() : 3, 4, 1, -2, 0, 0, 1, 0, -1
03-11 10:01:17.089 I/SoundAlive_Interface_a64( 1127): [ 123 ][ 44100 ]Set_USER_EQ() : 3, 4, 1, -2, 0, 0, 1, 0, -1
03-11 10:01:17.090 I/SoundAliveWrapper( 4454): setEqualizer() : preset is jazz (3), levels for 9 bands are 3 4 1 -2 0 0 1 0 -1 
03-11 10:01:17.090 I/AudioPathManager( 4454): loadAudioPath() : loaded audio path is bluetooth (2)
03-11 10:01:17.091 I/EffectManager( 4454): isSupportUHQUpscalerOnCurrentAudioPath() : path is bluetooth (2), device type is bluetooth a2dp (8)
03-11 10:01:17.094 I/UHQUpscalerManager( 4454): isUHQCompatibleBluetooth() : support is 0, mode is 1
03-11 10:01:17.094 I/EffectManager( 4454): updateUHQUpscalerState() : uhq upscaler is not available on current audio path
03-11 10:01:17.096 D/KNOX_MDM_SettingsProvider( 1441): isChangeAllowed() : name = k2hd_effect
03-11 10:01:17.096 D/KNOX_MDM_SettingsProvider( 1441): edmUri: content://com.sec.knox.provider/RestrictionPolicy3
03-11 10:01:17.096 D/KNOX_MDM_SettingsProvider( 1441): projectionArgs: isSettingsChangesAllowed
03-11 10:01:17.096 D/KNOX_MDM_SettingsProvider( 1441): selectionArgs: false
03-11 10:01:17.096 D/KNOX_MDM_SettingsProvider( 1441): selectionArgs: 10111
03-11 10:01:17.096 D/SecContentProvider( 1441): query(), uri = 17 selection = isSettingsChangesAllowed
03-11 10:01:17.096 D/SecContentProvider( 1441): called from com.sec.android.app.soundalive
03-11 10:01:17.107 D/RestrictionPolicy( 1441): isSettingsChangesAllowedAsUser, userId 0 : true
03-11 10:01:17.107 D/KNOX_MDM_SettingsProvider( 1441): ret = 1
03-11 10:01:17.108 E/audit   (  853): type=1400 audit(1773234077.103:1744339): avc:  denied  { ioctl } for  pid=28265 comm="HASDK-OnEvent-1" path="/data/data/com.huawei.health/databases/haformal_event.db-journal" dev="dm-52" ino=1069785 ioctlcmd=0xf522 scontext=u:r:untrusted_app:s0:c53,c257,c512,c768 tcontext=u:object_r:app_data_file:s0:c53,c257,c512,c768 tclass=file permissive=0 SEPF_SM-A235M_12_0001 audit_filtered
03-11 10:01:17.108 E/audit   (  853): type=1300 audit(1773234077.103:1744339): arch=c00000b7 syscall=29 success=no exit=-13 a0=9f a1=f522 a2=1 a3=b595e18db0000000 items=0 ppid=876 pid=28265 auid=4294967295 uid=10309 gid=10309 euid=10309 suid=10309 fsuid=10309 egid=10309 sgid=10309 fsgid=10309 tty=(none) ses=4294967295 comm="HASDK-OnEvent-1" exe="/system/bin/app_process64" subj=u:r:untrusted_app:s0:c53,c257,c512,c768 key=(null)
03-11 10:01:17.108 E/audit   (  853): type=1327 audit(1773234077.103:1744339): proctitle="com.huawei.health:DaemonService"
03-11 10:01:17.110 I/UHQUpscalerManager( 4454): setModeToSettings() : uhq upscaler mode is set to 0
03-11 10:01:17.110 I/EffectManager( 4454): setEffectUHQUpscaler() : uhq upscaler mode is off (0)
03-11 10:01:17.111 I/LocalBroadcastManager( 4454): sendLocalBroadcast() : action is 1
03-11 10:01:17.112 I/AudioManagerWrapper( 4454): getCurrentMediaVolume() : current media volume is 11
03-11 10:01:17.113 I/AppWidgetManager(20604): updateAppWidget() appWidgetIds = []
03-11 10:01:17.113 I/AudioPathManager( 4454): loadAudioPath() : loaded audio path is bluetooth (2)
03-11 10:01:17.113 I/DVFSHelper( 4454): isNecessaryToBoostCPU() : skip with audio path bluetooth (2)
03-11 10:01:17.113 I/DVFSHelper( 4454): acquireBoostingCPU() : stop boosting cpu
03-11 10:01:17.117 E/audit   (  853): type=1400 audit(1773234077.103:1744340): avc:  denied  { ioctl } for  pid=28265 comm="HASDK-OnEvent-1" path="/data/data/com.huawei.health/databases/haformal_event.db-journal" dev="dm-52" ino=1069785 ioctlcmd=0xf522 scontext=u:r:untrusted_app:s0:c53,c257,c512,c768 tcontext=u:object_r:app_data_file:s0:c53,c257,c512,c768 tclass=file permissive=0 SEPF_SM-A235M_12_0001 audit_filtered
03-11 10:01:17.118 I/Watchcat( 4435): Started
03-11 10:01:17.120 I/AppWidgetManager(20604): updateAppWidget() appWidgetIds = []
03-11 10:01:17.127 I/android.hardware.health@2.1-service-samsung(  979): updateLrpSysfs: write: 351
03-11 10:01:17.130 I/AppWidgetManager(20604): updateAppWidget() appWidgetIds = []
03-11 10:01:17.132 I/AppWidgetManager(20604): updateAppWidget() appWidgetIds = []
03-11 10:01:17.134 W/gle.android.gms( 4435): Long monitor contention with owner ProcessStablePhenotypeFlag (4473) at java.lang.Object gcsf.jm(int, java.lang.Object)(:com.google.android.gms@260931029@26.09.31 (190400-877989800):53) waiters=0 in java.lang.Object bhaw.jm(int, java.lang.Object) for 513ms
03-11 10:01:17.142 I/AppWidgetManager(20604): updateAppWidget() appWidgetIds = []
03-11 10:01:17.144 I/AppWidgetManager(20604): updateAppWidget() appWidgetIds = []
03-11 10:01:17.146 I/GMS_MM_Logger( 4435): (REDACTED) Start time: %s
03-11 10:01:17.150 I/HYPER-HAL(  988): [RequestManager.cpp]releaseLocked(): Released ID : 2337041
03-11 10:01:17.150 E/OMXNodeInstance( 1420): !!! Observer died. Quickly, do something, ... anything...
03-11 10:01:17.152 I/OMX-VDEC-1080P( 1420): omx_vdec::component_deinit() complete
03-11 10:01:17.160 D/ConnectivityService( 1441): releasing NetworkRequest [ REQUEST id=88776, [ Capabilities: INTERNET&NOT_RESTRICTED&TRUSTED&NOT_VCN_MANAGED Uid: 10271 RequestorUid: 10271 RequestorPkg: com.facebook.katana UnderlyingNetworks: Null] ] (release request)
03-11 10:01:17.160 D/ConnectivityService( 1441):  Removing from current network [1424 WIFI], leaving 170 requests.
03-11 10:01:17.160 I/ActivityManager( 1441): Process com.facebook.katana (pid 3758) has died: cch+5 CEM (45,660)
03-11 10:01:17.160 E/mediaserver( 1406): unlinkToDeath: removed reference to death recipient but unlink failed: DEAD_OBJECT
03-11 10:01:17.160 D/ConnectivityService( 1441): releasing NetworkRequest [ REQUEST id=88785, [ Capabilities: INTERNET&NOT_RESTRICTED&TRUSTED&NOT_VCN_MANAGED Uid: 10271 RequestorUid: 10271 RequestorPkg: com.facebook.katana UnderlyingNetworks: Null] ] (release request)
03-11 10:01:17.160 E/IPCThreadState( 1406): attemptIncStrongHandle(8): Not supported
03-11 10:01:17.160 D/ConnectivityService( 1441):  Removing from current network [1424 WIFI], leaving 169 requests.
03-11 10:01:17.161 D/ConnectivityService( 1441): releasing NetworkRequest [ REQUEST id=88787, [ Capabilities: INTERNET&NOT_RESTRICTED&TRUSTED&NOT_VCN_MANAGED Uid: 10271 RequestorUid: 10271 RequestorPkg: com.facebook.katana UnderlyingNetworks: Null] ] (release request)
03-11 10:01:17.161 E/mediaserver( 1406): unlinkToDeath: removed reference to death recipient but unlink failed: DEAD_OBJECT
03-11 10:01:17.161 E/IPCThreadState( 1406): attemptIncStrongHandle(7): Not supported
03-11 10:01:17.161 D/ConnectivityService( 1441):  Removing from current network [1424 WIFI], leaving 168 requests.
03-11 10:01:17.161 I/libprocessgroup( 1441): Successfully killed process cgroup uid 10271 pid 3758 in 0ms
03-11 10:01:17.163 I/Zygote  (  876): Process 3758 exited due to signal 9 (Killed)
03-11 10:01:17.166 D/BoundBrokerSvc( 4435): onBind: Intent { act=com.google.android.gms.measurement.START pkg=com.google.android.gms }
03-11 10:01:17.166 D/BoundBrokerSvc( 4435): Loading bound service for intent: Intent { act=com.google.android.gms.measurement.START pkg=com.google.android.gms }
03-11 10:01:17.167 I/GMS_MM_Logger( 4435): Started.
03-11 10:01:17.167 I/OMX-VDEC-1080P( 1420): Exit OMX vdec Destructor: fd=8
03-11 10:01:17.169 I/bauth_FPBAuthService( 1505): pcf : 0x1012, 0 ,2 ,0 ,0 ,0 ,2, 8.0.0.3
03-11 10:01:17.169 I/bauth_FPBAuthService( 1505): thread id : 2, preenroll_flag : 0, nd cnt : 1, cso : 2, et : 0
03-11 10:01:17.170 I/bauth_FPBAuthService( 1505): FPBAuthService, 11458
03-11 10:01:17.172 D/DisplayManagerService( 1441): Drop pending events for gone uid 10271
03-11 10:01:17.173 D/HidDeviceService(22660): handleMessage(): msg.what=8
03-11 10:01:17.181 I/Codec2-Component@1.2( 1455): Client died ! notify and release the component !!
03-11 10:01:17.182 E/FormalHASDK(28265): DeviceUtil==> invokeStaticFun fail
03-11 10:01:17.183 E/FormalHASDK(28265): DeviceUtil==> invokeStaticFun fail
03-11 10:01:17.183 I/FormalHASDK(28265): HAImpl==> onEvent. tag:ha_default_collection, type:1, eventId:$request_ha_config
03-11 10:01:17.183 E/FormalHASDK(28265): DeviceUtil==> invokeStaticFun fail
03-11 10:01:17.190 V/MediaPlayerWrapper(22660): onMetadataChanged() title:Eu Aposto, duration: 179000
03-11 10:01:17.191 V/MediaPlayerWrapper(22660): sendMediaUpdate(): Metadata has been updated for com.spotify.music
03-11 10:01:17.191 D/AudioCastManager(22660): setPlaybackStateForHost : 3
03-11 10:01:17.191 D/MediaPlayerList(22660): sendMediaUpdate state=PlaybackState {state=PLAYING(3), position=879, buffered position=0, speed=1.0, updated=980345869, actions=3025843, custom actions=[Action:mName='Toggle shuffle, mIcon=2131233091, mExtras=Bundle[mParcelledData.dataSize=144], Action:mName='Remove from collection, mIcon=2131233047, mExtras=Bundle[mParcelledData.dataSize=144], Action:mName='Start radio, mIcon=2131233092, mExtras=Bundle[mParcelledData.dataSize=144], Action:mName='Start repeating all tracks, mIcon=2131233083, mExtras=Bundle[mParcelledData.dataSize=144]], active item id=38, error=null}
03-11 10:01:17.197 D/FaceWidgetSeekBarViewModel_1( 2417): onPlaybackStateChanged : 3
03-11 10:01:17.197 D/FaceWidgetSeekBarViewModel_1( 2417): [START TIMER] Progress(enabled=true, seekAvailable=true, isPlaying = true, isScrubbing = false, elapsedTime=826, duration=195000)
03-11 10:01:17.198 V/MediaPlayerWrapper(22660): state: 3, pos: 672, id: 38
03-11 10:01:17.198 V/MediaPlayerWrapper(22660): onPlaybackStateChanged(): com.spotify.music : PlaybackState {state=PLAYING(3), position=672, buffered position=0, speed=1.0, updated=980345868, actions=3025843, custom actions=[Action:mName='Toggle shuffle, mIcon=2131233091, mExtras=Bundle[mParcelledData.dataSize=144], Action:mName='Remove from collection, mIcon=2131233047, mExtras=Bundle[mParcelledData.dataSize=144], Action:mName='Start radio, mIcon=2131233092, mExtras=Bundle[mParcelledData.dataSize=144], Action:mName='Start repeating all tracks, mIcon=2131233083, mExtras=Bundle[mParcelledData.dataSize=144]], active item id=38, error=null}
03-11 10:01:17.201 V/MediaPlayerWrapper(22660): sendMediaUpdate(): Metadata has been updated for com.spotify.music
03-11 10:01:17.201 D/AudioCastManager(22660): setPlaybackStateForHost : 3
03-11 10:01:17.201 D/MediaPlayerList(22660): sendMediaUpdate state=PlaybackState {state=PLAYING(3), position=683, buffered position=0, speed=1.0, updated=980345879, actions=3025843, custom actions=[Action:mName='Toggle shuffle, mIcon=2131233091, mExtras=Bundle[mParcelledData.dataSize=144], Action:mName='Remove from collection, mIcon=2131233047, mExtras=Bundle[mParcelledData.dataSize=144], Action:mName='Start radio, mIcon=2131233092, mExtras=Bundle[mParcelledData.dataSize=144], Action:mName='Start repeating all tracks, mIcon=2131233083, mExtras=Bundle[mParcelledData.dataSize=144]], active item id=38, error=null}
03-11 10:01:17.202 V/MediaPlayerWrapper(22660): onMetadataChanged() title:Eu Aposto, duration: 179000
03-11 10:01:17.203 V/MediaPlayerWrapper(22660): sendMediaUpdate(): Metadata has been updated for com.spotify.music
03-11 10:01:17.203 D/AudioCastManager(22660): setPlaybackStateForHost : 3
03-11 10:01:17.203 D/MediaPlayerList(22660): sendMediaUpdate state=PlaybackState {state=PLAYING(3), position=768, buffered position=0, speed=1.0, updated=980345881, actions=3025843, custom actions=[Action:mName='Toggle shuffle, mIcon=2131233091, mExtras=Bundle[mParcelledData.dataSize=144], Action:mName='Remove from collection, mIcon=2131233047, mExtras=Bundle[mParcelledData.dataSize=144], Action:mName='Start radio, mIcon=2131233092, mExtras=Bundle[mParcelledData.dataSize=144], Action:mName='Start repeating all tracks, mIcon=2131233083, mExtras=Bundle[mParcelledData.dataSize=144]], active item id=38, error=null}
03-11 10:01:17.205 D/FaceWidgetSeekBarViewModel_1( 2417): onPlaybackStateChanged : 3
03-11 10:01:17.205 D/FaceWidgetSeekBarViewModel_1( 2417): [START TIMER] Progress(enabled=true, seekAvailable=true, isPlaying = true, isScrubbing = false, elapsedTime=826, duration=195000)
03-11 10:01:17.206 V/MediaPlayerWrapper(22660): state: 3, pos: 766, id: 38
03-11 10:01:17.206 V/MediaPlayerWrapper(22660): onPlaybackStateChanged(): com.spotify.music : PlaybackState {state=PLAYING(3), position=766, buffered position=0, speed=1.0, updated=980345879, actions=3025843, custom actions=[Action:mName='Toggle shuffle, mIcon=2131233091, mExtras=Bundle[mParcelledData.dataSize=144], Action:mName='Remove from collection, mIcon=2131233047, mExtras=Bundle[mParcelledData.dataSize=144], Action:mName='Start radio, mIcon=2131233092, mExtras=Bundle[mParcelledData.dataSize=144], Action:mName='Start repeating all tracks, mIcon=2131233083, mExtras=Bundle[mParcelledData.dataSize=144]], active item id=38, error=null}
03-11 10:01:17.208 I/DynamiteModule( 4435): Considering local module com.google.android.gms.googlecertificates:7 and remote module com.google.android.gms.googlecertificates:0
03-11 10:01:17.208 I/DynamiteModule( 4435): Selected local version of com.google.android.gms.googlecertificates
03-11 10:01:17.217 D/SecFgsManagerController( 2417): onForegroundStateChanged: [dialog:false]:[isForeground:true]:[packageName:com.spotify.music]:[token:android.os.BinderProxy@8df2c6]:[userId:0]
03-11 10:01:17.222 I/Telecom:SamsungTelecomServiceImpl( 1441): isInManagedCall - callingPackage : android / callingUser : UserHandle{0} / hasCrossUserAccess : true
03-11 10:01:17.223 I/NotificationManager(20604): com.spotify.music: notify(2131430478, null, Notification(channel=playback_channel shortcut=null contentView=null vibrate=null sound=null tick defaults=0x0 flags=0xa color=0xff121212 category=transport actions=4 vis=PUBLIC semFlags=0x0 semPriority=0 semMissedCount=0)) as user
03-11 10:01:17.231 I/Telecom:SamsungTelecomServiceImpl( 1441): isInManagedCall - callingPackage : android / callingUser : UserHandle{0} / hasCrossUserAccess : true
03-11 10:01:17.233 I/HoneySpace.NotificationListener(29783): onNotificationPosted com.spotify.music: 0|com.spotify.music|2131430478|null|10423: 0
03-11 10:01:17.233 I/HoneySpace.NotificationListener(29783): invalid notification: com.spotify.music UserHandle{0}: canShowBadge is false
03-11 10:01:17.233 I/HoneySpace.PackageEventOperator(29783): [AbsFolderViewModel|213] badge count is updated. com.spotify.music/.MainActivity#UserHandle{0}|367 : 0
03-11 10:01:17.236 I/HoneySpace.PackageEventOperator(29783): [ApplistViewModel] badge count is updated. com.spotify.music/.MainActivity#UserHandle{0}|367 : 0
03-11 10:01:17.236 I/HoneySpace.BadgeDataSourceImpl(29783): Get notification count. PackageKey(packageName=com.huawei.health, user=UserHandle{0}) - forceBadgeCount: false, notification listener: 1, badge provider: 0
03-11 10:01:17.237 I/Notify_NotificPush(28265): 1600101320|R|I|Start onNotificationPosted: StatusBarNotification(pkg=com.spotify.music user=UserHandle{0} id=2131430478 tag=null key=0|com.spotify.music|2131430478|null|10423: Notification(channel=playback_channel shortcut=null contentView=null vibrate=null sound=null tick defaults=0x0 flags=0x6a color=0xff121212 category=transport actions=4 vis=PUBLIC semFlags=0x0 semPriority=0 semMissedCount=0)) ;actionButton1 name: Like ;actionButton2 name: Previous track ;actionButton3 name: Pause ;actionButton4 name: Next track
03-11 10:01:17.242 I/HoneySpace.NotificationListener(29783): onNotificationPosted com.spotify.music: 0|com.spotify.music|2131430478|null|10423: 0
03-11 10:01:17.242 I/HoneySpace.NotificationListener(29783): invalid notification: com.spotify.music UserHandle{0}: canShowBadge is false
03-11 10:01:17.242 I/HoneySpace.PackageEventOperator(29783): [AbsFolderViewModel|213] badge count is updated. com.spotify.music/.MainActivity#UserHandle{0}|367 : 0
03-11 10:01:17.242 I/HoneySpace.PackageEventOperator(29783): [ApplistViewModel] badge count is updated. com.spotify.music/.MainActivity#UserHandle{0}|367 : 0
03-11 10:01:17.242 I/HoneySpace.BadgeDataSourceImpl(29783): Get notification count. PackageKey(packageName=com.huawei.health, user=UserHandle{0}) - forceBadgeCount: false, notification listener: 1, badge provider: 0
03-11 10:01:17.247 D/BubblesManager( 2417): onEntryUpdated : shouldBubbleUp=false ,key=0|com.spotify.music|2131430478|null|10423
03-11 10:01:17.249 I/Notify_NotificPush(28265): 1600101320|R|I|Start onNotificationPosted: StatusBarNotification(pkg=com.spotify.music user=UserHandle{0} id=2131430478 tag=null key=0|com.spotify.music|2131430478|null|10423: Notification(channel=playback_channel shortcut=null contentView=null vibrate=null sound=null tick defaults=0x0 flags=0x6a color=0xff121212 category=transport actions=4 vis=PUBLIC semFlags=0x0 semPriority=0 semMissedCount=0)) ;actionButton1 name: Like ;actionButton2 name: Previous track ;actionButton3 name: Pause ;actionButton4 name: Next track
03-11 10:01:17.252 D/SecFgsManagerController( 2417): onForegroundStateChanged: [dialog:false]:[isForeground:true]:[packageName:com.spotify.music]:[token:android.os.BinderProxy@8df2c6]:[userId:0]
03-11 10:01:17.254 I/NotificationManager(20604): com.spotify.music: notify(2131430478, null, Notification(channel=playback_channel shortcut=null contentView=null vibrate=null sound=null tick defaults=0x0 flags=0xa color=0xff121212 category=transport actions=4 vis=PUBLIC semFlags=0x0 semPriority=0 semMissedCount=0)) as user
03-11 10:01:17.255 I/Telecom:SamsungTelecomServiceImpl( 1441): isInManagedCall - callingPackage : android / callingUser : UserHandle{0} / hasCrossUserAccess : true
03-11 10:01:17.261 I/NK_PolicyService(28265): HASDK-OnReport-2242|httpclient.excutor.ProcessPolicyNetworkService|65342|options = {"metric_policy":1}
03-11 10:01:17.264 I/HoneySpace.NotificationListener(29783): onNotificationPosted com.spotify.music: 0|com.spotify.music|2131430478|null|10423: 0
03-11 10:01:17.264 I/HoneySpace.NotificationListener(29783): invalid notification: com.spotify.music UserHandle{0}: canShowBadge is false
03-11 10:01:17.264 I/Notify_NotificPush(28265): 1600101320|R|I|com.spotify.music onNotificationPosted isMeetPushConditions?(false=filtered): true
03-11 10:01:17.265 I/Telecom:SamsungTelecomServiceImpl( 1441): isInManagedCall - callingPackage : android / callingUser : UserHandle{0} / hasCrossUserAccess : true
03-11 10:01:17.267 I/Notify_NotificPush(28265): 1600101320|R|I|Start onNotificationPosted: StatusBarNotification(pkg=com.spotify.music user=UserHandle{0} id=2131430478 tag=null key=0|com.spotify.music|2131430478|null|10423: Notification(channel=playback_channel shortcut=null contentView=null vibrate=null sound=null tick defaults=0x0 flags=0x6a color=0xff121212 category=transport actions=4 vis=PUBLIC semFlags=0x0 semPriority=0 semMissedCount=0)) ;actionButton1 name: Like ;actionButton2 name: Previous track ;actionButton3 name: Pause ;actionButton4 name: Next track
03-11 10:01:17.268 D/BubblesManager( 2417): onEntryUpdated : shouldBubbleUp=false ,key=0|com.spotify.music|2131430478|null|10423
03-11 10:01:17.268 I/HoneySpace.PackageEventOperator(29783): [AbsFolderViewModel|213] badge count is updated. com.spotify.music/.MainActivity#UserHandle{0}|367 : 0
03-11 10:01:17.269 I/HoneySpace.PackageEventOperator(29783): [ApplistViewModel] badge count is updated. com.spotify.music/.MainActivity#UserHandle{0}|367 : 0
03-11 10:01:17.269 I/HoneySpace.BadgeDataSourceImpl(29783): Get notification count. PackageKey(packageName=com.huawei.health, user=UserHandle{0}) - forceBadgeCount: false, notification listener: 1, badge provider: 0
03-11 10:01:17.275 I/Notify_NotificPush(28265): 1600101320|R|I|Start onNotificationPosted: StatusBarNotification(pkg=com.spotify.music user=UserHandle{0} id=2131430478 tag=null key=0|com.spotify.music|2131430478|null|10423: Notification(channel=playback_channel shortcut=null contentView=null vibrate=null sound=null tick defaults=0x0 flags=0x6a color=0xff121212 category=transport actions=4 vis=PUBLIC semFlags=0x0 semPriority=0 semMissedCount=0)) ;actionButton1 name: Like ;actionButton2 name: Previous track ;actionButton3 name: Pause ;actionButton4 name: Next track
03-11 10:01:17.275 I/HoneySpace.NotificationListener(29783): onNotificationPosted com.spotify.music: 0|com.spotify.music|2131430478|null|10423: 0
03-11 10:01:17.275 I/HoneySpace.NotificationListener(29783): invalid notification: com.spotify.music UserHandle{0}: canShowBadge is false
03-11 10:01:17.276 I/HoneySpace.PackageEventOperator(29783): [AbsFolderViewModel|213] badge count is updated. com.spotify.music/.MainActivity#UserHandle{0}|367 : 0
03-11 10:01:17.276 I/HoneySpace.PackageEventOperator(29783): [ApplistViewModel] badge count is updated. com.spotify.music/.MainActivity#UserHandle{0}|367 : 0
03-11 10:01:17.276 I/HoneySpace.BadgeDataSourceImpl(29783): Get notification count. PackageKey(packageName=com.huawei.health, user=UserHandle{0}) - forceBadgeCount: false, notification listener: 1, badge provider: 0
03-11 10:01:17.281 W/GoogleCertificates( 4435): GoogleCertificates has been initialized already
03-11 10:01:17.291 I/Notify_NotificPush(28265): 1600101320|R|I|com.spotify.music onNotificationPosted isMeetPushConditions?(false=filtered): true
03-11 10:01:17.291 W/Bundle  (28265): Key android.title expected String but value was a android.text.SpannableString.  The default value <null> was returned.
03-11 10:01:17.291 W/Bundle  (28265): Attempt to cast generated internal exception:
03-11 10:01:17.291 W/Bundle  (28265): java.lang.ClassCastException: android.text.SpannableString cannot be cast to java.lang.String
03-11 10:01:17.291 W/Bundle  (28265): 	at android.os.BaseBundle.getString(BaseBundle.java:1415)
03-11 10:01:17.291 W/Bundle  (28265): 	at bvt.qj_(SourceFile:184)
03-11 10:01:17.291 W/Bundle  (28265): 	at com.huawei.bone.ui.setting.NotificationPushListener.pK_(SourceFile:1976)
03-11 10:01:17.291 W/Bundle  (28265): 	at com.huawei.bone.ui.setting.NotificationPushListener.pa_(SourceFile:129)
03-11 10:01:17.291 W/Bundle  (28265): 	at com.huawei.bone.ui.setting.NotificationPushListener$2.run(SourceFile:1765)
03-11 10:01:17.291 W/Bundle  (28265): 	at com.huawei.haf.threadpool.ThreadPoolManager$HealthRunnable.run(SourceFile:362)
03-11 10:01:17.291 W/Bundle  (28265): 	at java.util.concurrent.ThreadPoolExecutor.runWorker(ThreadPoolExecutor.java:1145)
03-11 10:01:17.291 W/Bundle  (28265): 	at java.util.concurrent.ThreadPoolExecutor$Worker.run(ThreadPoolExecutor.java:644)
03-11 10:01:17.291 W/Bundle  (28265): 	at java.lang.Thread.run(Thread.java:1012)
03-11 10:01:17.293 I/Notify_NotificPush(28265): 1600101320|R|I|onNotificationPosted packageMessage: com.spotify.music push msg when: 0,postTime: 1773234077217
03-11 10:01:17.294 W/Notify_NotificPush(28265): 1600101320|R|W|onNotificationPosted FILTERED because FLAG_NO_CLEAR,pkg=com.spotify.music
03-11 10:01:17.294 I/AODNotificationManager( 2417): updateNotification() 
03-11 10:01:17.295 I/FormalHASDK(28265): HAImpl==> onEvent. tag:_default_config_tag, type:1, eventId:85070006
03-11 10:01:17.297 W/Bundle  (28265): Key android.title expected String but value was a android.text.SpannableString.  The default value <null> was returned.
03-11 10:01:17.297 W/Bundle  (28265): Attempt to cast generated internal exception:
03-11 10:01:17.297 W/Bundle  (28265): java.lang.ClassCastException: android.text.SpannableString cannot be cast to java.lang.String
03-11 10:01:17.297 W/Bundle  (28265): 	at android.os.BaseBundle.getString(BaseBundle.java:1415)
03-11 10:01:17.297 W/Bundle  (28265): 	at bvt.qj_(SourceFile:184)
03-11 10:01:17.297 W/Bundle  (28265): 	at com.huawei.bone.ui.setting.NotificationPushListener.pK_(SourceFile:1976)
03-11 10:01:17.297 W/Bundle  (28265): 	at com.huawei.bone.ui.setting.NotificationPushListener.pa_(SourceFile:129)
03-11 10:01:17.297 W/Bundle  (28265): 	at com.huawei.bone.ui.setting.NotificationPushListener$2.run(SourceFile:1765)
03-11 10:01:17.297 W/Bundle  (28265): 	at com.huawei.haf.threadpool.ThreadPoolManager$HealthRunnable.run(SourceFile:362)
03-11 10:01:17.297 W/Bundle  (28265): 	at java.util.concurrent.ThreadPoolExecutor.runWorker(ThreadPoolExecutor.java:1145)
03-11 10:01:17.297 W/Bundle  (28265): 	at java.util.concurrent.ThreadPoolExecutor$Worker.run(ThreadPoolExecutor.java:644)
03-11 10:01:17.297 W/Bundle  (28265): 	at java.lang.Thread.run(Thread.java:1012)
03-11 10:01:17.297 I/Notify_NotificPush(28265): 1600101320|R|I|onNotificationPosted packageMessage: com.spotify.music push msg when: 0,postTime: 1773234077226
03-11 10:01:17.297 W/Notify_NotificPush(28265): 1600101320|R|W|onNotificationPosted FILTERED because FLAG_NO_CLEAR,pkg=com.spotify.music
03-11 10:01:17.298 D/BubblesManager( 2417): onEntryUpdated : shouldBubbleUp=false ,key=0|com.spotify.music|2131430478|null|10423
03-11 10:01:17.299 I/Notify_NotificPush(28265): 1600101320|R|I|com.spotify.music onNotificationPosted isMeetPushConditions?(false=filtered): true
03-11 10:01:17.300 D/BubblesManager( 2417): onEntryUpdated : shouldBubbleUp=false ,key=0|com.spotify.music|2131430478|null|10423
03-11 10:01:17.303 I/FormalHASDK(28265): HAImpl==> onEvent. tag:_default_config_tag, type:1, eventId:85070006
03-11 10:01:17.306 I/NK_OkReqTsk(28265): HASDK-OnReport-2242|embedded.j3|65345|the request has used the okhttp! 
03-11 10:01:17.307 W/Bundle  (28265): Key android.title expected String but value was a android.text.SpannableString.  The default value <null> was returned.
03-11 10:01:17.308 W/Bundle  (28265): Attempt to cast generated internal exception:
03-11 10:01:17.308 W/Bundle  (28265): java.lang.ClassCastException: android.text.SpannableString cannot be cast to java.lang.String
03-11 10:01:17.308 W/Bundle  (28265): 	at android.os.BaseBundle.getString(BaseBundle.java:1415)
03-11 10:01:17.308 W/Bundle  (28265): 	at bvt.qj_(SourceFile:184)
03-11 10:01:17.308 W/Bundle  (28265): 	at com.huawei.bone.ui.setting.NotificationPushListener.pK_(SourceFile:1976)
03-11 10:01:17.308 W/Bundle  (28265): 	at com.huawei.bone.ui.setting.NotificationPushListener.pa_(SourceFile:129)
03-11 10:01:17.308 W/Bundle  (28265): 	at com.huawei.bone.ui.setting.NotificationPushListener$2.run(SourceFile:1765)
03-11 10:01:17.308 W/Bundle  (28265): 	at com.huawei.haf.threadpool.ThreadPoolManager$HealthRunnable.run(SourceFile:362)
03-11 10:01:17.308 W/Bundle  (28265): 	at java.util.concurrent.ThreadPoolExecutor.runWorker(ThreadPoolExecutor.java:1145)
03-11 10:01:17.308 W/Bundle  (28265): 	at java.util.concurrent.ThreadPoolExecutor$Worker.run(ThreadPoolExecutor.java:644)
03-11 10:01:17.308 W/Bundle  (28265): 	at java.lang.Thread.run(Thread.java:1012)
03-11 10:01:17.308 I/Notify_NotificPush(28265): 1600101320|R|I|onNotificationPosted packageMessage: com.spotify.music push msg when: 0,postTime: 1773234077253
03-11 10:01:17.308 W/Notify_NotificPush(28265): 1600101320|R|W|onNotificationPosted FILTERED because FLAG_NO_CLEAR,pkg=com.spotify.music
03-11 10:01:17.309 I/AODNotificationManager( 2417): updateNotification() 
03-11 10:01:17.309 I/Notify_NotificPush(28265): 1600101320|R|I|com.spotify.music onNotificationPosted isMeetPushConditions?(false=filtered): true
03-11 10:01:17.309 I/FormalHASDK(28265): HAImpl==> onEvent. tag:_default_config_tag, type:1, eventId:85070006
03-11 10:01:17.320 W/Bundle  (28265): Key android.title expected String but value was a android.text.SpannableString.  The default value <null> was returned.
03-11 10:01:17.320 W/Bundle  (28265): Attempt to cast generated internal exception:
03-11 10:01:17.320 W/Bundle  (28265): java.lang.ClassCastException: android.text.SpannableString cannot be cast to java.lang.String
03-11 10:01:17.320 W/Bundle  (28265): 	at android.os.BaseBundle.getString(BaseBundle.java:1415)
03-11 10:01:17.320 W/Bundle  (28265): 	at bvt.qj_(SourceFile:184)
03-11 10:01:17.320 W/Bundle  (28265): 	at com.huawei.bone.ui.setting.NotificationPushListener.pK_(SourceFile:1976)
03-11 10:01:17.320 W/Bundle  (28265): 	at com.huawei.bone.ui.setting.NotificationPushListener.pa_(SourceFile:129)
03-11 10:01:17.320 W/Bundle  (28265): 	at com.huawei.bone.ui.setting.NotificationPushListener$2.run(SourceFile:1765)
03-11 10:01:17.320 W/Bundle  (28265): 	at com.huawei.haf.threadpool.ThreadPoolManager$HealthRunnable.run(SourceFile:362)
03-11 10:01:17.320 W/Bundle  (28265): 	at java.util.concurrent.ThreadPoolExecutor.runWorker(ThreadPoolExecutor.java:1145)
03-11 10:01:17.320 W/Bundle  (28265): 	at java.util.concurrent.ThreadPoolExecutor$Worker.run(ThreadPoolExecutor.java:644)
03-11 10:01:17.320 W/Bundle  (28265): 	at java.lang.Thread.run(Thread.java:1012)
03-11 10:01:17.320 I/ActivityManager( 1441): com.google.android.gsf is exempt from freezer by list
03-11 10:01:17.320 I/Notify_NotificPush(28265): 1600101320|R|I|onNotificationPosted packageMessage: com.spotify.music push msg when: 0,postTime: 1773234077258
03-11 10:01:17.321 W/Notify_NotificPush(28265): 1600101320|R|W|onNotificationPosted FILTERED because FLAG_NO_CLEAR,pkg=com.spotify.music
03-11 10:01:17.321 D/CompatibilityChangeReporter( 1441): Compat change id reported: 135634846; UID 10208; state: DISABLED
03-11 10:01:17.321 D/CompatibilityChangeReporter( 1441): Compat change id reported: 177438394; UID 10208; state: DISABLED
03-11 10:01:17.321 D/CompatibilityChangeReporter( 1441): Compat change id reported: 135772972; UID 10208; state: DISABLED
03-11 10:01:17.321 D/CompatibilityChangeReporter( 1441): Compat change id reported: 135754954; UID 10208; state: ENABLED
03-11 10:01:17.321 I/FormalHASDK(28265): HAImpl==> onEvent. tag:_default_config_tag, type:1, eventId:85070006
03-11 10:01:17.322 D/CompatibilityChangeReporter( 1441): Compat change id reported: 143937733; UID 10208; state: ENABLED
03-11 10:01:17.326 I/android.hardware.health@2.1-service-samsung(  979): updateLrpSysfs: write: 351
03-11 10:01:17.337 D/Zygote  (  876): Forked child process 4523
03-11 10:01:17.338 I/ActivityManager( 1441): Start proc 4523:com.google.process.gservices/u0a208 for content provider {com.google.android.gsf/com.google.android.gsf.gservices.GservicesProvider}
03-11 10:01:17.370 I/hbox:interactor(17241): Background concurrent copying GC freed 156502(5798KB) AllocSpace objects, 0(0B) LOS objects, 53% free, 5329KB/11MB, paused 274us,53us total 601.699ms
03-11 10:01:17.370 W/hbox:interactor(17241): Reducing the number of considered missed Gc histogram windows from 308 to 100
03-11 10:01:17.385 D/NetdEventListenerService( 1441): DNS Requested by 1424, 10309, 42
03-11 10:01:17.388 I/NK_DnsCallable(28265): HASDK-OnReport-2242 ->NK_lookupPool_508|embedded.i0|65353|LocalDNS finish loop up
03-11 10:01:17.389 I/NK_DNResolverManager(28265): HASDK-OnReport-2242|embedded.g0|65351|metrics-dra.dt.hicloud.com from server result is: {'A', exist, createTime=1773234077386, LocalDns, 0}
03-11 10:01:17.389 I/NK_DNManager(28265): HASDK-OnReport-2242|embedded.t|65316|metrics-dra.dt.hicloud.com resolve source:LocalDns,result:{'A', exist, createTime=1773234077386, LocalDns, 0}
03-11 10:01:17.393 D/TrafficStats(28265): tagSocket(127) with statsTag=0xffffffff, statsUid=-1
03-11 10:01:17.402 I/ocess.gservices( 4523): Using CollectorTypeCC GC.
03-11 10:01:17.414 E/ocess.gservices( 4523): Not starting debugger since process cannot load the jdwp agent.
03-11 10:01:17.424 D/ActivityThread( 4523): setConscryptValidator
03-11 10:01:17.424 D/ActivityThread( 4523): setConscryptValidator - put
03-11 10:01:17.431 D/CompatibilityChangeReporter( 1441): Compat change id reported: 168419799; UID 10208; state: DISABLED
03-11 10:01:17.431 D/CompatibilityChangeReporter( 1441): Compat change id reported: 273564678; UID 10208; state: DISABLED
03-11 10:01:17.441 I/android.hardware.health@2.1-service-samsung(  979): updateLrpSysfs: write: 351
03-11 10:01:17.459 D/CompatibilityChangeReporter( 4523): Compat change id reported: 171979766; UID 10208; state: ENABLED
03-11 10:01:17.458 V/MediaPlayerWrapper(22660): onMetadataChanged() title:Eu Aposto, duration: 179000
03-11 10:01:17.459 D/CompatibilityChangeReporter( 4523): Compat change id reported: 242716250; UID 10208; state: ENABLED
03-11 10:01:17.461 D/FaceWidgetSeekBarViewModel_1( 2417): onPlaybackStateChanged : 3
03-11 10:01:17.461 D/FaceWidgetSeekBarViewModel_1( 2417): [START TIMER] Progress(enabled=true, seekAvailable=true, isPlaying = true, isScrubbing = false, elapsedTime=1004, duration=195000)
03-11 10:01:17.466 V/MediaPlayerWrapper(22660): sendMediaUpdate(): Metadata has been updated for com.spotify.music
03-11 10:01:17.468 D/AudioCastManager(22660): setPlaybackStateForHost : 3
03-11 10:01:17.468 D/MediaPlayerList(22660): sendMediaUpdate state=PlaybackState {state=PLAYING(3), position=1260, buffered position=0, speed=1.0, updated=980346142, actions=3025843, custom actions=[Action:mName='Toggle shuffle, mIcon=2131233091, mExtras=Bundle[mParcelledData.dataSize=144], Action:mName='Remove from collection, mIcon=2131233047, mExtras=Bundle[mParcelledData.dataSize=144], Action:mName='Start radio, mIcon=2131233092, mExtras=Bundle[mParcelledData.dataSize=144], Action:mName='Start repeating all tracks, mIcon=2131233083, mExtras=Bundle[mParcelledData.dataSize=144]], active item id=38, error=null}
03-11 10:01:17.468 D/AvrcpTargetJni(22660): sendMediaUpdateNative
03-11 10:01:17.469 I/bt_stack(22660): [INFO:avrcp_service.cc(575)] virtual void bluetooth::avrcp::AvrcpService::SendMediaUpdate(bool, bool, bool) track_changed=0 :  play_state=1 :  queue=0
03-11 10:01:17.470 I/bt_stack(22660): [INFO:device.cc(2494)] xx:xx:xx:xx:77:be : SendMediaUpdate: Metadata=0 : play_status= 1 : queue=0 ; is_silence=0
03-11 10:01:17.470 I/bt_stack(22660): [INFO:device.cc(2729)] xx:xx:xx:xx:77:be : HandlePlayPosUpdate
03-11 10:01:17.470 I/bt_stack(22660): [INFO:device.cc(2537)] xx:xx:xx:xx:77:be : HandlePlayStatusUpdate
03-11 10:01:17.470 D/AvrcpTargetJni(22660): getCurrentPlayStatus
03-11 10:01:17.476 D/AvrcpTargetJni(22660): getCurrentPlayStatus
03-11 10:01:17.476 W/bt_stack(22660): [WARNING:device.cc(1365)] xx:xx:xx:xx:77:be : PlaybackPosNotificationResponse: Device not registered for update
03-11 10:01:17.478 V/MediaPlayerWrapper(22660): state: 3, pos: 1247, id: 38
03-11 10:01:17.479 V/MediaPlayerWrapper(22660): onPlaybackStateChanged(): com.spotify.music : PlaybackState {state=PLAYING(3), position=1247, buffered position=0, speed=1.0, updated=980346129, actions=3025843, custom actions=[Action:mName='Toggle shuffle, mIcon=2131233091, mExtras=Bundle[mParcelledData.dataSize=144], Action:mName='Remove from collection, mIcon=2131233047, mExtras=Bundle[mParcelledData.dataSize=144], Action:mName='Start radio, mIcon=2131233092, mExtras=Bundle[mParcelledData.dataSize=144], Action:mName='Start repeating all tracks, mIcon=2131233083, mExtras=Bundle[mParcelledData.dataSize=144]], active item id=38, error=null}
03-11 10:01:17.480 D/nativeloader( 4523): Configuring clns-shared-4 for other apk /system/framework/org.apache.http.legacy.jar. target_sdk_version=34, uses_libraries=ALL, library_path=/system/system_ext/priv-app/GoogleServicesFramework/lib/arm64:/system/system_ext/priv-app/GoogleServicesFramework/GoogleServicesFramework.apk!/lib/arm64-v8a:/system/lib64:/system/system_ext/lib64, permitted_path=/data:/mnt/expand:/data/user/0/com.google.android.gsf:/system/system_ext/priv-app/GoogleServicesFramework:/system/lib64:/system/system_ext/lib64
03-11 10:01:17.480 I/bt_stack(22660): [INFO:device.cc(1274)] xx:xx:xx:xx:77:be : PlaybackStatusNotificationResponse
03-11 10:01:17.480 D/nativeloader( 4523): Extending system_exposed_libraries: libPortraitDistortionCorrection.arcsoft.so:libPortraitDistortionCorrectionCali.arcsoft.so:libface_landmark.arcsoft.so:libimage_enhancement.arcsoft.so:liblow_light_hdr.arcsoft.so:libhigh_dynamic_range.arcsoft.so:libFacialAttributeDetection.arcsoft.so:libaudiomirroring_jni.audiomirroring.samsung.so:libBeauty_v4.camera.samsung.so:libexifa.camera.samsung.so:libjpega.camera.samsung.so:libOpenCv.camera.samsung.so:libImageScreener.camera.samsung.so:libMyFilter.camera.samsung.so:libtensorflowLite.myfilter.camera.samsung.so:libtensorflowlite_inference_api.myfilter.camera.samsung.so:libUltraWideDistortionCorrection.camera.samsung.so:libFace_Landmark_API.camera.samsung.so:libHpr_RecGAE_cvFeature_v1.0.camera.samsung.so:libHprFace_GAE_api.camera.samsung.so:libFacialBasedSelfieCorrection.camera.samsung.so:libHprFace_GAE_jni.camera.samsung.so:libcolor_engine.camera.samsung.so:libDLInterface_aidl.camera.samsung.so:libImageTagger.camera.samsung.so:libSceneDetector_v1.camera.samsung.so:libQ
03-11 10:01:17.480 W/bt_stack(22660): [WARNING:device.cc(1312)] xx:xx:xx:xx:77:be : PlaybackStatusNotificationResponse: Not sending notification due to no state update xx:xx:xx:xx:77:be
03-11 10:01:17.494 V/MediaPlayerWrapper(22660): onMetadataChanged() title:Eu Aposto, duration: 179000
03-11 10:01:17.496 V/MediaPlayerWrapper(22660): sendMediaUpdate(): Metadata has been updated for com.spotify.music
03-11 10:01:17.496 D/AudioCastManager(22660): setPlaybackStateForHost : 3
03-11 10:01:17.496 D/MediaPlayerList(22660): sendMediaUpdate state=PlaybackState {state=PLAYING(3), position=1283, buffered position=0, speed=1.0, updated=980346173, actions=3025843, custom actions=[Action:mName='Toggle shuffle, mIcon=2131233091, mExtras=Bundle[mParcelledData.dataSize=144], Action:mName='Remove from collection, mIcon=2131233047, mExtras=Bundle[mParcelledData.dataSize=144], Action:mName='Start radio, mIcon=2131233092, mExtras=Bundle[mParcelledData.dataSize=144], Action:mName='Start repeating all tracks, mIcon=2131233083, mExtras=Bundle[mParcelledData.dataSize=144]], active item id=38, error=null}
03-11 10:01:17.496 D/AvrcpTargetJni(22660): sendMediaUpdateNative
03-11 10:01:17.496 I/bt_stack(22660): [INFO:avrcp_service.cc(575)] virtual void bluetooth::avrcp::AvrcpService::SendMediaUpdate(bool, bool, bool) track_changed=1 :  play_state=0 :  queue=0
03-11 10:01:17.496 I/bt_stack(22660): [INFO:device.cc(2494)] xx:xx:xx:xx:77:be : SendMediaUpdate: Metadata=1 : play_status= 0 : queue=0 ; is_silence=0
03-11 10:01:17.496 I/bt_stack(22660): [INFO:device.cc(2729)] xx:xx:xx:xx:77:be : HandlePlayPosUpdate
03-11 10:01:17.496 I/bt_stack(22660): [INFO:device.cc(2529)] xx:xx:xx:xx:77:be : HandleTrackUpdate
03-11 10:01:17.497 D/AvrcpTargetJni(22660): getCurrentPlayStatus
03-11 10:01:17.498 D/FaceWidgetSeekBarViewModel_1( 2417): onPlaybackStateChanged : 3
03-11 10:01:17.499 D/FaceWidgetSeekBarViewModel_1( 2417): [START TIMER] Progress(enabled=true, seekAvailable=true, isPlaying = true, isScrubbing = false, elapsedTime=1004, duration=195000)
03-11 10:01:17.499 V/MediaPlayerWrapper(22660): state: 3, pos: 1271, id: 38
03-11 10:01:17.499 V/MediaPlayerWrapper(22660): onPlaybackStateChanged(): com.spotify.music : PlaybackState {state=PLAYING(3), position=1271, buffered position=0, speed=1.0, updated=980346161, actions=3025843, custom actions=[Action:mName='Toggle shuffle, mIcon=2131233091, mExtras=Bundle[mParcelledData.dataSize=144], Action:mName='Remove from collection, mIcon=2131233047, mExtras=Bundle[mParcelledData.dataSize=144], Action:mName='Start radio, mIcon=2131233092, mExtras=Bundle[mParcelledData.dataSize=144], Action:mName='Start repeating all tracks, mIcon=2131233083, mExtras=Bundle[mParcelledData.dataSize=144]], active item id=38, error=null}
03-11 10:01:17.500 D/AvrcpTargetJni(22660): getCurrentSongInfo
03-11 10:01:17.500 W/bt_stack(22660): [WARNING:device.cc(1348)] xx:xx:xx:xx:77:be : PlaybackPosNotificationResponse: xx:xx:xx:xx:77:be: delta is 16
03-11 10:01:17.500 I/bt_stack(22660): [INFO:device.cc(1231)] xx:xx:xx:xx:77:be : TrackChangedNotificationResponse : NowPlayingId0, uid: 0, br: 0, feaeture: 3
03-11 10:01:17.500 W/bt_stack(22660): [WARNING:device.cc(1261)] xx:xx:xx:xx:77:be : TrackChangedNotificationResponse: Device is not registered for track changed updates
03-11 10:01:17.508 D/nativeloader( 4523): Configuring clns-shared-5 for other apk /system/system_ext/priv-app/GoogleServicesFramework/GoogleServicesFramework.apk. target_sdk_version=34, uses_libraries=, library_path=/system/system_ext/priv-app/GoogleServicesFramework/lib/arm64:/system/system_ext/priv-app/GoogleServicesFramework/GoogleServicesFramework.apk!/lib/arm64-v8a:/system/lib64:/system/system_ext/lib64, permitted_path=/data:/mnt/expand:/data/user/0/com.google.android.gsf:/system/system_ext/priv-app/GoogleServicesFramework:/system/lib64:/system/system_ext/lib64
03-11 10:01:17.526 I/android.hardware.health@2.1-service-samsung(  979): updateLrpSysfs: write: 351
03-11 10:01:17.536 V/GraphicsEnvironment( 4523): Currently set values for:
03-11 10:01:17.536 V/GraphicsEnvironment( 4523):   angle_gl_driver_selection_pkgs=[]
03-11 10:01:17.536 V/GraphicsEnvironment( 4523):   angle_gl_driver_selection_values=[]
03-11 10:01:17.537 V/GraphicsEnvironment( 4523): ANGLE GameManagerService for com.google.android.gsf: false
03-11 10:01:17.537 V/GraphicsEnvironment( 4523): com.google.android.gsf is not listed in per-application setting
03-11 10:01:17.537 V/GraphicsEnvironment( 4523): Neither updatable production driver nor prerelease driver is supported.
03-11 10:01:17.548 I/GservicesProvider( 4523): Gservices pushing to system: true; secure/global: true
03-11 10:01:17.552 D/NetdEventListenerService( 1441): DNS Requested by 1424, 10423, 44
03-11 10:01:17.554 D/TrafficStats(20604): tagSocket(208) with statsTag=0xffffffff, statsUid=-1
03-11 10:01:17.560 W/ActivityManager( 1441): Unable to start service Intent { act=com.google.android.gms.gservices.START pkg=com.google.android.gms } U=0: not found
03-11 10:01:17.562 W/ActivityManager( 1441): Unbind failed: could not find connection for android.os.BinderProxy@6168fe7
03-11 10:01:17.562 E/GmsClient( 4523): unable to connect to service: com.google.android.gms.gservices.START on com.google.android.gms
03-11 10:01:17.616 I/ActivityManager( 1441): Flag disabled. Ignoring finishAttachApplication from uid: 10208. pid: 4523
03-11 10:01:17.632 I/android.hardware.health@2.1-service-samsung(  979): updateLrpSysfs: write: 351
03-11 10:01:17.664 V/ClearcutMetricXmitter(17241): Transmission is done.
03-11 10:01:17.665 V/ClearcutMetricXmitter(17241): Transmission is done.
03-11 10:01:17.712 I/FA-SVC  ( 4435): App measurement initialized, version: 260931
03-11 10:01:17.741 V/MediaPlayerWrapper(22660): onMetadataChanged() title:Eu Aposto, duration: 179000
03-11 10:01:17.742 V/MediaPlayerWrapper(22660): sendMediaUpdate(): Metadata has been updated for com.spotify.music
03-11 10:01:17.743 D/AudioCastManager(22660): setPlaybackStateForHost : 3
03-11 10:01:17.743 D/MediaPlayerList(22660): sendMediaUpdate state=PlaybackState {state=PLAYING(3), position=1527, buffered position=0, speed=1.0, updated=980346420, actions=3025843, custom actions=[Action:mName='Toggle shuffle, mIcon=2131233091, mExtras=Bundle[mParcelledData.dataSize=144], Action:mName='Add to collection, mIcon=2131233081, mExtras=Bundle[mParcelledData.dataSize=144], Action:mName='Start radio, mIcon=2131233092, mExtras=Bundle[mParcelledData.dataSize=144], Action:mName='Start repeating all tracks, mIcon=2131233083, mExtras=Bundle[mParcelledData.dataSize=144]], active item id=38, error=null}
03-11 10:01:17.744 V/MediaPlayerWrapper(22660): state: 3, pos: 1520, id: 38
03-11 10:01:17.744 V/MediaPlayerWrapper(22660): onPlaybackStateChanged(): com.spotify.music : PlaybackState {state=PLAYING(3), position=1520, buffered position=0, speed=1.0, updated=980346413, actions=3025843, custom actions=[Action:mName='Toggle shuffle, mIcon=2131233091, mExtras=Bundle[mParcelledData.dataSize=144], Action:mName='Add to collection, mIcon=2131233081, mExtras=Bundle[mParcelledData.dataSize=144], Action:mName='Start radio, mIcon=2131233092, mExtras=Bundle[mParcelledData.dataSize=144], Action:mName='Start repeating all tracks, mIcon=2131233083, mExtras=Bundle[mParcelledData.dataSize=144]], active item id=38, error=null}
03-11 10:01:17.746 V/MediaPlayerWrapper(22660): sendMediaUpdate(): Metadata has been updated for com.spotify.music
03-11 10:01:17.746 D/AudioCastManager(22660): setPlaybackStateForHost : 3
03-11 10:01:17.746 D/MediaPlayerList(22660): sendMediaUpdate state=PlaybackState {state=PLAYING(3), position=1530, buffered position=0, speed=1.0, updated=980346423, actions=3025843, custom actions=[Action:mName='Toggle shuffle, mIcon=2131233091, mExtras=Bundle[mParcelledData.dataSize=144], Action:mName='Add to collection, mIcon=2131233081, mExtras=Bundle[mParcelledData.dataSize=144], Action:mName='Start radio, mIcon=2131233092, mExtras=Bundle[mParcelledData.dataSize=144], Action:mName='Start repeating all tracks, mIcon=2131233083, mExtras=Bundle[mParcelledData.dataSize=144]], active item id=38, error=null}
03-11 10:01:17.773 I/SecurityComp10300302: SSLFNew(28265): createSocket
03-11 10:01:17.774 I/SecurityComp10300302: SSLFNew(28265): set default protocols
03-11 10:01:17.774 I/SecurityComp10300302: SSLFNew(28265): set default cipher
03-11 10:01:17.778 D/CompatibilityChangeReporter( 4435): Compat change id reported: 160794467; UID 10208; state: ENABLED
03-11 10:01:17.779 W/OkHttp  (28265): Android10Platform sethostname error
03-11 10:01:17.787 D/MediaDataManager( 2417): State updated outside of notification
03-11 10:01:17.788 D/FaceWidgetSeekBarViewModel_1( 2417): onPlaybackStateChanged : 3
03-11 10:01:17.788 D/FaceWidgetSeekBarViewModel_1( 2417): [START TIMER] Progress(enabled=true, seekAvailable=true, isPlaying = true, isScrubbing = false, elapsedTime=1527, duration=195000)
03-11 10:01:17.800 I/android.hardware.health@2.1-service-samsung(  979): updateLrpSysfs: write: 351
03-11 10:01:17.808 W/TracingHelper( 4435): No RequestContext found in the trace or trace not available. [CONTEXT service_id=259 ratelimit_count=1410065408 ]
03-11 10:01:17.889 I/SDHMS:LOAD( 5106): type: LoadsFreqs, value: 0:18:14:1693824:2400000:1056000:1693824:2400000:1056000:515:1114:320
03-11 10:01:17.943 I/android.hardware.health@2.1-service-samsung(  979): updateLrpSysfs: write: 351
03-11 10:01:17.959 W/adbd    (31551): timed out while waiting for FUNCTIONFS_BIND, trying again
03-11 10:01:17.959 I/adbd    (31551): UsbFfs: connection terminated: monitor thread finished
03-11 10:01:17.959 I/adbd    (31551): UsbFfs: already offline
03-11 10:01:17.959 I/adbd    (31551): destroying transport UsbFfs
03-11 10:01:17.959 I/adbd    (31551): UsbFfsConnection being destroyed
03-11 10:01:17.975 I/adbd    (31551): opening control endpoint /dev/usb-ffs/adb/ep0
03-11 10:01:17.976 I/adbd    (31551): UsbFfsConnection constructed
03-11 10:01:17.977 I/adbd    (31551): UsbFfs-monitor thread spawned
03-11 10:01:17.979 D/ActivityManager( 1441): force stop from com.android.server.am.ActivityManagerService.forceStopPackage:4564 com.android.server.am.ActivityManagerShellCommand.runForceStop:1726 
03-11 10:01:17.979 I/ActivityManager( 1441): Force stopping com.nortify.easync appid=10315 user=0: from pid 4580
03-11 10:01:17.986 I/ActivityManager( 1441): Killing 26709:com.nortify.easync/u0a315 (adj 0): stop com.nortify.easync due to from pid 4580
03-11 10:01:17.988 D/ActivityManager( 1441): proc ProcessRecord{d6ea2d9 26709:com.nortify.easync/u0a315} already removed. so we skip next process.
03-11 10:01:17.991 W/ActivityTaskManager( 1441): Force removing ActivityRecord{aefa2 u0 com.nortify.easync/com.example.easync.MainActivity t4455 f}}: app died, no saved state
