--------- beginning of main
03-11 10:00:48.696 D/WifiConnectivityMonitor.NetworkStatsAnalyzer( 1441): Backhaul result - RSSI:-57, CE:11, PE:18, TI:19, PTI:26, TW:8, PTW:1, Tx:185, Rx:155, TxS:122, RxS:97, RESULT:true, IC:0, ICT:5, WC:0, WCT:5, R:2, RC:0, IE:0, EC:0
03-11 10:00:48.709 W/fb4a.46A( 3758): creating VideoPerformanceTracking with event bus
--------- beginning of system
03-11 10:00:48.750 D/CompatibilityChangeReporter( 1441): Compat change id reported: 261072174; UID 10271; state: ENABLED
03-11 10:00:48.752 W/fb4a.AppComponentFactory( 3758): Instantiating Service
03-11 10:00:48.820 W/fb4a.HeroManager( 3758): mediaPreload.prefetchInternal : source: Type: DASH_VOD
03-11 10:00:48.820 W/fb4a.HeroManager( 3758): 	Id: 4388168188080428
03-11 10:00:48.820 W/fb4a.HeroManager( 3758): 	Uri: https://scontent.fpoa1-1.fna.fbcdn.net/o1/v/t2/f2/m412/AQP8uvBwy97Leti8Wpe0nCXUCVZJ5ghwjo0f_9xOh991gLEiZrK0mi6RuW-8dPpz0vyHiBdzfUd6lt1lBcvscGwv7OAXcvU8ekzCZ05uxg.mp4?_nc_cat=106&_nc_oc=AdkzX4Qf9ZlGC6GKpEpRKGarYFSPx-OP4QlEvrTUY0t_mYoCpR1tuoIRpb9d9e3C_Y1QQ_j81kqcXc1JCYqFUKjI&_nc_sid=8bf8fe&_nc_ht=scontent.fpoa1-1.fna.fbcdn.net&_nc_ohc=eRg6Cv01WSkQ7kNvwHE1FKB&efg=eyJ2ZW5jb2RlX3RhZyI6Inhwdl9wcm9ncmVzc2l2ZS5GQUNFQk9PSy4uQzMuMzYwLnN2ZV9zZCIsInhwdl9hc3NldF9pZCI6MTYyMDU0OTQzOTEwODQxOSwiYXNzZXRfYWdlX2RheXMiOjk1LCJ2aV91c2VjYXNlX2lkIjoxMDEzOSwiZHVyYXRpb25fcyI6NTQsInVybGdlbl9zb3VyY2UiOiJ3d3cifQ%3D%3D&ccb=17-1&_nc_ss=1a&_nc_zt=28&oh=00_Afwe2SKaWw8RTlJ4HT1LZDKSgoLAhZXo1DtTbQirGAbi1Q&oe=69B6FF88&bitrate=492929&tag=sve_sd
03-11 10:00:48.820 W/fb4a.HeroManager( 3758): 	Origin: FEED
03-11 10:00:48.820 W/fb4a.HeroManager( 3758): 	PrefetchOrigin: FEED
03-11 10:00:48.820 W/fb4a.HeroManager( 3758): 	DashMPD: 23585
03-11 10:00:48.820 W/fb4a.HeroManager( 3758): 	liveLatency: -1
03-11 10:00:48.820 W/fb4a.HeroManager( 3758): 	liveLatencyTolerance: -1
03-11 10:00:48.820 W/fb4a.HeroManager( 3758): 	isSpherical: false
03-11 10:00:48.820 W/fb4a.HeroManager( 3758): 	isSponsored: true
03-11 10:00:48.820 W/fb4a.HeroManager( 3758): 	isAdBreak: false
03-11 10:00:48.820 W/fb4a.HeroManager( 3758): 	isLiveTraceEnabled: false
03-11 10:00:48.820 W/fb4a.HeroManager( 3758): 	renderMode: AUDIO_VIDEO
03-11 10:00:48.820 W/fb4a.HeroManager( 3758): 	isBroadcast: false
03-11 10:00:48.820 W/fb4a.HeroManager( 3758): 	contentType: GENERAL
03-11 10:00:48.820 W/fb4a.HeroManager( 3758): 	isAudioDataListenerEnabled: false
03-11 10:00:48.820 W/fb4a.HeroManager( 3758): 	liveViewerCount: -1, type: DASH_VOD
03-11 10:00:48.828 I/android.hardware.health@2.1-service-samsung(  979): updateLrpSysfs: write: 349
03-11 10:00:48.838 W/VideoCapabilities( 3758): Unsupported mime image/vnd.android.heic
03-11 10:00:48.850 W/AudioCapabilities( 3758): Unsupported mime audio/x-ima
03-11 10:00:48.851 W/AudioCapabilities( 3758): Unsupported mime audio/mpeg-L1
03-11 10:00:48.851 W/AudioCapabilities( 3758): Unsupported mime audio/mpeg-L2
03-11 10:00:48.852 W/VideoCapabilities( 3758): Unsupported mime video/wvc1
03-11 10:00:48.852 W/VideoCapabilities( 3758): Unsupported mime video/x-ms-wmv
03-11 10:00:48.988 I/android.hardware.health@2.1-service-samsung(  979): updateLrpSysfs: write: 349
03-11 10:00:49.040 D/SemWifiUsabilityStatsMonitor( 1441): onWifiUsabilityStats - seqNum 77841, isSameBssidAndFreq true
03-11 10:00:49.041 I/SemWifiLinkQualityMonitor( 1441): Link stat: 1454 / 21 / 1.08 (90) / 390 / -57.0 || 100.0 : 390.00 / 0.5 : 0.92 / 0.55 : 0.01 / G (G) || 0.09 ms / 85.50 Mbps / N || 0 / N / 0 N / 0 Y
03-11 10:00:49.086 W/adbd    (31551): timed out while waiting for FUNCTIONFS_BIND, trying again
03-11 10:00:49.086 I/adbd    (31551): UsbFfs: connection terminated: monitor thread finished
03-11 10:00:49.086 I/adbd    (31551): UsbFfs: already offline
03-11 10:00:49.087 I/adbd    (31551): destroying transport UsbFfs
03-11 10:00:49.087 I/adbd    (31551): UsbFfsConnection being destroyed
03-11 10:00:49.103 I/adbd    (31551): opening control endpoint /dev/usb-ffs/adb/ep0
03-11 10:00:49.105 I/adbd    (31551): UsbFfsConnection constructed
03-11 10:00:49.107 I/adbd    (31551): UsbFfs-monitor thread spawned
03-11 10:00:49.145 I/bauth_FPBAuthService( 1505): pcf : 0x1012, 0 ,2 ,0 ,0 ,0 ,2, 8.0.0.3
03-11 10:00:49.145 I/bauth_FPBAuthService( 1505): thread id : 2, preenroll_flag : 0, nd cnt : 1, cso : 2, et : 0
03-11 10:00:49.145 I/bauth_FPBAuthService( 1505): FPBAuthService, 11458
03-11 10:00:49.177 I/android.hardware.health@2.1-service-samsung(  979): updateLrpSysfs: write: 349
03-11 10:00:49.249 W/MultiSignalANRDetectorLacrima( 3756): Pausing error state checks
03-11 10:00:49.270 D/HeadsetPhoneState(22660): onSignalStrengthsChanged : 1 to 2
03-11 10:00:49.270 D/HeadsetPhoneState(22660): sendDeviceStateChanged. mService=1 mSignal=2 mRoam=0 mBatteryCharge=4
03-11 10:00:49.271 I/bt_stack(22660): [INFO:rfc_port_fsm.cc(109)] rfc_port_sm_execute: BD_ADDR=xx:xx:xx:xx:77:be, PORT=20, STATE=4, EVENT=14
03-11 10:00:49.273 D/MobileSignalTransitionManager( 2417): updateSignalTransition
03-11 10:00:49.285 D/StatusBarIconController( 2417): ignoring old pipeline callbacks, because the new mobile icons are enabled
03-11 10:00:49.323 I/android.hardware.health@2.1-service-samsung(  979): updateLrpSysfs: write: 349
03-11 10:00:49.481 W/fb4a.MultiSignalANRDetectorLacrima( 3758): Pausing error state checks
03-11 10:00:49.491 I/android.hardware.health@2.1-service-samsung(  979): updateLrpSysfs: write: 349
03-11 10:00:49.604 W/IgMetaConfig( 3756): Could not obtain MC: not_user_session session=X.0XV@672483b
03-11 10:00:49.604 W/IgMetaConfig( 3756): java.lang.RuntimeException: Could not obtain MC, call-site will receive default values
03-11 10:00:49.604 W/IgMetaConfig( 3756): 	at X.0dT.A04(Unknown Source:4)
03-11 10:00:49.604 W/IgMetaConfig( 3756): 	at X.0dT.A03(Unknown Source:7)
03-11 10:00:49.604 W/IgMetaConfig( 3756): 	at X.0dT.A01(Unknown Source:2)
03-11 10:00:49.604 W/IgMetaConfig( 3756): 	at X.0hG.A00(Unknown Source:8)
03-11 10:00:49.604 W/IgMetaConfig( 3756): 	at X.0hG.A02(Unknown Source:7)
03-11 10:00:49.604 W/IgMetaConfig( 3756): 	at X.3tf.run(:7)
03-11 10:00:49.604 W/IgMetaConfig( 3756): 	at X.1qj.run(:25)
03-11 10:00:49.604 W/IgMetaConfig( 3756): 	at android.os.Handler.handleCallback(Handler.java:958)
03-11 10:00:49.604 W/IgMetaConfig( 3756): 	at android.os.Handler.dispatchMessage(Handler.java:99)
03-11 10:00:49.604 W/IgMetaConfig( 3756): 	at android.os.Looper.loopOnce(Looper.java:230)
03-11 10:00:49.604 W/IgMetaConfig( 3756): 	at android.os.Looper.loop(Looper.java:319)
03-11 10:00:49.604 W/IgMetaConfig( 3756): 	at android.os.HandlerThread.run(HandlerThread.java:67)
03-11 10:00:49.661 I/android.hardware.health@2.1-service-samsung(  979): updateLrpSysfs: write: 349
03-11 10:00:49.830 I/sensors-hal(  983): handle_sns_client_event:544, [0][179751] accel_sample [ 0.220, -0.102,  9.830] 980318401358873
03-11 10:00:49.832 I/android.hardware.health@2.1-service-samsung(  979): updateLrpSysfs: write: 349
03-11 10:00:49.847 I/system_server( 1441): Background concurrent copying GC freed 403075(20MB) AllocSpace objects, 236(4720KB) LOS objects, 14% free, 136MB/160MB, paused 661us,209us total 607.115ms
03-11 10:00:50.012 I/android.hardware.health@2.1-service-samsung(  979): updateLrpSysfs: write: 349
03-11 10:00:50.108 W/adbd    (31551): timed out while waiting for FUNCTIONFS_BIND, trying again
03-11 10:00:50.109 I/adbd    (31551): UsbFfs: connection terminated: monitor thread finished
03-11 10:00:50.109 I/adbd    (31551): UsbFfs: already offline
03-11 10:00:50.109 I/adbd    (31551): destroying transport UsbFfs
03-11 10:00:50.109 I/adbd    (31551): UsbFfsConnection being destroyed
03-11 10:00:50.128 I/adbd    (31551): opening control endpoint /dev/usb-ffs/adb/ep0
03-11 10:00:50.131 I/adbd    (31551): UsbFfsConnection constructed
03-11 10:00:50.134 I/adbd    (31551): UsbFfs-monitor thread spawned
03-11 10:00:50.150 I/bauth_FPBAuthService( 1505): pcf : 0x1012, 0 ,2 ,0 ,0 ,0 ,2, 8.0.0.3
03-11 10:00:50.151 I/bauth_FPBAuthService( 1505): thread id : 2, preenroll_flag : 0, nd cnt : 1, cso : 2, et : 0
03-11 10:00:50.151 I/bauth_FPBAuthService( 1505): FPBAuthService, 11458
03-11 10:00:50.164 I/SurfaceFlinger( 1161): SFWD update time=760107629743269
03-11 10:00:50.184 I/android.hardware.health@2.1-service-samsung(  979): updateLrpSysfs: write: 349
03-11 10:00:50.316 I/android.hardware.health@2.1-service-samsung(  979): updateLrpSysfs: write: 349
03-11 10:00:50.504 I/android.hardware.health@2.1-service-samsung(  979): updateLrpSysfs: write: 349
03-11 10:00:50.542 D/io_stats(  635): !@   8,0 r 414174436 11484118824 w 32091746 522782836 d 8995122 597022204 f 0 0 iot 97175916 0 th 0 0 0 pt 0 inp 0 0 760108.007
03-11 10:00:50.569 I/sensors-hal(  983): handle_sns_client_event:229, auto_rotation_event_2: mode:255, type:1:0/0.199,-0.084,9.846, ar:0
03-11 10:00:50.671 I/android.hardware.health@2.1-service-samsung(  979): updateLrpSysfs: write: 349
03-11 10:00:50.821 I/android.hardware.health@2.1-service-samsung(  979): updateLrpSysfs: write: 349
03-11 10:00:50.976 I/android.hardware.health@2.1-service-samsung(  979): updateLrpSysfs: write: 349
03-11 10:00:51.135 W/adbd    (31551): timed out while waiting for FUNCTIONFS_BIND, trying again
03-11 10:00:51.136 I/adbd    (31551): UsbFfs: connection terminated: monitor thread finished
03-11 10:00:51.136 I/adbd    (31551): UsbFfs: already offline
03-11 10:00:51.136 I/adbd    (31551): destroying transport UsbFfs
03-11 10:00:51.136 I/adbd    (31551): UsbFfsConnection being destroyed
03-11 10:00:51.152 I/adbd    (31551): opening control endpoint /dev/usb-ffs/adb/ep0
03-11 10:00:51.153 I/bauth_FPBAuthService( 1505): pcf : 0x1012, 0 ,2 ,0 ,0 ,0 ,2, 8.0.0.3
03-11 10:00:51.153 I/bauth_FPBAuthService( 1505): thread id : 2, preenroll_flag : 0, nd cnt : 1, cso : 2, et : 0
03-11 10:00:51.153 I/bauth_FPBAuthService( 1505): FPBAuthService, 11458
03-11 10:00:51.156 I/adbd    (31551): UsbFfsConnection constructed
03-11 10:00:51.160 I/adbd    (31551): UsbFfs-monitor thread spawned
03-11 10:00:51.170 I/android.hardware.health@2.1-service-samsung(  979): updateLrpSysfs: write: 349
03-11 10:00:51.304 I/android.hardware.health@2.1-service-samsung(  979): updateLrpSysfs: write: 349
03-11 10:00:51.483 I/android.hardware.health@2.1-service-samsung(  979): updateLrpSysfs: write: 349
03-11 10:00:51.576 I/wpa_supplicant(14058): Heartbeat 377
03-11 10:00:51.647 I/android.hardware.health@2.1-service-samsung(  979): updateLrpSysfs: write: 349
03-11 10:00:51.799 I/android.hardware.health@2.1-service-samsung(  979): updateLrpSysfs: write: 349
03-11 10:00:51.847 I/sensors-hal(  983): handle_sns_client_event:544, [0][179761] accel_sample [ 0.205, -0.102,  9.870] 980320418602831
03-11 10:00:51.941 I/bt_stack(22660): [INFO:rfc_port_fsm.cc(109)] rfc_port_sm_execute: BD_ADDR=xx:xx:xx:xx:77:be, PORT=20, STATE=4, EVENT=4
03-11 10:00:51.946 W/bta_ag_at(22660): packages/modules/Bluetooth/system/bta/ag/bta_ag_at.cc:166 bta_ag_process_at: Unmatched command index 28
03-11 10:00:51.983 I/android.hardware.health@2.1-service-samsung(  979): updateLrpSysfs: write: 349
03-11 10:00:51.991 I/bt_stack(22660): [INFO:rfc_port_fsm.cc(109)] rfc_port_sm_execute: BD_ADDR=xx:xx:xx:xx:77:be, PORT=20, STATE=4, EVENT=14
03-11 10:00:52.027 D/BluetoothRemoteDevices(22660): Received intent: Intent { act=android.bluetooth.headset.action.VENDOR_SPECIFIC_HEADSET_EVENT cat=[android.bluetooth.headset.intent.category.companyid.76] flg=0x1000010 (has extras) }
03-11 10:00:52.063 D/SemWifiUsabilityStatsMonitor( 1441): onWifiUsabilityStats - seqNum 77842, isSameBssidAndFreq true
03-11 10:00:52.112 I/android.hardware.health@2.1-service-samsung(  979): updateLrpSysfs: write: 349
03-11 10:00:52.153 I/bauth_FPBAuthService( 1505): pcf : 0x1012, 0 ,2 ,0 ,0 ,0 ,2, 8.0.0.3
03-11 10:00:52.154 I/bauth_FPBAuthService( 1505): thread id : 2, preenroll_flag : 0, nd cnt : 1, cso : 2, et : 0
03-11 10:00:52.154 I/bauth_FPBAuthService( 1505): FPBAuthService, 11458
03-11 10:00:52.162 W/adbd    (31551): timed out while waiting for FUNCTIONFS_BIND, trying again
03-11 10:00:52.162 I/adbd    (31551): UsbFfs: connection terminated: monitor thread finished
03-11 10:00:52.162 I/adbd    (31551): UsbFfs: already offline
03-11 10:00:52.162 I/adbd    (31551): destroying transport UsbFfs
03-11 10:00:52.162 I/adbd    (31551): UsbFfsConnection being destroyed
03-11 10:00:52.183 I/adbd    (31551): opening control endpoint /dev/usb-ffs/adb/ep0
03-11 10:00:52.185 I/adbd    (31551): UsbFfsConnection constructed
03-11 10:00:52.187 I/adbd    (31551): UsbFfs-monitor thread spawned
03-11 10:00:52.311 I/android.hardware.health@2.1-service-samsung(  979): updateLrpSysfs: write: 349
03-11 10:00:52.312 E/audit   (  853): type=1400 audit(1773234052.303:1744295): avc:  denied  { ioctl } for  pid=3758 comm="CombinedTP6" path="/data/data/com.facebook.katana/databases/ssus.100010606711976.android_facebook_newsfeed_db-journal" dev="dm-52" ino=1132873 ioctlcmd=0xf522 scontext=u:r:untrusted_app:s0:c15,c257,c512,c768 tcontext=u:object_r:app_data_file:s0:c15,c257,c512,c768 tclass=file permissive=0 SEPF_SM-A235M_12_0001 audit_filtered
03-11 10:00:52.313 E/audit   (  853): type=1300 audit(1773234052.303:1744295): arch=c00000b7 syscall=29 success=no exit=-13 a0=9f a1=f522 a2=1 a3=b595e18db0000000 items=0 ppid=876 pid=3758 auid=4294967295 uid=10271 gid=10271 euid=10271 suid=10271 fsuid=10271 egid=10271 sgid=10271 fsgid=10271 tty=(none) ses=4294967295 comm="CombinedTP6" exe="/system/bin/app_process64" subj=u:r:untrusted_app:s0:c15,c257,c512,c768 key=(null)
03-11 10:00:52.313 E/audit   (  853): type=1327 audit(1773234052.303:1744295): proctitle="com.facebook.katana"
03-11 10:00:52.330 E/audit   (  853): type=1400 audit(1773234052.323:1744296): avc:  denied  { ioctl } for  pid=3758 comm="CombinedTP9" path="/data/data/com.facebook.katana/databases/ssus.100010606711976.android_facebook_newsfeed_db-journal" dev="dm-52" ino=1132873 ioctlcmd=0xf522 scontext=u:r:untrusted_app:s0:c15,c257,c512,c768 tcontext=u:object_r:app_data_file:s0:c15,c257,c512,c768 tclass=file permissive=0 SEPF_SM-A235M_12_0001 audit_filtered
03-11 10:00:52.346 W/soft_error.cpp( 3758): [DGWClientConfig] : sgConnectTimeout: value 0 outside valid range [1, 120] <force_oncall:mi_client_infra:force_oncall>
03-11 10:00:52.346 W/soft_error.cpp( 3758): [DGWClientConfig] : sgPingTimeout: value 0 outside valid range [1, 60] <force_oncall:mi_client_infra:force_oncall>
03-11 10:00:52.347 W/soft_error.cpp( 3758): [DGWClientConfig] : tunnelConnectTimeout: value 0 outside valid range [1, 120] <force_oncall:mi_client_infra:force_oncall>
03-11 10:00:52.347 W/soft_error.cpp( 3758): [DGWClientConfig] : tunnelConnectAckTimeout: value 0 outside valid range [1, 120] <force_oncall:mi_client_infra:force_oncall>
03-11 10:00:52.372 D/CompatibilityChangeReporter( 3758): Compat change id reported: 194532703; UID 10271; state: ENABLED
03-11 10:00:52.373 D/CompatibilityChangeReporter( 3758): Compat change id reported: 253665015; UID 10271; state: ENABLED
03-11 10:00:52.376 D/CompatibilityChangeReporter( 1441): Compat change id reported: 253665015; UID 10271; state: ENABLED
03-11 10:00:52.380 D/CompatibilityChangeReporter( 1441): Compat change id reported: 194532703; UID 10271; state: ENABLED
03-11 10:00:52.445 I/android.hardware.health@2.1-service-samsung(  979): updateLrpSysfs: write: 349
03-11 10:00:52.543 D/io_stats(  635): !@   8,0 r 414175260 11484135156 w 32091746 522782836 d 8995122 597022204 f 0 0 iot 97176216 0 th 0 0 0 pt 0 inp 0 1 760110.008
03-11 10:00:52.616 I/android.hardware.health@2.1-service-samsung(  979): updateLrpSysfs: write: 349
03-11 10:00:52.677 W/facebook.katana( 3758): JNI RegisterNativeMethods: attempt to register 0 native methods for com.facebook.omnistore.OmnistoreCollectionFrontendHolder
03-11 10:00:52.769 I/android.hardware.health@2.1-service-samsung(  979): updateLrpSysfs: write: 349
03-11 10:00:52.795 D/ConnectivityManager( 3758): StackLog: [android.net.ConnectivityManager.sendRequestForNetwork(ConnectivityManager.java:4402)] [android.net.ConnectivityManager.registerDefaultNetworkCallbackForUid(ConnectivityManager.java:4966)] [android.net.ConnectivityManager.registerDefaultNetworkCallback(ConnectivityManager.java:4933)] [android.net.ConnectivityManager.registerDefaultNetworkCallback(ConnectivityManager.java:4907)] [com.facebook.presence.DefaultPresenceManager.init(Unknown Source:82)] [X.7Kn.run(Unknown Source:99)] [X.SQJ.A00(Unknown Source:19)] [X.1St.call(Unknown Source:48)] [java.util.concurrent.FutureTask.run(FutureTask.java:264)] [X.1Sb.run(Unknown Source:2)] [X.1Dz.run(Unknown Source:2)] [java.util.concurrent.ThreadPoolExecutor.runWorker(ThreadPoolExecutor.java:1145)] [java.util.concurrent.ThreadPoolExecutor$Worker.run(ThreadPoolExecutor.java:644)] [X.1E7.run(Unknown Source:3)] [X.1E8.run(Unknown Source:17)] [java.lang.Thread.run(Thread.java:1012)]
03-11 10:00:52.799 D/ConnectivityService( 1441): requestNetwork for uid/pid:10271/3758 activeRequest: null callbackRequest: 88786 [NetworkRequest [ REQUEST id=88787, [ Capabilities: INTERNET&NOT_RESTRICTED&TRUSTED&NOT_VCN_MANAGED Uid: 10271 RequestorUid: 10271 RequestorPkg: com.facebook.katana UnderlyingNetworks: Null] ]] callback flags: 0 order: 2147483647
03-11 10:00:52.801 D/ConnectivityService( 1441):    accepting network in place of null for NetworkRequest [ REQUEST id=88787, [ Capabilities: INTERNET&NOT_RESTRICTED&TRUSTED&NOT_VCN_MANAGED Uid: 10271 RequestorUid: 10271 RequestorPkg: com.facebook.katana UnderlyingNetworks: Null] ]
03-11 10:00:52.807 D/WifiNetworkFactory( 1441): got request NetworkRequest [ REQUEST id=88787, [ Capabilities: INTERNET&NOT_RESTRICTED&TRUSTED&NOT_VCN_MANAGED Uid: 10271 RequestorUid: 10271 RequestorPkg: com.facebook.katana UnderlyingNetworks: Null] ]
03-11 10:00:52.808 D/UntrustedWifiNetworkFactory( 1441): got request NetworkRequest [ REQUEST id=88787, [ Capabilities: INTERNET&NOT_RESTRICTED&TRUSTED&NOT_VCN_MANAGED Uid: 10271 RequestorUid: 10271 RequestorPkg: com.facebook.katana UnderlyingNetworks: Null] ]
03-11 10:00:52.808 D/OemPaidWifiNetworkFactory( 1441): got request NetworkRequest [ REQUEST id=88787, [ Capabilities: INTERNET&NOT_RESTRICTED&TRUSTED&NOT_VCN_MANAGED Uid: 10271 RequestorUid: 10271 RequestorPkg: com.facebook.katana UnderlyingNetworks: Null] ]
03-11 10:00:52.809 D/MultiInternetWifiNetworkFactory( 1441): got request NetworkRequest [ REQUEST id=88787, [ Capabilities: INTERNET&NOT_RESTRICTED&TRUSTED&NOT_VCN_MANAGED Uid: 10271 RequestorUid: 10271 RequestorPkg: com.facebook.katana UnderlyingNetworks: Null] ]
03-11 10:00:52.809 D/ConnectivityService( 1441): Rematched networks [computed 1ms] [applied 1ms] [issued 7]
03-11 10:00:52.809 D/ConnectivityService( 1441): NetworkReassignment :
03-11 10:00:52.809 D/ConnectivityService( 1441):   88787 : null → 1424
03-11 10:00:52.824 E/HiddenApis2( 3758): Failed to init DecodeJObjectFuncPtr
03-11 10:00:52.890 W/fb4a.Fixie/ActivityStackResetterFixer( 3758): Enable Activity Stack Resetter
03-11 10:00:52.947 I/android.hardware.health@2.1-service-samsung(  979): updateLrpSysfs: write: 349
03-11 10:00:52.970 I/AdrenoGLES-0( 3758): QUALCOMM build                   : a22bdbeed1, I9e7c613add
03-11 10:00:52.970 I/AdrenoGLES-0( 3758): Build Date                       : 06/04/25
03-11 10:00:52.970 I/AdrenoGLES-0( 3758): OpenGL ES Shader Compiler Version: EV031.32.02.17
03-11 10:00:52.970 I/AdrenoGLES-0( 3758): Local Branch                     : 
03-11 10:00:52.970 I/AdrenoGLES-0( 3758): Remote Branch                    : refs/tags/AU_LINUX_ANDROID_LA.UM.9.12.11.00.00.582.697
03-11 10:00:52.970 I/AdrenoGLES-0( 3758): Remote Branch                    : NONE
03-11 10:00:52.970 I/AdrenoGLES-0( 3758): Reconstruct Branch               : NOTHING
03-11 10:00:52.971 I/AdrenoGLES-0( 3758): Build Config                     : S P 10.0.7 AArch64
03-11 10:00:52.971 I/AdrenoGLES-0( 3758): Driver Path                      : /vendor/lib64/egl/libGLESv2_adreno.so
03-11 10:00:52.994 D/CompatibilityChangeReporter( 1441): Compat change id reported: 171306433; UID 10271; state: ENABLED
03-11 10:00:52.996 D/CompatibilityChangeReporter( 1441): Compat change id reported: 218533173; UID 10271; state: ENABLED
03-11 10:00:52.998 D/AlarmManager( 1441): BT=2, AT=3, WE=299993, WL=224994, uid=10271, pkg=com.facebook.katana, action=WakingExecutorService.ACTION_ALARM.com.facebook.katana.Mqtt_Wakeup
03-11 10:00:53.001 I/AdrenoGLES-0( 3758): PFP: 0x016ee197, ME: 0x00000000
03-11 10:00:53.045 W/fb4a.lacrima( 3758): FbErrorReportingConfig.postStartupInit
03-11 10:00:53.098 I/android.hardware.health@2.1-service-samsung(  979): updateLrpSysfs: write: 349
03-11 10:00:53.128 I/ACodec  ( 3758):  [] Now uninitialized
03-11 10:00:53.131 I/ACodec  ( 3758): [] onAllocateComponent
03-11 10:00:53.154 I/bauth_FPBAuthService( 1505): pcf : 0x1012, 0 ,2 ,0 ,0 ,0 ,2, 8.0.0.3
03-11 10:00:53.154 I/bauth_FPBAuthService( 1505): thread id : 2, preenroll_flag : 0, nd cnt : 1, cso : 2, et : 0
03-11 10:00:53.154 I/OMXClient( 3758): IOmx service obtained
03-11 10:00:53.154 I/bauth_FPBAuthService( 1505): FPBAuthService, 11458
03-11 10:00:53.158 I/OMXMaster( 1420): makeComponentInstance(OMX.qcom.video.decoder.avc) in android.hardwar process
03-11 10:00:53.163 E/fb4a.MobileConfigInit( 3758): MobileConfigDebug: endToEndConfigLevelConsistencyTests
03-11 10:00:53.168 D/PlatformConfig( 1420): getInstance: Enter
03-11 10:00:53.173 D/PlatformConfig( 1420): getConfigStoreBool: vpp/enable not found(4294967295)
03-11 10:00:53.181 D/PlatformConfig( 1420): getInstance: Enter
03-11 10:00:53.182 D/PlatformConfig( 1420): getInt32 Config name: vidc_dec_log_in value: 0
03-11 10:00:53.182 D/PlatformConfig( 1420): getInstance: Enter
03-11 10:00:53.182 D/PlatformConfig( 1420): getInt32 Config name: vidc_dec_log_out value: 0
03-11 10:00:53.182 D/PlatformConfig( 1420): getInstance: Enter
03-11 10:00:53.182 D/PlatformConfig( 1420): getInt32: Returning default
03-11 10:00:53.182 D/PlatformConfig( 1420): getInstance: Enter
03-11 10:00:53.182 D/PlatformConfig( 1420): getInt32: Returning default
03-11 10:00:53.182 D/PlatformConfig( 1420): getInstance: Enter
03-11 10:00:53.182 D/PlatformConfig( 1420): getInt32: Returning default
03-11 10:00:53.182 D/PlatformConfig( 1420): getInstance: Enter
03-11 10:00:53.182 D/PlatformConfig( 1420): getInt32: Returning default
03-11 10:00:53.182 D/PlatformConfig( 1420): getInstance: Enter
03-11 10:00:53.182 D/PlatformConfig( 1420): getInt32 Config name: vidc_disable_hdr value: 3
03-11 10:00:53.182 D/PlatformConfig( 1420): getInstance: Enter
03-11 10:00:53.182 D/PlatformConfig( 1420): getInt32: Returning default
03-11 10:00:53.183 I/OMX-VDEC-1080P( 1420): component_init: OMX.qcom.video.decoder.avc : fd=8
03-11 10:00:53.188 W/adbd    (31551): timed out while waiting for FUNCTIONFS_BIND, trying again
03-11 10:00:53.188 I/adbd    (31551): UsbFfs: connection terminated: monitor thread finished
03-11 10:00:53.189 I/adbd    (31551): UsbFfs: already offline
03-11 10:00:53.189 I/adbd    (31551): destroying transport UsbFfs
03-11 10:00:53.189 I/adbd    (31551): UsbFfsConnection being destroyed
03-11 10:00:53.191 D/PlatformConfig( 1420): getInstance: Enter
03-11 10:00:53.191 D/PlatformConfig( 1420): getInt32: Returning default
03-11 10:00:53.191 D/PlatformConfig( 1420): getInstance: Enter
03-11 10:00:53.191 D/PlatformConfig( 1420): getInt32: Returning default
03-11 10:00:53.191 I/OMX-VDEC-1080P( 1420): omx_vdec::component_init() success : fd=8
03-11 10:00:53.195 E/fb4a.AppState( 3758): Returning default for firstRunInfo
03-11 10:00:53.195 E/fb4a.AppState( 3758): Returning default for firstRunInfo
03-11 10:00:53.196 I/ACodec  ( 3758): [OMX.qcom.video.decoder.avc] Now Loaded
03-11 10:00:53.210 D/PackageManager( 1441): setEnabledSetting : userId = 0 packageName = com.facebook.katana cmp = com.facebook.ads.internal.ipc.AudienceNetworkRemoteService newState = 1 callingPackage = com.facebook.katana
03-11 10:00:53.211 D/ApplicationPolicy( 1441): getApplicationStateEnabled : pkg = com.facebook.katana userId : 0
03-11 10:00:53.212 I/adbd    (31551): opening control endpoint /dev/usb-ffs/adb/ep0
03-11 10:00:53.213 I/adbd    (31551): UsbFfsConnection constructed
03-11 10:00:53.214 D/ApplicationPolicy( 1441): getApplicationComponentState : pkg = com.facebook.katana userId : 0
03-11 10:00:53.215 I/OMX-VDEC-1080P( 1420): omx_vdec::component_deinit() complete
03-11 10:00:53.216 I/adbd    (31551): UsbFfs-monitor thread spawned
03-11 10:00:53.218 I/OMX-VDEC-1080P( 1420): Exit OMX vdec Destructor: fd=8
03-11 10:00:53.218 D/PackageManager( 1441): setEnabledSetting : userId = 0 packageName = com.facebook.katana cmp = com.facebook.ads.internal.ipc.AudienceNetworkExportedActivity newState = 1 callingPackage = com.facebook.katana
03-11 10:00:53.219 D/ApplicationPolicy( 1441): getApplicationStateEnabled : pkg = com.facebook.katana userId : 0
03-11 10:00:53.219 I/ACodec  ( 3758):  [OMX.qcom.video.decoder.avc] Now uninitialized
03-11 10:00:53.220 I/ACodec  ( 3758):  [] Now kWhatShutdownCompleted event : 8074
03-11 10:00:53.220 I/MediaCodec( 3758): Codec shutdown complete
03-11 10:00:53.221 D/ApplicationPolicy( 1441): getApplicationComponentState : pkg = com.facebook.katana userId : 0
03-11 10:00:53.223 D/PackageManager( 1441): setEnabledSetting : userId = 0 packageName = com.facebook.katana cmp = com.facebook.ads.internal.ipc.AudienceNetworkRemoteActivity newState = 1 callingPackage = com.facebook.katana
03-11 10:00:53.223 I/ACodec  ( 3758):  [] Now uninitialized
03-11 10:00:53.224 I/ACodec  ( 3758): [] onAllocateComponent
03-11 10:00:53.224 D/ApplicationPolicy( 1441): getApplicationStateEnabled : pkg = com.facebook.katana userId : 0
03-11 10:00:53.225 D/ApplicationPolicy( 1441): getApplicationComponentState : pkg = com.facebook.katana userId : 0
03-11 10:00:53.226 I/OMXClient( 3758): IOmx service obtained
03-11 10:00:53.226 I/OMXMaster( 1420): makeComponentInstance(OMX.qcom.video.decoder.avc) in android.hardwar process
03-11 10:00:53.227 D/PlatformConfig( 1420): getInstance: Enter
03-11 10:00:53.227 D/PlatformConfig( 1420): getConfigStoreBool: vpp/enable not found(4294967295)
03-11 10:00:53.229 D/PlatformConfig( 1420): getInstance: Enter
03-11 10:00:53.229 D/PlatformConfig( 1420): getInt32 Config name: vidc_dec_log_in value: 0
03-11 10:00:53.229 D/PlatformConfig( 1420): getInstance: Enter
03-11 10:00:53.229 D/PlatformConfig( 1420): getInt32 Config name: vidc_dec_log_out value: 0
03-11 10:00:53.229 D/PlatformConfig( 1420): getInstance: Enter
03-11 10:00:53.229 D/PlatformConfig( 1420): getInt32: Returning default
03-11 10:00:53.229 D/PlatformConfig( 1420): getInstance: Enter
03-11 10:00:53.229 D/PlatformConfig( 1420): getInt32: Returning default
03-11 10:00:53.229 D/PlatformConfig( 1420): getInstance: Enter
03-11 10:00:53.229 D/PlatformConfig( 1420): getInt32: Returning default
03-11 10:00:53.229 D/PlatformConfig( 1420): getInstance: Enter
03-11 10:00:53.229 D/PlatformConfig( 1420): getInt32: Returning default
03-11 10:00:53.229 D/PlatformConfig( 1420): getInstance: Enter
03-11 10:00:53.229 D/PlatformConfig( 1420): getInt32 Config name: vidc_disable_hdr value: 3
03-11 10:00:53.229 D/PlatformConfig( 1420): getInstance: Enter
03-11 10:00:53.229 D/PlatformConfig( 1420): getInt32: Returning default
03-11 10:00:53.230 I/OMX-VDEC-1080P( 1420): component_init: OMX.qcom.video.decoder.avc : fd=8
03-11 10:00:53.231 D/PlatformConfig( 1420): getInstance: Enter
03-11 10:00:53.232 D/PlatformConfig( 1420): getInt32: Returning default
03-11 10:00:53.232 D/PlatformConfig( 1420): getInstance: Enter
03-11 10:00:53.232 D/PlatformConfig( 1420): getInt32: Returning default
03-11 10:00:53.232 I/OMX-VDEC-1080P( 1420): omx_vdec::component_init() success : fd=8
03-11 10:00:53.233 I/ACodec  ( 3758): [OMX.qcom.video.decoder.avc] Now Loaded
03-11 10:00:53.249 I/CCodec  ( 3758): state->set(ALLOCATING)
03-11 10:00:53.249 I/CCodec  ( 3758): allocate(c2.android.aac.decoder)
03-11 10:00:53.257 I/Codec2Client( 3758): Available Codec2 services: "default" "software"
03-11 10:00:53.268 I/android.hardware.health@2.1-service-samsung(  979): updateLrpSysfs: write: 348
03-11 10:00:53.285 I/CCodec  ( 3758): setting up 'default' as default (vendor) store
03-11 10:00:53.340 I/CCodec  ( 3758): Created component [c2.android.aac.decoder]
03-11 10:00:53.340 I/CCodec  ( 3758): [c2.android.aac.decoder] state->set(ALLOCATED)
03-11 10:00:53.342 D/CCodecConfig( 3758): read media type: audio/mp4a-latm
03-11 10:00:53.348 D/ReflectedParamUpdater( 3758): extent() != 1 for single value type: algo.buffers.max-count.values
03-11 10:00:53.349 D/ReflectedParamUpdater( 3758): extent() != 1 for single value type: output.subscribed-indices.values
03-11 10:00:53.350 D/ReflectedParamUpdater( 3758): extent() != 1 for single value type: input.buffers.allocator-ids.values
03-11 10:00:53.351 D/ReflectedParamUpdater( 3758): extent() != 1 for single value type: output.buffers.allocator-ids.values
03-11 10:00:53.351 D/ReflectedParamUpdater( 3758): extent() != 1 for single value type: algo.buffers.allocator-ids.values
03-11 10:00:53.351 D/ReflectedParamUpdater( 3758): extent() != 1 for single value type: output.buffers.pool-ids.values
03-11 10:00:53.352 D/ReflectedParamUpdater( 3758): extent() != 1 for single value type: algo.buffers.pool-ids.values
03-11 10:00:53.366 I/CCodecConfig( 3758): query failed after returning 20 values (BAD_INDEX)
03-11 10:00:53.367 D/CCodecConfig( 3758): c2 config diff is Dict {
03-11 10:00:53.367 D/CCodecConfig( 3758):   c2::u32 coded.aac-packaging.value = 0
03-11 10:00:53.367 D/CCodecConfig( 3758):   c2::u32 coded.bitrate.value = 64000
03-11 10:00:53.367 D/CCodecConfig( 3758):   c2::u32 coded.pl.level = 0
03-11 10:00:53.367 D/CCodecConfig( 3758):   c2::u32 coded.pl.profile = 8192
03-11 10:00:53.367 D/CCodecConfig( 3758):   c2::i32 coding.drc.album-mode.value = 0
03-11 10:00:53.367 D/CCodecConfig( 3758):   c2::float coding.drc.attenuation-factor.value = 1
03-11 10:00:53.367 D/CCodecConfig( 3758):   c2::float coding.drc.boost-factor.value = 1
03-11 10:00:53.367 D/CCodecConfig( 3758):   c2::i32 coding.drc.compression-mode.value = 3
03-11 10:00:53.367 D/CCodecConfig( 3758):   c2::i32 coding.drc.effect-type.value = 3
03-11 10:00:53.367 D/CCodecConfig( 3758):   c2::float coding.drc.encoded-level.value = 0.25
03-11 10:00:53.367 D/CCodecConfig( 3758):   c2::float coding.drc.reference-level.value = -16
03-11 10:00:53.367 D/CCodecConfig( 3758):   c2::u32 input.buffers.max-size.value = 8192
03-11 10:00:53.367 D/CCodecConfig( 3758):   c2::u32 input.delay.value = 0
03-11 10:00:53.367 D/CCodecConfig( 3758):   string input.media-type.value = "audio/mp4a-latm"
03-11 10:00:53.367 D/CCodecConfig( 3758):   c2::u32 output.delay.value = 2
03-11 10:00:53.367 D/CCodecConfig( 3758):   c2::float output.drc.output-loudness.value = 0.25
03-11 10:00:53.367 D/CCodecConfig( 3758):   string output.media-type.value = "audio/raw"
03-11 10:00:53.367 D/CCodecConfig( 3758):   c2::u32 raw.channel-count.value = 1
03-11 10:00:53.367 D/CCodecConfig( 3758):   c2::u32 raw.channel-mask.value = 0
03-11 10:00:53.367 D/CCodecConfig( 3758):   c2::u32 raw.max-channel-count.value = 8
03-11 10:00:53.367 D/CCodecConfig( 3758):   c2::u32 raw.sample-rate.value = 44100
03-11 10:00:53.367 D/CCodecConfig( 3758): }
03-11 10:00:53.371 I/CCodec  ( 3758): [c2.android.aac.decoder] state->set(RELEASING)
03-11 10:00:53.373 I/CCodec  ( 3758): [c2.android.aac.decoder] state->set(RELEASED)
03-11 10:00:53.373 I/hw-BpHwBinder( 3758): onLastStrongRef automatically unlinking death recipients
03-11 10:00:53.374 I/hw-BpHwBinder( 1455): onLastStrongRef automatically unlinking death recipients
03-11 10:00:53.374 I/MediaCodec( 3758): Codec shutdown complete
03-11 10:00:53.377 I/CCodec  ( 3758): state->set(ALLOCATING)
03-11 10:00:53.377 I/CCodec  ( 3758): allocate(c2.android.aac.decoder)
03-11 10:00:53.381 I/CCodec  ( 3758): setting up 'default' as default (vendor) store
03-11 10:00:53.383 E/audit   (  853): type=1400 audit(1773234053.375:1744321): avc:  granted  { execute } for  pid=3758 comm="Analytics-Micro" path="/data/data/com.facebook.katana/lib-compressed/libfb_jpegturbo.so" dev="dm-52" ino=1113892 scontext=u:r:untrusted_app:s0:c15,c257,c512,c768 tcontext=u:object_r:app_data_file:s0:c15,c257,c512,c768 tclass=file SEPF_SM-A235M_12_0001 audit_filtered
03-11 10:00:53.383 E/audit   (  853): type=1300 audit(1773234053.375:1744321): arch=c00000b7 syscall=222 success=yes exit=510377590784 a0=76d4e00000 a1=2f350 a2=5 a3=12 items=0 ppid=876 pid=3758 auid=4294967295 uid=10271 gid=10271 euid=10271 suid=10271 fsuid=10271 egid=10271 sgid=10271 fsgid=10271 tty=(none) ses=4294967295 comm="Analytics-Micro" exe="/system/bin/app_process64" subj=u:r:untrusted_app:s0:c15,c257,c512,c768 key=(null)
03-11 10:00:53.383 E/audit   (  853): type=1327 audit(1773234053.375:1744321): proctitle="com.facebook.katana"
03-11 10:00:53.387 I/CCodec  ( 3758): Created component [c2.android.aac.decoder]
03-11 10:00:53.388 I/CCodec  ( 3758): [c2.android.aac.decoder] state->set(ALLOCATED)
03-11 10:00:53.388 D/CCodecConfig( 3758): read media type: audio/mp4a-latm
03-11 10:00:53.390 E/audit   (  853): type=1400 audit(1773234053.383:1744322): avc:  granted  { execute } for  pid=3758 comm="Analytics-Micro" path="/data/data/com.facebook.katana/lib-compressed/libscrollmerged.so" dev="dm-52" ino=1024515 scontext=u:r:untrusted_app:s0:c15,c257,c512,c768 tcontext=u:object_r:app_data_file:s0:c15,c257,c512,c768 tclass=file SEPF_SM-A235M_12_0001 audit_filtered
03-11 10:00:53.395 D/ReflectedParamUpdater( 3758): extent() != 1 for single value type: algo.buffers.max-count.values
03-11 10:00:53.396 D/ReflectedParamUpdater( 3758): extent() != 1 for single value type: output.subscribed-indices.values
03-11 10:00:53.396 D/ReflectedParamUpdater( 3758): extent() != 1 for single value type: input.buffers.allocator-ids.values
03-11 10:00:53.396 D/ReflectedParamUpdater( 3758): extent() != 1 for single value type: output.buffers.allocator-ids.values
03-11 10:00:53.397 D/ReflectedParamUpdater( 3758): extent() != 1 for single value type: algo.buffers.allocator-ids.values
03-11 10:00:53.397 D/ReflectedParamUpdater( 3758): extent() != 1 for single value type: output.buffers.pool-ids.values
03-11 10:00:53.397 D/ReflectedParamUpdater( 3758): extent() != 1 for single value type: algo.buffers.pool-ids.values
03-11 10:00:53.404 I/CCodecConfig( 3758): query failed after returning 20 values (BAD_INDEX)
03-11 10:00:53.404 D/CCodecConfig( 3758): c2 config diff is Dict {
03-11 10:00:53.404 D/CCodecConfig( 3758):   c2::u32 coded.aac-packaging.value = 0
03-11 10:00:53.404 D/CCodecConfig( 3758):   c2::u32 coded.bitrate.value = 64000
03-11 10:00:53.404 D/CCodecConfig( 3758):   c2::u32 coded.pl.level = 0
03-11 10:00:53.404 D/CCodecConfig( 3758):   c2::u32 coded.pl.profile = 8192
03-11 10:00:53.404 D/CCodecConfig( 3758):   c2::i32 coding.drc.album-mode.value = 0
03-11 10:00:53.404 D/CCodecConfig( 3758):   c2::float coding.drc.attenuation-factor.value = 1
03-11 10:00:53.404 D/CCodecConfig( 3758):   c2::float coding.drc.boost-factor.value = 1
03-11 10:00:53.404 D/CCodecConfig( 3758):   c2::i32 coding.drc.compression-mode.value = 3
03-11 10:00:53.404 D/CCodecConfig( 3758):   c2::i32 coding.drc.effect-type.value = 3
03-11 10:00:53.404 D/CCodecConfig( 3758):   c2::float coding.drc.encoded-level.value = 0.25
03-11 10:00:53.404 D/CCodecConfig( 3758):   c2::float coding.drc.reference-level.value = -16
03-11 10:00:53.404 D/CCodecConfig( 3758):   c2::u32 input.buffers.max-size.value = 8192
03-11 10:00:53.404 D/CCodecConfig( 3758):   c2::u32 input.delay.value = 0
03-11 10:00:53.404 D/CCodecConfig( 3758):   string input.media-type.value = "audio/mp4a-latm"
03-11 10:00:53.404 D/CCodecConfig( 3758):   c2::u32 output.delay.value = 2
03-11 10:00:53.404 D/CCodecConfig( 3758):   c2::float output.drc.output-loudness.value = 0.25
03-11 10:00:53.404 D/CCodecConfig( 3758):   string output.media-type.value = "audio/raw"
03-11 10:00:53.404 D/CCodecConfig( 3758):   c2::u32 raw.channel-count.value = 1
03-11 10:00:53.404 D/CCodecConfig( 3758):   c2::u32 raw.channel-mask.value = 0
03-11 10:00:53.404 D/CCodecConfig( 3758):   c2::u32 raw.max-channel-count.value = 8
03-11 10:00:53.404 D/CCodecConfig( 3758):   c2::u32 raw.sample-rate.value = 44100
03-11 10:00:53.404 D/CCodecConfig( 3758): }
03-11 10:00:53.412 W/OptimizationRunner( 3758): Using cached optimization plans for 2 configurations
03-11 10:00:53.412 W/ExperimentConfigurator( 3758): onAppStartFinished completed: 0 configs executed
03-11 10:00:53.423 E/fb4a.ColdstartExperimentsController( 3758): unable to set dex config
03-11 10:00:53.423 E/fb4a.ColdstartExperimentsController( 3758): java.lang.IllegalStateException: Main DexStore is null
03-11 10:00:53.423 E/fb4a.ColdstartExperimentsController( 3758): 	at com.facebook.common.dextricksdi.ColdstartExperimentsController.A00(Unknown Source:219)
03-11 10:00:53.423 E/fb4a.ColdstartExperimentsController( 3758): 	at com.facebook.common.dextricksdi.ColdstartExperimentsController.A01(Unknown Source:64)
03-11 10:00:53.423 E/fb4a.ColdstartExperimentsController( 3758): 	at X.7KS.A0N(Unknown Source:975)
03-11 10:00:53.423 E/fb4a.ColdstartExperimentsController( 3758): 	at X.7KS.A0P(Unknown Source:3)
03-11 10:00:53.423 E/fb4a.ColdstartExperimentsController( 3758): 	at X.7KS.A16(Unknown Source:3)
03-11 10:00:53.423 E/fb4a.ColdstartExperimentsController( 3758): 	at X.2Eg.run(Unknown Source:421)
03-11 10:00:53.423 E/fb4a.ColdstartExperimentsController( 3758): 	at X.2Ec.call(Unknown Source:245)
03-11 10:00:53.423 E/fb4a.ColdstartExperimentsController( 3758): 	at java.util.concurrent.FutureTask.run(FutureTask.java:264)
03-11 10:00:53.423 E/fb4a.ColdstartExperimentsController( 3758): 	at X.SQJ.A00(Unknown Source:19)
03-11 10:00:53.423 E/fb4a.ColdstartExperimentsController( 3758): 	at X.1St.call(Unknown Source:48)
03-11 10:00:53.423 E/fb4a.ColdstartExperimentsController( 3758): 	at java.util.concurrent.FutureTask.run(FutureTask.java:264)
03-11 10:00:53.423 E/fb4a.ColdstartExperimentsController( 3758): 	at X.1Sb.run(Unknown Source:2)
03-11 10:00:53.423 E/fb4a.ColdstartExperimentsController( 3758): 	at X.1Dz.run(Unknown Source:2)
03-11 10:00:53.423 E/fb4a.ColdstartExperimentsController( 3758): 	at java.util.concurrent.ThreadPoolExecutor.runWorker(ThreadPoolExecutor.java:1145)
03-11 10:00:53.423 E/fb4a.ColdstartExperimentsController( 3758): 	at java.util.concurrent.ThreadPoolExecutor$Worker.run(ThreadPoolExecutor.java:644)
03-11 10:00:53.423 E/fb4a.ColdstartExperimentsController( 3758): 	at X.1E7.run(Unknown Source:3)
03-11 10:00:53.423 E/fb4a.ColdstartExperimentsController( 3758): 	at X.1E8.run(Unknown Source:17)
03-11 10:00:53.423 E/fb4a.ColdstartExperimentsController( 3758): 	at java.lang.Thread.run(Thread.java:1012)
03-11 10:00:53.436 I/android.hardware.health@2.1-service-samsung(  979): updateLrpSysfs: write: 348
03-11 10:00:53.476 D/PackageManager( 1441): setEnabledSetting : userId = 0 packageName = com.facebook.katana cmp = com.facebook.composer.shareintent.ImplicitShareIntentHandlerDefaultAlias newState = 1 callingPackage = com.facebook.katana
03-11 10:00:53.477 D/ApplicationPolicy( 1441): getApplicationStateEnabled : pkg = com.facebook.katana userId : 0
03-11 10:00:53.478 D/ApplicationPolicy( 1441): getApplicationComponentState : pkg = com.facebook.katana userId : 0
03-11 10:00:53.480 D/PackageManager( 1441): setEnabledSetting : userId = 0 packageName = com.facebook.katana cmp = com.facebook.composer.shareintent.AddToStoryAlias newState = 1 callingPackage = com.facebook.katana
03-11 10:00:53.481 D/ApplicationPolicy( 1441): getApplicationStateEnabled : pkg = com.facebook.katana userId : 0
03-11 10:00:53.482 D/ApplicationPolicy( 1441): getApplicationComponentState : pkg = com.facebook.katana userId : 0
03-11 10:00:53.484 D/PackageManager( 1441): setEnabledSetting : userId = 0 packageName = com.facebook.katana cmp = com.facebook.composer.shareintent.ShareToGroupsAlias newState = 1 callingPackage = com.facebook.katana
03-11 10:00:53.484 D/ApplicationPolicy( 1441): getApplicationStateEnabled : pkg = com.facebook.katana userId : 0
03-11 10:00:53.485 D/ApplicationPolicy( 1441): getApplicationComponentState : pkg = com.facebook.katana userId : 0
03-11 10:00:53.488 D/PackageManager( 1441): setEnabledSetting : userId = 0 packageName = com.facebook.katana cmp = com.facebook.composer.shareintent.ShareToGroupsDisableSinglePhotoAlias newState = 2 callingPackage = com.facebook.katana
03-11 10:00:53.496 W/fb4a.ServiceInfoParser( 3758): X.4QM: Service com.facebook.browser.lite.BrowserLiteInMainProcessIntentService is missing meta key com.facebook.common.jobscheduler.compat.jobIds
03-11 10:00:53.496 W/fb4a.ServiceInfoParser( 3758): X.4QM: Service com.facebook.businessintegrity.cloakingdetection.service.CloakingDetectionService is missing meta key com.facebook.common.jobscheduler.compat.jobIds
03-11 10:00:53.497 W/fb4a.ServiceInfoParser( 3758): X.4QM: Service com.facebook.contacts.service.ContactLocaleChangeService is missing meta key com.facebook.common.jobscheduler.compat.jobIds
03-11 10:00:53.497 W/fb4a.ServiceInfoParser( 3758): X.4QM: Service com.facebook.falco.jobscheduler.FFJobService is missing meta key com.facebook.common.jobscheduler.compat.jobIds
03-11 10:00:53.497 W/fb4a.ServiceInfoParser( 3758): X.4QM: Service com.facebook.registration.notification.RegistrationNotificationService is missing meta key com.facebook.common.jobscheduler.compat.jobIds
03-11 10:00:53.497 W/fb4a.ServiceInfoParser( 3758): X.4QM: Service com.facebook.notifications.appwidget.bugreporter.NotificationsWidgetDebugHelper is missing meta key com.facebook.common.jobscheduler.compat.jobIds
03-11 10:00:53.497 W/fb4a.ServiceInfoParser( 3758): X.4QM: Service com.facebook.account.login.notification.LoginNotificationService is missing meta key com.facebook.common.jobscheduler.compat.jobIds
03-11 10:00:53.497 W/fb4a.ServiceInfoParser( 3758): X.4QM: Service com.facebook.compost.service.CompostNotificationService is missing meta key com.facebook.common.jobscheduler.compat.jobIds
03-11 10:00:53.497 W/fb4a.ServiceInfoParser( 3758): X.4QM: Service com.facebook.battery.monitor.ContinuousBatteryMonitorService is missing meta key com.facebook.common.jobscheduler.compat.jobIds
03-11 10:00:53.497 W/fb4a.ServiceInfoParser( 3758): X.4QM: Service com.facebook.googleplay.GooglePlayInstallRefererService is missing meta key com.facebook.common.jobscheduler.compat.jobIds
03-11 10:00:53.498 W/fb4a.ServiceInfoParser( 3758): X.4QM: Service com.facebook.glc.GLCService is missing meta key com.facebook.common.jobscheduler.compat.jobIds
03-11 10:00:53.498 W/fb4a.ServiceInfoParser( 3758): X.4QM: Service com.facebook.papaya.fb.client.services.FBPapayaJobService is missing meta key com.facebook.common.jobscheduler.compat.jobIds
03-11 10:00:53.498 W/fb4a.ServiceInfoParser( 3758): X.4QM: Service com.google.android.datatransport.runtime.scheduling.jobscheduling.JobInfoSchedulerService is missing meta key com.facebook.common.jobscheduler.compat.jobIds
03-11 10:00:53.498 W/fb4a.ServiceInfoParser( 3758): X.4QM: Service com.facebook.push.fcm.FcmRegistrarFbJobIntentService is missing meta key com.facebook.common.jobscheduler.compat.jobIds
03-11 10:00:53.499 W/fb4a.ServiceInfoParser( 3758): X.4QM: Service com.facebook.push.fbpushdata.common.FbPushDataHandlerService is missing meta key com.facebook.common.jobscheduler.compat.jobIds
03-11 10:00:53.499 W/fb4a.ServiceInfoParser( 3758): X.4QM: Service com.facebook.conditionalworker.ConditionalWorkerService is missing meta key com.facebook.common.jobscheduler.compat.jobIds
03-11 10:00:53.500 W/fb4a.ServiceInfoParser( 3758): X.4QM: Service com.facebook.messaging.notify.client.MessagesNotificationService is missing meta key com.facebook.common.jobscheduler.compat.jobIds
03-11 10:00:53.500 W/fb4a.ServiceInfoParser( 3758): X.4QM: Service com.facebook.confirmation.notification.ConfirmationNotificationService is missing meta key com.facebook.common.jobscheduler.compat.jobIds
03-11 10:00:53.500 W/fb4a.ServiceInfoParser( 3758): X.4QM: Service com.facebook.voltron.download.scheduledinstaller.OxygenScheduledInstallerJobService is missing meta key com.facebook.common.jobscheduler.compat.jobIds
03-11 10:00:53.500 W/fb4a.ServiceInfoParser( 3758): X.4QM: Service com.facebook.messaging.prefs.notifications.NotificationPrefsSyncService is missing meta key com.facebook.common.jobscheduler.compat.jobIds
03-11 10:00:53.500 W/fb4a.ServiceInfoParser( 3758): X.4QM: Service com.facebook.push.adm.ADMService is missing meta key com.facebook.common.jobscheduler.compat.jobIds
03-11 10:00:53.500 W/fb4a.ServiceInfoParser( 3758): X.4QM: Service com.facebook.push.adm.ADMBroadcastReceiverJobBase is missing meta key com.facebook.common.jobscheduler.compat.jobIds
03-11 10:00:53.501 W/fb4a.ServiceInfoParser( 3758): X.4QM: Service com.facebook.push.adm.ADMJobIntentService is missing meta key com.facebook.common.jobscheduler.compat.jobIds
03-11 10:00:53.501 W/fb4a.ServiceInfoParser( 3758): X.4QM: Service com.facebook.push.negativefeedback.PushNegativeFeedbackFbJobIntentService is missing meta key com.facebook.common.jobscheduler.compat.jobIds
03-11 10:00:53.501 W/fb4a.ServiceInfoParser( 3758): X.4QM: Service com.facebook.push.registration.RegistrarHelperService is missing meta key com.facebook.common.jobscheduler.compat.jobIds
03-11 10:00:53.502 W/fb4a.ServiceInfoParser( 3758): X.4QM: Service com.facebook.feed.platformads.AppInstallService is missing meta key com.facebook.common.jobscheduler.compat.jobIds
03-11 10:00:53.502 W/fb4a.ServiceInfoParser( 3758): X.4QM: Service com.google.android.gms.analytics.AnalyticsJobService is missing meta key com.facebook.common.jobscheduler.compat.jobIds
03-11 10:00:53.502 W/fb4a.ServiceInfoParser( 3758): X.4QM: Service com.facebook.oxygen.preloads.sdk.firstparty.managedappcache.IsManagedAppCacheJobService is missing meta key com.facebook.common.jobscheduler.compat.jobIds
03-11 10:00:53.503 W/fb4a.ServiceInfoParser( 3758): X.4QM: Service com.facebook.videolite.api.VideoUploadJobService is missing meta key com.facebook.common.jobscheduler.compat.jobIds
03-11 10:00:53.503 W/fb4a.ServiceInfoParser( 3758): X.4QM: Service com.facebook.videolite.api.jobscheduler.UploadJobSchedulerService is missing meta key com.facebook.common.jobscheduler.compat.jobIds
03-11 10:00:53.503 W/fb4a.ServiceInfoParser( 3758): X.4QM: Service androidx.work.impl.background.systemjob.SystemJobService is missing meta key com.facebook.common.jobscheduler.compat.jobIds
03-11 10:00:53.503 W/fb4a.ServiceInfoParser( 3758): X.4QM: Service com.facebook.push.mqtt.service.MqttPushHelperService is missing meta key com.facebook.common.jobscheduler.compat.jobIds
03-11 10:00:53.504 W/fb4a.ServiceInfoParser( 3758): X.4QM: Service com.facebook.reportaproblem.base.bugreport.BugReportUploadService is missing meta key com.facebook.common.jobscheduler.compat.jobIds
03-11 10:00:53.504 W/fb4a.ServiceInfoParser( 3758): X.4QM: Service com.facebook.appcomponentmanager.AppComponentManagerService is missing meta key com.facebook.common.jobscheduler.compat.jobIds
03-11 10:00:53.504 W/fb4a.ServiceInfoParser( 3758): X.4QM: Service com.facebook.fbservice.service.BlueServiceJobIntentService is missing meta key com.facebook.common.jobscheduler.compat.jobIds
03-11 10:00:53.504 W/fb4a.ServiceInfoParser( 3758): X.4QM: Service com.facebook.delayedworker.DelayedWorkerService is missing meta key com.facebook.common.jobscheduler.compat.jobIds
03-11 10:00:53.504 W/fb4a.ServiceInfoParser( 3758): X.4QM: Service com.facebook.analytics2.logger.service.LollipopUploadSafeService is missing meta key com.facebook.common.jobscheduler.compat.jobIds
03-11 10:00:53.505 W/fb4a.ServiceInfoParser( 3758): X.4QM: Service com.facebook.analytics2.logger.legacy.uploader.LollipopUploadService is missing meta key com.facebook.common.jobscheduler.compat.jobIds
03-11 10:00:53.505 W/fb4a.ServiceInfoParser( 3758): X.4QM: Service com.facebook.analytics2.logger.legacy.uploader.Analytics2UploadService is missing meta key com.facebook.common.jobscheduler.compat.jobIds
03-11 10:00:53.520 I/NearbyMediums(27359): No BLE Fast/GATT advertisements found in the latest cycle.
03-11 10:00:53.521 I/NearbyMediums(27359): Current Tracked Scanning Clients are : {NearbyConnections.EnvironmentMonitor, NearbySharing, NearbyConnections.TxAdvertisement}
03-11 10:00:53.573 D/PackageManager( 1441): setEnabledSetting : userId = 0 packageName = com.facebook.katana cmp = com.facebook.fbpay.w3c.ipc.IsReadyToPayServiceImpl newState = 1 callingPackage = com.facebook.katana
03-11 10:00:53.574 D/ApplicationPolicy( 1441): getApplicationStateEnabled : pkg = com.facebook.katana userId : 0
03-11 10:00:53.575 D/ApplicationPolicy( 1441): getApplicationComponentState : pkg = com.facebook.katana userId : 0
03-11 10:00:53.577 D/PackageManager( 1441): setEnabledSetting : userId = 0 packageName = com.facebook.katana cmp = com.facebook.fbpay.w3c.ipc.FBPaymentServiceImpl newState = 1 callingPackage = com.facebook.katana
03-11 10:00:53.578 D/ApplicationPolicy( 1441): getApplicationStateEnabled : pkg = com.facebook.katana userId : 0
03-11 10:00:53.578 D/ApplicationPolicy( 1441): getApplicationComponentState : pkg = com.facebook.katana userId : 0
03-11 10:00:53.580 D/PackageManager( 1441): setEnabledSetting : userId = 0 packageName = com.facebook.katana cmp = com.facebook.fbpay.w3c.views.PaymentActivity newState = 1 callingPackage = com.facebook.katana
03-11 10:00:53.581 D/ApplicationPolicy( 1441): getApplicationStateEnabled : pkg = com.facebook.katana userId : 0
03-11 10:00:53.582 D/ApplicationPolicy( 1441): getApplicationComponentState : pkg = com.facebook.katana userId : 0
03-11 10:00:53.591 I/android.hardware.health@2.1-service-samsung(  979): updateLrpSysfs: write: 348
03-11 10:00:53.628 E/fb4a.AppState( 3758): Returning default for firstRunInfo
03-11 10:00:53.633 E/fb4a.AppState( 3758): Returning default for firstRunInfo
03-11 10:00:53.648 E/fb4a.AppState( 3758): Returning default for firstRunInfo
